Archive member included to satisfy reference by file (symbol)

c:/program files (x86)/atmel/studio/7.0/toolchain/avr8/avr8-gnu-toolchain/bin/../lib/gcc/avr/5.4.0/../../../../avr/lib/avr51\libm.a(divsf3.o)
                              main.o (__divsf3)
c:/program files (x86)/atmel/studio/7.0/toolchain/avr8/avr8-gnu-toolchain/bin/../lib/gcc/avr/5.4.0/../../../../avr/lib/avr51\libm.a(divsf3x.o)
                              c:/program files (x86)/atmel/studio/7.0/toolchain/avr8/avr8-gnu-toolchain/bin/../lib/gcc/avr/5.4.0/../../../../avr/lib/avr51\libm.a(divsf3.o) (__divsf3x)
c:/program files (x86)/atmel/studio/7.0/toolchain/avr8/avr8-gnu-toolchain/bin/../lib/gcc/avr/5.4.0/../../../../avr/lib/avr51\libm.a(floatsisf.o)
                              main.o (__floatunsisf)
c:/program files (x86)/atmel/studio/7.0/toolchain/avr8/avr8-gnu-toolchain/bin/../lib/gcc/avr/5.4.0/../../../../avr/lib/avr51\libm.a(fp_inf.o)
                              c:/program files (x86)/atmel/studio/7.0/toolchain/avr8/avr8-gnu-toolchain/bin/../lib/gcc/avr/5.4.0/../../../../avr/lib/avr51\libm.a(divsf3x.o) (__fp_inf)
c:/program files (x86)/atmel/studio/7.0/toolchain/avr8/avr8-gnu-toolchain/bin/../lib/gcc/avr/5.4.0/../../../../avr/lib/avr51\libm.a(fp_nan.o)
                              c:/program files (x86)/atmel/studio/7.0/toolchain/avr8/avr8-gnu-toolchain/bin/../lib/gcc/avr/5.4.0/../../../../avr/lib/avr51\libm.a(divsf3x.o) (__fp_nan)
c:/program files (x86)/atmel/studio/7.0/toolchain/avr8/avr8-gnu-toolchain/bin/../lib/gcc/avr/5.4.0/../../../../avr/lib/avr51\libm.a(fp_pscA.o)
                              c:/program files (x86)/atmel/studio/7.0/toolchain/avr8/avr8-gnu-toolchain/bin/../lib/gcc/avr/5.4.0/../../../../avr/lib/avr51\libm.a(divsf3x.o) (__fp_pscA)
c:/program files (x86)/atmel/studio/7.0/toolchain/avr8/avr8-gnu-toolchain/bin/../lib/gcc/avr/5.4.0/../../../../avr/lib/avr51\libm.a(fp_pscB.o)
                              c:/program files (x86)/atmel/studio/7.0/toolchain/avr8/avr8-gnu-toolchain/bin/../lib/gcc/avr/5.4.0/../../../../avr/lib/avr51\libm.a(divsf3x.o) (__fp_pscB)
c:/program files (x86)/atmel/studio/7.0/toolchain/avr8/avr8-gnu-toolchain/bin/../lib/gcc/avr/5.4.0/../../../../avr/lib/avr51\libm.a(fp_round.o)
                              c:/program files (x86)/atmel/studio/7.0/toolchain/avr8/avr8-gnu-toolchain/bin/../lib/gcc/avr/5.4.0/../../../../avr/lib/avr51\libm.a(divsf3.o) (__fp_round)
c:/program files (x86)/atmel/studio/7.0/toolchain/avr8/avr8-gnu-toolchain/bin/../lib/gcc/avr/5.4.0/../../../../avr/lib/avr51\libm.a(fp_split3.o)
                              c:/program files (x86)/atmel/studio/7.0/toolchain/avr8/avr8-gnu-toolchain/bin/../lib/gcc/avr/5.4.0/../../../../avr/lib/avr51\libm.a(divsf3x.o) (__fp_split3)
c:/program files (x86)/atmel/studio/7.0/toolchain/avr8/avr8-gnu-toolchain/bin/../lib/gcc/avr/5.4.0/../../../../avr/lib/avr51\libm.a(fp_zero.o)
                              c:/program files (x86)/atmel/studio/7.0/toolchain/avr8/avr8-gnu-toolchain/bin/../lib/gcc/avr/5.4.0/../../../../avr/lib/avr51\libm.a(divsf3x.o) (__fp_szero)
c:/program files (x86)/atmel/studio/7.0/toolchain/avr8/avr8-gnu-toolchain/bin/../lib/gcc/avr/5.4.0/../../../../avr/lib/avr51\libm.a(gesf2.o)
                              main.o (__gtsf2)
c:/program files (x86)/atmel/studio/7.0/toolchain/avr8/avr8-gnu-toolchain/bin/../lib/gcc/avr/5.4.0/../../../../avr/lib/avr51\libm.a(mulsf3.o)
                              main.o (__mulsf3)
c:/program files (x86)/atmel/studio/7.0/toolchain/avr8/avr8-gnu-toolchain/bin/../lib/gcc/avr/5.4.0/../../../../avr/lib/avr51\libm.a(mulsf3x.o)
                              c:/program files (x86)/atmel/studio/7.0/toolchain/avr8/avr8-gnu-toolchain/bin/../lib/gcc/avr/5.4.0/../../../../avr/lib/avr51\libm.a(mulsf3.o) (__mulsf3x)
c:/program files (x86)/atmel/studio/7.0/toolchain/avr8/avr8-gnu-toolchain/bin/../lib/gcc/avr/5.4.0/../../../../avr/lib/avr51\libm.a(fp_cmp.o)
                              c:/program files (x86)/atmel/studio/7.0/toolchain/avr8/avr8-gnu-toolchain/bin/../lib/gcc/avr/5.4.0/../../../../avr/lib/avr51\libm.a(gesf2.o) (__fp_cmp)
c:/program files (x86)/atmel/studio/7.0/toolchain/avr8/avr8-gnu-toolchain/bin/../lib/gcc/avr/5.4.0/avr51\libgcc.a(_udivmodqi4.o)
                              nokia5110.o (__udivmodqi4)
c:/program files (x86)/atmel/studio/7.0/toolchain/avr8/avr8-gnu-toolchain/bin/../lib/gcc/avr/5.4.0/avr51\libgcc.a(_exit.o)
                              C:/Program Files (x86)/Atmel/Studio/7.0/Packs/atmel/ATmega_DFP/1.2.150/gcc/dev/atmega1284/avr51/crtatmega1284.o (exit)
c:/program files (x86)/atmel/studio/7.0/toolchain/avr8/avr8-gnu-toolchain/bin/../lib/gcc/avr/5.4.0/avr51\libgcc.a(_tablejump2.o)
                              main.o (__tablejump2__)
c:/program files (x86)/atmel/studio/7.0/toolchain/avr8/avr8-gnu-toolchain/bin/../lib/gcc/avr/5.4.0/avr51\libgcc.a(_copy_data.o)
                              main.o (__do_copy_data)
c:/program files (x86)/atmel/studio/7.0/toolchain/avr8/avr8-gnu-toolchain/bin/../lib/gcc/avr/5.4.0/avr51\libgcc.a(_clear_bss.o)
                              croutine.o (__do_clear_bss)
c:/program files (x86)/atmel/studio/7.0/toolchain/avr8/avr8-gnu-toolchain/bin/../lib/gcc/avr/5.4.0/avr51\libgcc.a(_umulhisi3.o)
                              main.o (__umulhisi3)
c:/program files (x86)/atmel/studio/7.0/toolchain/avr8/avr8-gnu-toolchain/bin/../lib/gcc/avr/5.4.0/../../../../avr/lib/avr51\libc.a(memcpy.o)
                              queue.o (memcpy)
c:/program files (x86)/atmel/studio/7.0/toolchain/avr8/avr8-gnu-toolchain/bin/../lib/gcc/avr/5.4.0/../../../../avr/lib/avr51\libc.a(memset.o)
                              tasks.o (memset)
c:/program files (x86)/atmel/studio/7.0/toolchain/avr8/avr8-gnu-toolchain/bin/../lib/gcc/avr/5.4.0/../../../../avr/lib/avr51\libc.a(strncpy.o)
                              main.o (strncpy)

Allocating common symbols
Common symbol       size              file

system_init         0x1               main.o
auto_lock_key_door  0x1               main.o
user_verify_state   0x1               main.o
adduser_state       0x1               main.o
add_drink_state     0x1               main.o
replace_drink_state
                    0x1               main.o
auto_lock_liquor_door
                    0x1               main.o
removeusers         0x1               main.o
pushed_key_ANP      0x1               main.o
main_menu_init      0x1               main.o
get_key_state       0x1               main.o
get_drink_state     0x1               main.o
tmp_pressed_key     0x1               main.o
mainmenu_state      0x1               main.o

Discarded input sections

 .data          0x00000000        0x0 C:/Program Files (x86)/Atmel/Studio/7.0/Packs/atmel/ATmega_DFP/1.2.150/gcc/dev/atmega1284/avr51/crtatmega1284.o
 .bss           0x00000000        0x0 C:/Program Files (x86)/Atmel/Studio/7.0/Packs/atmel/ATmega_DFP/1.2.150/gcc/dev/atmega1284/avr51/crtatmega1284.o
 .text          0x00000000        0x0 croutine.o
 .data          0x00000000        0x0 croutine.o
 .bss           0x00000000        0x0 croutine.o
 .text.xCoRoutineCreate
                0x00000000       0xf0 croutine.o
 .text.vCoRoutineAddToDelayedList
                0x00000000       0x86 croutine.o
 .text.vCoRoutineSchedule
                0x00000000      0x274 croutine.o
 .text.xCoRoutineRemoveFromEventList
                0x00000000       0x4a croutine.o
 .bss.xPassedTicks
                0x00000000        0x2 croutine.o
 .bss.xLastTickCount
                0x00000000        0x2 croutine.o
 .bss.xCoRoutineTickCount
                0x00000000        0x2 croutine.o
 .bss.uxTopCoRoutineReadyPriority
                0x00000000        0x1 croutine.o
 .bss.pxCurrentCoRoutine
                0x00000000        0x2 croutine.o
 .bss.xPendingReadyCoRoutineList
                0x00000000        0x9 croutine.o
 .bss.pxOverflowDelayedCoRoutineList
                0x00000000        0x2 croutine.o
 .bss.pxDelayedCoRoutineList
                0x00000000        0x2 croutine.o
 .bss.xDelayedCoRoutineList2
                0x00000000        0x9 croutine.o
 .bss.xDelayedCoRoutineList1
                0x00000000        0x9 croutine.o
 .bss.pxReadyCoRoutineLists
                0x00000000       0x12 croutine.o
 .debug_info    0x00000000      0x778 croutine.o
 .debug_abbrev  0x00000000      0x220 croutine.o
 .debug_loc     0x00000000      0x3eb croutine.o
 .debug_aranges
                0x00000000       0x38 croutine.o
 .debug_ranges  0x00000000       0x28 croutine.o
 .debug_line    0x00000000      0x361 croutine.o
 .debug_str     0x00000000      0x537 croutine.o
 .comment       0x00000000       0x31 croutine.o
 .debug_frame   0x00000000       0xc0 croutine.o
 .text          0x00000000        0x0 heap_1.o
 .data          0x00000000        0x0 heap_1.o
 .bss           0x00000000        0x0 heap_1.o
 .text.vPortInitialiseBlocks
                0x00000000        0xa heap_1.o
 .text.xPortGetFreeHeapSize
                0x00000000       0x12 heap_1.o
 .text          0x00000000        0x0 list.o
 .data          0x00000000        0x0 list.o
 .bss           0x00000000        0x0 list.o
 .text          0x00000000        0x0 main.o
 .data          0x00000000        0x0 main.o
 .bss           0x00000000        0x0 main.o
 .text.SetBit   0x00000000       0x2a main.o
 .text.GetBit   0x00000000       0x10 main.o
 .text.AddUser_Init
                0x00000000        0x6 main.o
 .text.RemoveUsers_Init
                0x00000000        0x6 main.o
 .text.AddDrink_Init
                0x00000000        0x6 main.o
 .text.replace_drink_success
                0x00000000       0x26 main.o
 .text.ReplaceDrink_Init
                0x00000000        0x6 main.o
 .text.UserVerify_Init
                0x00000000        0x6 main.o
 .text.GetDrink_Init
                0x00000000        0x6 main.o
 .text.GetKey_Init
                0x00000000        0x6 main.o
 .text.AutoLockLiquorDoor_Init
                0x00000000        0x6 main.o
 .text.AutoLockKeyDoor_Init
                0x00000000        0x6 main.o
 .rodata.female_constant
                0x00000000        0x4 main.o
 .rodata.male_constant
                0x00000000        0x4 main.o
 .bss.current_timer
                0x00000000        0x2 main.o
 .text          0x00000000        0x0 nokia5110.o
 .data          0x00000000        0x0 nokia5110.o
 .bss           0x00000000        0x0 nokia5110.o
 .text.nokia_lcd_power
                0x00000000       0x10 nokia5110.o
 .text          0x00000000        0x0 port.o
 .data          0x00000000        0x0 port.o
 .bss           0x00000000        0x0 port.o
 .text.vPortEndScheduler
                0x00000000        0x2 port.o
 .text          0x00000000        0x0 queue.o
 .data          0x00000000        0x0 queue.o
 .bss           0x00000000        0x0 queue.o
 .text.prvCopyDataToQueue
                0x00000000       0x82 queue.o
 .text.prvCopyDataFromQueue
                0x00000000       0x34 queue.o
 .text.prvUnlockQueue
                0x00000000       0x94 queue.o
 .text.xQueueGenericReset
                0x00000000       0x78 queue.o
 .text.xQueueGenericCreate
                0x00000000       0x5c queue.o
 .text.xQueueGenericSend
                0x00000000      0x134 queue.o
 .text.xQueueGenericSendFromISR
                0x00000000       0x58 queue.o
 .text.xQueueGenericReceive
                0x00000000      0x158 queue.o
 .text.xQueueReceiveFromISR
                0x00000000       0x5a queue.o
 .text.uxQueueMessagesWaiting
                0x00000000       0x10 queue.o
 .text.uxQueueMessagesWaitingFromISR
                0x00000000        0x6 queue.o
 .text.vQueueDelete
                0x00000000       0x1a queue.o
 .text.xQueueIsQueueEmptyFromISR
                0x00000000        0xc queue.o
 .text.xQueueIsQueueFullFromISR
                0x00000000        0xe queue.o
 .text.xQueueCRSend
                0x00000000       0x74 queue.o
 .text.xQueueCRReceive
                0x00000000       0x94 queue.o
 .text.xQueueCRSendFromISR
                0x00000000       0x48 queue.o
 .text.xQueueCRReceiveFromISR
                0x00000000       0x82 queue.o
 .debug_info    0x00000000      0xf7e queue.o
 .debug_abbrev  0x00000000      0x1f2 queue.o
 .debug_loc     0x00000000     0x12e4 queue.o
 .debug_aranges
                0x00000000       0xa8 queue.o
 .debug_ranges  0x00000000       0x98 queue.o
 .debug_line    0x00000000      0x8ea queue.o
 .debug_str     0x00000000      0x6d2 queue.o
 .comment       0x00000000       0x31 queue.o
 .debug_frame   0x00000000      0x268 queue.o
 .text          0x00000000        0x0 tasks.o
 .data          0x00000000        0x0 tasks.o
 .bss           0x00000000        0x0 tasks.o
 .text.vTaskDelete
                0x00000000       0x92 tasks.o
 .text.vTaskEndScheduler
                0x00000000        0xc tasks.o
 .text.xTaskGetTickCount
                0x00000000       0x14 tasks.o
 .text.xTaskGetTickCountFromISR
                0x00000000        0xa tasks.o
 .text.uxTaskGetNumberOfTasks
                0x00000000        0x6 tasks.o
 .text.vTaskDelayUntil
                0x00000000       0x94 tasks.o
 .text.vTaskPlaceOnEventList
                0x00000000       0x3a tasks.o
 .text.xTaskRemoveFromEventList
                0x00000000       0x8a tasks.o
 .text.vTaskSetTimeOutState
                0x00000000       0x16 tasks.o
 .text.xTaskCheckForTimeOut
                0x00000000       0x6e tasks.o
 .text.vTaskMissedYield
                0x00000000        0x8 tasks.o
 .text          0x00000000        0x0 timers.o
 .data          0x00000000        0x0 timers.o
 .bss           0x00000000        0x0 timers.o
 .debug_info    0x00000000       0x6b timers.o
 .debug_abbrev  0x00000000       0x26 timers.o
 .debug_aranges
                0x00000000       0x18 timers.o
 .debug_line    0x00000000       0x1a timers.o
 .debug_str     0x00000000      0x18d timers.o
 .comment       0x00000000       0x31 timers.o
 .text          0x00000000        0x0 c:/program files (x86)/atmel/studio/7.0/toolchain/avr8/avr8-gnu-toolchain/bin/../lib/gcc/avr/5.4.0/../../../../avr/lib/avr51\libm.a(divsf3.o)
 .data          0x00000000        0x0 c:/program files (x86)/atmel/studio/7.0/toolchain/avr8/avr8-gnu-toolchain/bin/../lib/gcc/avr/5.4.0/../../../../avr/lib/avr51\libm.a(divsf3.o)
 .bss           0x00000000        0x0 c:/program files (x86)/atmel/studio/7.0/toolchain/avr8/avr8-gnu-toolchain/bin/../lib/gcc/avr/5.4.0/../../../../avr/lib/avr51\libm.a(divsf3.o)
 .text          0x00000000        0x0 c:/program files (x86)/atmel/studio/7.0/toolchain/avr8/avr8-gnu-toolchain/bin/../lib/gcc/avr/5.4.0/../../../../avr/lib/avr51\libm.a(divsf3x.o)
 .data          0x00000000        0x0 c:/program files (x86)/atmel/studio/7.0/toolchain/avr8/avr8-gnu-toolchain/bin/../lib/gcc/avr/5.4.0/../../../../avr/lib/avr51\libm.a(divsf3x.o)
 .bss           0x00000000        0x0 c:/program files (x86)/atmel/studio/7.0/toolchain/avr8/avr8-gnu-toolchain/bin/../lib/gcc/avr/5.4.0/../../../../avr/lib/avr51\libm.a(divsf3x.o)
 .text          0x00000000        0x0 c:/program files (x86)/atmel/studio/7.0/toolchain/avr8/avr8-gnu-toolchain/bin/../lib/gcc/avr/5.4.0/../../../../avr/lib/avr51\libm.a(floatsisf.o)
 .data          0x00000000        0x0 c:/program files (x86)/atmel/studio/7.0/toolchain/avr8/avr8-gnu-toolchain/bin/../lib/gcc/avr/5.4.0/../../../../avr/lib/avr51\libm.a(floatsisf.o)
 .bss           0x00000000        0x0 c:/program files (x86)/atmel/studio/7.0/toolchain/avr8/avr8-gnu-toolchain/bin/../lib/gcc/avr/5.4.0/../../../../avr/lib/avr51\libm.a(floatsisf.o)
 .text          0x00000000        0x0 c:/program files (x86)/atmel/studio/7.0/toolchain/avr8/avr8-gnu-toolchain/bin/../lib/gcc/avr/5.4.0/../../../../avr/lib/avr51\libm.a(fp_inf.o)
 .data          0x00000000        0x0 c:/program files (x86)/atmel/studio/7.0/toolchain/avr8/avr8-gnu-toolchain/bin/../lib/gcc/avr/5.4.0/../../../../avr/lib/avr51\libm.a(fp_inf.o)
 .bss           0x00000000        0x0 c:/program files (x86)/atmel/studio/7.0/toolchain/avr8/avr8-gnu-toolchain/bin/../lib/gcc/avr/5.4.0/../../../../avr/lib/avr51\libm.a(fp_inf.o)
 .text          0x00000000        0x0 c:/program files (x86)/atmel/studio/7.0/toolchain/avr8/avr8-gnu-toolchain/bin/../lib/gcc/avr/5.4.0/../../../../avr/lib/avr51\libm.a(fp_nan.o)
 .data          0x00000000        0x0 c:/program files (x86)/atmel/studio/7.0/toolchain/avr8/avr8-gnu-toolchain/bin/../lib/gcc/avr/5.4.0/../../../../avr/lib/avr51\libm.a(fp_nan.o)
 .bss           0x00000000        0x0 c:/program files (x86)/atmel/studio/7.0/toolchain/avr8/avr8-gnu-toolchain/bin/../lib/gcc/avr/5.4.0/../../../../avr/lib/avr51\libm.a(fp_nan.o)
 .text          0x00000000        0x0 c:/program files (x86)/atmel/studio/7.0/toolchain/avr8/avr8-gnu-toolchain/bin/../lib/gcc/avr/5.4.0/../../../../avr/lib/avr51\libm.a(fp_pscA.o)
 .data          0x00000000        0x0 c:/program files (x86)/atmel/studio/7.0/toolchain/avr8/avr8-gnu-toolchain/bin/../lib/gcc/avr/5.4.0/../../../../avr/lib/avr51\libm.a(fp_pscA.o)
 .bss           0x00000000        0x0 c:/program files (x86)/atmel/studio/7.0/toolchain/avr8/avr8-gnu-toolchain/bin/../lib/gcc/avr/5.4.0/../../../../avr/lib/avr51\libm.a(fp_pscA.o)
 .text          0x00000000        0x0 c:/program files (x86)/atmel/studio/7.0/toolchain/avr8/avr8-gnu-toolchain/bin/../lib/gcc/avr/5.4.0/../../../../avr/lib/avr51\libm.a(fp_pscB.o)
 .data          0x00000000        0x0 c:/program files (x86)/atmel/studio/7.0/toolchain/avr8/avr8-gnu-toolchain/bin/../lib/gcc/avr/5.4.0/../../../../avr/lib/avr51\libm.a(fp_pscB.o)
 .bss           0x00000000        0x0 c:/program files (x86)/atmel/studio/7.0/toolchain/avr8/avr8-gnu-toolchain/bin/../lib/gcc/avr/5.4.0/../../../../avr/lib/avr51\libm.a(fp_pscB.o)
 .text          0x00000000        0x0 c:/program files (x86)/atmel/studio/7.0/toolchain/avr8/avr8-gnu-toolchain/bin/../lib/gcc/avr/5.4.0/../../../../avr/lib/avr51\libm.a(fp_round.o)
 .data          0x00000000        0x0 c:/program files (x86)/atmel/studio/7.0/toolchain/avr8/avr8-gnu-toolchain/bin/../lib/gcc/avr/5.4.0/../../../../avr/lib/avr51\libm.a(fp_round.o)
 .bss           0x00000000        0x0 c:/program files (x86)/atmel/studio/7.0/toolchain/avr8/avr8-gnu-toolchain/bin/../lib/gcc/avr/5.4.0/../../../../avr/lib/avr51\libm.a(fp_round.o)
 .text          0x00000000        0x0 c:/program files (x86)/atmel/studio/7.0/toolchain/avr8/avr8-gnu-toolchain/bin/../lib/gcc/avr/5.4.0/../../../../avr/lib/avr51\libm.a(fp_split3.o)
 .data          0x00000000        0x0 c:/program files (x86)/atmel/studio/7.0/toolchain/avr8/avr8-gnu-toolchain/bin/../lib/gcc/avr/5.4.0/../../../../avr/lib/avr51\libm.a(fp_split3.o)
 .bss           0x00000000        0x0 c:/program files (x86)/atmel/studio/7.0/toolchain/avr8/avr8-gnu-toolchain/bin/../lib/gcc/avr/5.4.0/../../../../avr/lib/avr51\libm.a(fp_split3.o)
 .text          0x00000000        0x0 c:/program files (x86)/atmel/studio/7.0/toolchain/avr8/avr8-gnu-toolchain/bin/../lib/gcc/avr/5.4.0/../../../../avr/lib/avr51\libm.a(fp_zero.o)
 .data          0x00000000        0x0 c:/program files (x86)/atmel/studio/7.0/toolchain/avr8/avr8-gnu-toolchain/bin/../lib/gcc/avr/5.4.0/../../../../avr/lib/avr51\libm.a(fp_zero.o)
 .bss           0x00000000        0x0 c:/program files (x86)/atmel/studio/7.0/toolchain/avr8/avr8-gnu-toolchain/bin/../lib/gcc/avr/5.4.0/../../../../avr/lib/avr51\libm.a(fp_zero.o)
 .text          0x00000000        0x0 c:/program files (x86)/atmel/studio/7.0/toolchain/avr8/avr8-gnu-toolchain/bin/../lib/gcc/avr/5.4.0/../../../../avr/lib/avr51\libm.a(gesf2.o)
 .data          0x00000000        0x0 c:/program files (x86)/atmel/studio/7.0/toolchain/avr8/avr8-gnu-toolchain/bin/../lib/gcc/avr/5.4.0/../../../../avr/lib/avr51\libm.a(gesf2.o)
 .bss           0x00000000        0x0 c:/program files (x86)/atmel/studio/7.0/toolchain/avr8/avr8-gnu-toolchain/bin/../lib/gcc/avr/5.4.0/../../../../avr/lib/avr51\libm.a(gesf2.o)
 .text          0x00000000        0x0 c:/program files (x86)/atmel/studio/7.0/toolchain/avr8/avr8-gnu-toolchain/bin/../lib/gcc/avr/5.4.0/../../../../avr/lib/avr51\libm.a(mulsf3.o)
 .data          0x00000000        0x0 c:/program files (x86)/atmel/studio/7.0/toolchain/avr8/avr8-gnu-toolchain/bin/../lib/gcc/avr/5.4.0/../../../../avr/lib/avr51\libm.a(mulsf3.o)
 .bss           0x00000000        0x0 c:/program files (x86)/atmel/studio/7.0/toolchain/avr8/avr8-gnu-toolchain/bin/../lib/gcc/avr/5.4.0/../../../../avr/lib/avr51\libm.a(mulsf3.o)
 .text          0x00000000        0x0 c:/program files (x86)/atmel/studio/7.0/toolchain/avr8/avr8-gnu-toolchain/bin/../lib/gcc/avr/5.4.0/../../../../avr/lib/avr51\libm.a(mulsf3x.o)
 .data          0x00000000        0x0 c:/program files (x86)/atmel/studio/7.0/toolchain/avr8/avr8-gnu-toolchain/bin/../lib/gcc/avr/5.4.0/../../../../avr/lib/avr51\libm.a(mulsf3x.o)
 .bss           0x00000000        0x0 c:/program files (x86)/atmel/studio/7.0/toolchain/avr8/avr8-gnu-toolchain/bin/../lib/gcc/avr/5.4.0/../../../../avr/lib/avr51\libm.a(mulsf3x.o)
 .text          0x00000000        0x0 c:/program files (x86)/atmel/studio/7.0/toolchain/avr8/avr8-gnu-toolchain/bin/../lib/gcc/avr/5.4.0/../../../../avr/lib/avr51\libm.a(fp_cmp.o)
 .data          0x00000000        0x0 c:/program files (x86)/atmel/studio/7.0/toolchain/avr8/avr8-gnu-toolchain/bin/../lib/gcc/avr/5.4.0/../../../../avr/lib/avr51\libm.a(fp_cmp.o)
 .bss           0x00000000        0x0 c:/program files (x86)/atmel/studio/7.0/toolchain/avr8/avr8-gnu-toolchain/bin/../lib/gcc/avr/5.4.0/../../../../avr/lib/avr51\libm.a(fp_cmp.o)
 .text          0x00000000        0x0 c:/program files (x86)/atmel/studio/7.0/toolchain/avr8/avr8-gnu-toolchain/bin/../lib/gcc/avr/5.4.0/avr51\libgcc.a(_udivmodqi4.o)
 .data          0x00000000        0x0 c:/program files (x86)/atmel/studio/7.0/toolchain/avr8/avr8-gnu-toolchain/bin/../lib/gcc/avr/5.4.0/avr51\libgcc.a(_udivmodqi4.o)
 .bss           0x00000000        0x0 c:/program files (x86)/atmel/studio/7.0/toolchain/avr8/avr8-gnu-toolchain/bin/../lib/gcc/avr/5.4.0/avr51\libgcc.a(_udivmodqi4.o)
 .text.libgcc.mul
                0x00000000        0x0 c:/program files (x86)/atmel/studio/7.0/toolchain/avr8/avr8-gnu-toolchain/bin/../lib/gcc/avr/5.4.0/avr51\libgcc.a(_udivmodqi4.o)
 .text.libgcc   0x00000000        0x0 c:/program files (x86)/atmel/studio/7.0/toolchain/avr8/avr8-gnu-toolchain/bin/../lib/gcc/avr/5.4.0/avr51\libgcc.a(_udivmodqi4.o)
 .text.libgcc.prologue
                0x00000000        0x0 c:/program files (x86)/atmel/studio/7.0/toolchain/avr8/avr8-gnu-toolchain/bin/../lib/gcc/avr/5.4.0/avr51\libgcc.a(_udivmodqi4.o)
 .text.libgcc.builtins
                0x00000000        0x0 c:/program files (x86)/atmel/studio/7.0/toolchain/avr8/avr8-gnu-toolchain/bin/../lib/gcc/avr/5.4.0/avr51\libgcc.a(_udivmodqi4.o)
 .text.libgcc.fmul
                0x00000000        0x0 c:/program files (x86)/atmel/studio/7.0/toolchain/avr8/avr8-gnu-toolchain/bin/../lib/gcc/avr/5.4.0/avr51\libgcc.a(_udivmodqi4.o)
 .text.libgcc.fixed
                0x00000000        0x0 c:/program files (x86)/atmel/studio/7.0/toolchain/avr8/avr8-gnu-toolchain/bin/../lib/gcc/avr/5.4.0/avr51\libgcc.a(_udivmodqi4.o)
 .text          0x00000000        0x0 c:/program files (x86)/atmel/studio/7.0/toolchain/avr8/avr8-gnu-toolchain/bin/../lib/gcc/avr/5.4.0/avr51\libgcc.a(_exit.o)
 .data          0x00000000        0x0 c:/program files (x86)/atmel/studio/7.0/toolchain/avr8/avr8-gnu-toolchain/bin/../lib/gcc/avr/5.4.0/avr51\libgcc.a(_exit.o)
 .bss           0x00000000        0x0 c:/program files (x86)/atmel/studio/7.0/toolchain/avr8/avr8-gnu-toolchain/bin/../lib/gcc/avr/5.4.0/avr51\libgcc.a(_exit.o)
 .text.libgcc.mul
                0x00000000        0x0 c:/program files (x86)/atmel/studio/7.0/toolchain/avr8/avr8-gnu-toolchain/bin/../lib/gcc/avr/5.4.0/avr51\libgcc.a(_exit.o)
 .text.libgcc.div
                0x00000000        0x0 c:/program files (x86)/atmel/studio/7.0/toolchain/avr8/avr8-gnu-toolchain/bin/../lib/gcc/avr/5.4.0/avr51\libgcc.a(_exit.o)
 .text.libgcc   0x00000000        0x0 c:/program files (x86)/atmel/studio/7.0/toolchain/avr8/avr8-gnu-toolchain/bin/../lib/gcc/avr/5.4.0/avr51\libgcc.a(_exit.o)
 .text.libgcc.prologue
                0x00000000        0x0 c:/program files (x86)/atmel/studio/7.0/toolchain/avr8/avr8-gnu-toolchain/bin/../lib/gcc/avr/5.4.0/avr51\libgcc.a(_exit.o)
 .text.libgcc.builtins
                0x00000000        0x0 c:/program files (x86)/atmel/studio/7.0/toolchain/avr8/avr8-gnu-toolchain/bin/../lib/gcc/avr/5.4.0/avr51\libgcc.a(_exit.o)
 .text.libgcc.fmul
                0x00000000        0x0 c:/program files (x86)/atmel/studio/7.0/toolchain/avr8/avr8-gnu-toolchain/bin/../lib/gcc/avr/5.4.0/avr51\libgcc.a(_exit.o)
 .text.libgcc.fixed
                0x00000000        0x0 c:/program files (x86)/atmel/studio/7.0/toolchain/avr8/avr8-gnu-toolchain/bin/../lib/gcc/avr/5.4.0/avr51\libgcc.a(_exit.o)
 .text          0x00000000        0x0 c:/program files (x86)/atmel/studio/7.0/toolchain/avr8/avr8-gnu-toolchain/bin/../lib/gcc/avr/5.4.0/avr51\libgcc.a(_tablejump2.o)
 .data          0x00000000        0x0 c:/program files (x86)/atmel/studio/7.0/toolchain/avr8/avr8-gnu-toolchain/bin/../lib/gcc/avr/5.4.0/avr51\libgcc.a(_tablejump2.o)
 .bss           0x00000000        0x0 c:/program files (x86)/atmel/studio/7.0/toolchain/avr8/avr8-gnu-toolchain/bin/../lib/gcc/avr/5.4.0/avr51\libgcc.a(_tablejump2.o)
 .text.libgcc.mul
                0x00000000        0x0 c:/program files (x86)/atmel/studio/7.0/toolchain/avr8/avr8-gnu-toolchain/bin/../lib/gcc/avr/5.4.0/avr51\libgcc.a(_tablejump2.o)
 .text.libgcc.div
                0x00000000        0x0 c:/program files (x86)/atmel/studio/7.0/toolchain/avr8/avr8-gnu-toolchain/bin/../lib/gcc/avr/5.4.0/avr51\libgcc.a(_tablejump2.o)
 .text.libgcc.prologue
                0x00000000        0x0 c:/program files (x86)/atmel/studio/7.0/toolchain/avr8/avr8-gnu-toolchain/bin/../lib/gcc/avr/5.4.0/avr51\libgcc.a(_tablejump2.o)
 .text.libgcc.builtins
                0x00000000        0x0 c:/program files (x86)/atmel/studio/7.0/toolchain/avr8/avr8-gnu-toolchain/bin/../lib/gcc/avr/5.4.0/avr51\libgcc.a(_tablejump2.o)
 .text.libgcc.fmul
                0x00000000        0x0 c:/program files (x86)/atmel/studio/7.0/toolchain/avr8/avr8-gnu-toolchain/bin/../lib/gcc/avr/5.4.0/avr51\libgcc.a(_tablejump2.o)
 .text.libgcc.fixed
                0x00000000        0x0 c:/program files (x86)/atmel/studio/7.0/toolchain/avr8/avr8-gnu-toolchain/bin/../lib/gcc/avr/5.4.0/avr51\libgcc.a(_tablejump2.o)
 .text          0x00000000        0x0 c:/program files (x86)/atmel/studio/7.0/toolchain/avr8/avr8-gnu-toolchain/bin/../lib/gcc/avr/5.4.0/avr51\libgcc.a(_copy_data.o)
 .data          0x00000000        0x0 c:/program files (x86)/atmel/studio/7.0/toolchain/avr8/avr8-gnu-toolchain/bin/../lib/gcc/avr/5.4.0/avr51\libgcc.a(_copy_data.o)
 .bss           0x00000000        0x0 c:/program files (x86)/atmel/studio/7.0/toolchain/avr8/avr8-gnu-toolchain/bin/../lib/gcc/avr/5.4.0/avr51\libgcc.a(_copy_data.o)
 .text.libgcc.mul
                0x00000000        0x0 c:/program files (x86)/atmel/studio/7.0/toolchain/avr8/avr8-gnu-toolchain/bin/../lib/gcc/avr/5.4.0/avr51\libgcc.a(_copy_data.o)
 .text.libgcc.div
                0x00000000        0x0 c:/program files (x86)/atmel/studio/7.0/toolchain/avr8/avr8-gnu-toolchain/bin/../lib/gcc/avr/5.4.0/avr51\libgcc.a(_copy_data.o)
 .text.libgcc   0x00000000        0x0 c:/program files (x86)/atmel/studio/7.0/toolchain/avr8/avr8-gnu-toolchain/bin/../lib/gcc/avr/5.4.0/avr51\libgcc.a(_copy_data.o)
 .text.libgcc.prologue
                0x00000000        0x0 c:/program files (x86)/atmel/studio/7.0/toolchain/avr8/avr8-gnu-toolchain/bin/../lib/gcc/avr/5.4.0/avr51\libgcc.a(_copy_data.o)
 .text.libgcc.builtins
                0x00000000        0x0 c:/program files (x86)/atmel/studio/7.0/toolchain/avr8/avr8-gnu-toolchain/bin/../lib/gcc/avr/5.4.0/avr51\libgcc.a(_copy_data.o)
 .text.libgcc.fmul
                0x00000000        0x0 c:/program files (x86)/atmel/studio/7.0/toolchain/avr8/avr8-gnu-toolchain/bin/../lib/gcc/avr/5.4.0/avr51\libgcc.a(_copy_data.o)
 .text.libgcc.fixed
                0x00000000        0x0 c:/program files (x86)/atmel/studio/7.0/toolchain/avr8/avr8-gnu-toolchain/bin/../lib/gcc/avr/5.4.0/avr51\libgcc.a(_copy_data.o)
 .text          0x00000000        0x0 c:/program files (x86)/atmel/studio/7.0/toolchain/avr8/avr8-gnu-toolchain/bin/../lib/gcc/avr/5.4.0/avr51\libgcc.a(_clear_bss.o)
 .data          0x00000000        0x0 c:/program files (x86)/atmel/studio/7.0/toolchain/avr8/avr8-gnu-toolchain/bin/../lib/gcc/avr/5.4.0/avr51\libgcc.a(_clear_bss.o)
 .bss           0x00000000        0x0 c:/program files (x86)/atmel/studio/7.0/toolchain/avr8/avr8-gnu-toolchain/bin/../lib/gcc/avr/5.4.0/avr51\libgcc.a(_clear_bss.o)
 .text.libgcc.mul
                0x00000000        0x0 c:/program files (x86)/atmel/studio/7.0/toolchain/avr8/avr8-gnu-toolchain/bin/../lib/gcc/avr/5.4.0/avr51\libgcc.a(_clear_bss.o)
 .text.libgcc.div
                0x00000000        0x0 c:/program files (x86)/atmel/studio/7.0/toolchain/avr8/avr8-gnu-toolchain/bin/../lib/gcc/avr/5.4.0/avr51\libgcc.a(_clear_bss.o)
 .text.libgcc   0x00000000        0x0 c:/program files (x86)/atmel/studio/7.0/toolchain/avr8/avr8-gnu-toolchain/bin/../lib/gcc/avr/5.4.0/avr51\libgcc.a(_clear_bss.o)
 .text.libgcc.prologue
                0x00000000        0x0 c:/program files (x86)/atmel/studio/7.0/toolchain/avr8/avr8-gnu-toolchain/bin/../lib/gcc/avr/5.4.0/avr51\libgcc.a(_clear_bss.o)
 .text.libgcc.builtins
                0x00000000        0x0 c:/program files (x86)/atmel/studio/7.0/toolchain/avr8/avr8-gnu-toolchain/bin/../lib/gcc/avr/5.4.0/avr51\libgcc.a(_clear_bss.o)
 .text.libgcc.fmul
                0x00000000        0x0 c:/program files (x86)/atmel/studio/7.0/toolchain/avr8/avr8-gnu-toolchain/bin/../lib/gcc/avr/5.4.0/avr51\libgcc.a(_clear_bss.o)
 .text.libgcc.fixed
                0x00000000        0x0 c:/program files (x86)/atmel/studio/7.0/toolchain/avr8/avr8-gnu-toolchain/bin/../lib/gcc/avr/5.4.0/avr51\libgcc.a(_clear_bss.o)
 .text          0x00000000        0x0 c:/program files (x86)/atmel/studio/7.0/toolchain/avr8/avr8-gnu-toolchain/bin/../lib/gcc/avr/5.4.0/avr51\libgcc.a(_umulhisi3.o)
 .data          0x00000000        0x0 c:/program files (x86)/atmel/studio/7.0/toolchain/avr8/avr8-gnu-toolchain/bin/../lib/gcc/avr/5.4.0/avr51\libgcc.a(_umulhisi3.o)
 .bss           0x00000000        0x0 c:/program files (x86)/atmel/studio/7.0/toolchain/avr8/avr8-gnu-toolchain/bin/../lib/gcc/avr/5.4.0/avr51\libgcc.a(_umulhisi3.o)
 .text.libgcc.div
                0x00000000        0x0 c:/program files (x86)/atmel/studio/7.0/toolchain/avr8/avr8-gnu-toolchain/bin/../lib/gcc/avr/5.4.0/avr51\libgcc.a(_umulhisi3.o)
 .text.libgcc   0x00000000        0x0 c:/program files (x86)/atmel/studio/7.0/toolchain/avr8/avr8-gnu-toolchain/bin/../lib/gcc/avr/5.4.0/avr51\libgcc.a(_umulhisi3.o)
 .text.libgcc.prologue
                0x00000000        0x0 c:/program files (x86)/atmel/studio/7.0/toolchain/avr8/avr8-gnu-toolchain/bin/../lib/gcc/avr/5.4.0/avr51\libgcc.a(_umulhisi3.o)
 .text.libgcc.builtins
                0x00000000        0x0 c:/program files (x86)/atmel/studio/7.0/toolchain/avr8/avr8-gnu-toolchain/bin/../lib/gcc/avr/5.4.0/avr51\libgcc.a(_umulhisi3.o)
 .text.libgcc.fmul
                0x00000000        0x0 c:/program files (x86)/atmel/studio/7.0/toolchain/avr8/avr8-gnu-toolchain/bin/../lib/gcc/avr/5.4.0/avr51\libgcc.a(_umulhisi3.o)
 .text.libgcc.fixed
                0x00000000        0x0 c:/program files (x86)/atmel/studio/7.0/toolchain/avr8/avr8-gnu-toolchain/bin/../lib/gcc/avr/5.4.0/avr51\libgcc.a(_umulhisi3.o)
 .text          0x00000000        0x0 c:/program files (x86)/atmel/studio/7.0/toolchain/avr8/avr8-gnu-toolchain/bin/../lib/gcc/avr/5.4.0/../../../../avr/lib/avr51\libc.a(memcpy.o)
 .data          0x00000000        0x0 c:/program files (x86)/atmel/studio/7.0/toolchain/avr8/avr8-gnu-toolchain/bin/../lib/gcc/avr/5.4.0/../../../../avr/lib/avr51\libc.a(memcpy.o)
 .bss           0x00000000        0x0 c:/program files (x86)/atmel/studio/7.0/toolchain/avr8/avr8-gnu-toolchain/bin/../lib/gcc/avr/5.4.0/../../../../avr/lib/avr51\libc.a(memcpy.o)
 .text.avr-libc
                0x00000000       0x12 c:/program files (x86)/atmel/studio/7.0/toolchain/avr8/avr8-gnu-toolchain/bin/../lib/gcc/avr/5.4.0/../../../../avr/lib/avr51\libc.a(memcpy.o)
 .text          0x00000000        0x0 c:/program files (x86)/atmel/studio/7.0/toolchain/avr8/avr8-gnu-toolchain/bin/../lib/gcc/avr/5.4.0/../../../../avr/lib/avr51\libc.a(memset.o)
 .data          0x00000000        0x0 c:/program files (x86)/atmel/studio/7.0/toolchain/avr8/avr8-gnu-toolchain/bin/../lib/gcc/avr/5.4.0/../../../../avr/lib/avr51\libc.a(memset.o)
 .bss           0x00000000        0x0 c:/program files (x86)/atmel/studio/7.0/toolchain/avr8/avr8-gnu-toolchain/bin/../lib/gcc/avr/5.4.0/../../../../avr/lib/avr51\libc.a(memset.o)
 .text          0x00000000        0x0 c:/program files (x86)/atmel/studio/7.0/toolchain/avr8/avr8-gnu-toolchain/bin/../lib/gcc/avr/5.4.0/../../../../avr/lib/avr51\libc.a(strncpy.o)
 .data          0x00000000        0x0 c:/program files (x86)/atmel/studio/7.0/toolchain/avr8/avr8-gnu-toolchain/bin/../lib/gcc/avr/5.4.0/../../../../avr/lib/avr51\libc.a(strncpy.o)
 .bss           0x00000000        0x0 c:/program files (x86)/atmel/studio/7.0/toolchain/avr8/avr8-gnu-toolchain/bin/../lib/gcc/avr/5.4.0/../../../../avr/lib/avr51\libc.a(strncpy.o)

Memory Configuration

Name             Origin             Length             Attributes
text             0x00000000         0x00020000         xr
data             0x00800100         0x0000ff00         rw !x
eeprom           0x00810000         0x00010000         rw !x
fuse             0x00820000         0x00000003         rw !x
lock             0x00830000         0x00000400         rw !x
signature        0x00840000         0x00000400         rw !x
user_signatures  0x00850000         0x00000400         rw !x
*default*        0x00000000         0xffffffff

Linker script and memory map

Address of section .data set to 0x800100
LOAD C:/Program Files (x86)/Atmel/Studio/7.0/Packs/atmel/ATmega_DFP/1.2.150/gcc/dev/atmega1284/avr51/crtatmega1284.o
LOAD croutine.o
LOAD heap_1.o
LOAD list.o
LOAD main.o
LOAD nokia5110.o
LOAD port.o
LOAD queue.o
LOAD tasks.o
LOAD timers.o
START GROUP
LOAD c:/program files (x86)/atmel/studio/7.0/toolchain/avr8/avr8-gnu-toolchain/bin/../lib/gcc/avr/5.4.0/../../../../avr/lib/avr51\libm.a
END GROUP
START GROUP
LOAD c:/program files (x86)/atmel/studio/7.0/toolchain/avr8/avr8-gnu-toolchain/bin/../lib/gcc/avr/5.4.0/avr51\libgcc.a
LOAD c:/program files (x86)/atmel/studio/7.0/toolchain/avr8/avr8-gnu-toolchain/bin/../lib/gcc/avr/5.4.0/../../../../avr/lib/avr51\libm.a
LOAD c:/program files (x86)/atmel/studio/7.0/toolchain/avr8/avr8-gnu-toolchain/bin/../lib/gcc/avr/5.4.0/../../../../avr/lib/avr51\libc.a
LOAD C:/Program Files (x86)/Atmel/Studio/7.0/Packs/atmel/ATmega_DFP/1.2.150/gcc/dev/atmega1284/avr51\libatmega1284.a
END GROUP
                0x00020000                __TEXT_REGION_LENGTH__ = DEFINED (__TEXT_REGION_LENGTH__)?__TEXT_REGION_LENGTH__:0x20000
                0x0000ff00                __DATA_REGION_LENGTH__ = DEFINED (__DATA_REGION_LENGTH__)?__DATA_REGION_LENGTH__:0xff00
                0x00010000                __EEPROM_REGION_LENGTH__ = DEFINED (__EEPROM_REGION_LENGTH__)?__EEPROM_REGION_LENGTH__:0x10000
                [0x00000003]                __FUSE_REGION_LENGTH__ = DEFINED (__FUSE_REGION_LENGTH__)?__FUSE_REGION_LENGTH__:0x400
                0x00000400                __LOCK_REGION_LENGTH__ = DEFINED (__LOCK_REGION_LENGTH__)?__LOCK_REGION_LENGTH__:0x400
                0x00000400                __SIGNATURE_REGION_LENGTH__ = DEFINED (__SIGNATURE_REGION_LENGTH__)?__SIGNATURE_REGION_LENGTH__:0x400
                0x00000400                __USER_SIGNATURE_REGION_LENGTH__ = DEFINED (__USER_SIGNATURE_REGION_LENGTH__)?__USER_SIGNATURE_REGION_LENGTH__:0x400

.hash
 *(.hash)

.dynsym
 *(.dynsym)

.dynstr
 *(.dynstr)

.gnu.version
 *(.gnu.version)

.gnu.version_d
 *(.gnu.version_d)

.gnu.version_r
 *(.gnu.version_r)

.rel.init
 *(.rel.init)

.rela.init
 *(.rela.init)

.rel.text
 *(.rel.text)
 *(.rel.text.*)
 *(.rel.gnu.linkonce.t*)

.rela.text
 *(.rela.text)
 *(.rela.text.*)
 *(.rela.gnu.linkonce.t*)

.rel.fini
 *(.rel.fini)

.rela.fini
 *(.rela.fini)

.rel.rodata
 *(.rel.rodata)
 *(.rel.rodata.*)
 *(.rel.gnu.linkonce.r*)

.rela.rodata
 *(.rela.rodata)
 *(.rela.rodata.*)
 *(.rela.gnu.linkonce.r*)

.rel.data
 *(.rel.data)
 *(.rel.data.*)
 *(.rel.gnu.linkonce.d*)

.rela.data
 *(.rela.data)
 *(.rela.data.*)
 *(.rela.gnu.linkonce.d*)

.rel.ctors
 *(.rel.ctors)

.rela.ctors
 *(.rela.ctors)

.rel.dtors
 *(.rel.dtors)

.rela.dtors
 *(.rela.dtors)

.rel.got
 *(.rel.got)

.rela.got
 *(.rela.got)

.rel.bss
 *(.rel.bss)

.rela.bss
 *(.rela.bss)

.rel.plt
 *(.rel.plt)

.rela.plt
 *(.rela.plt)

.text           0x00000000     0x4f06
 *(.vectors)
 .vectors       0x00000000       0x8c C:/Program Files (x86)/Atmel/Studio/7.0/Packs/atmel/ATmega_DFP/1.2.150/gcc/dev/atmega1284/avr51/crtatmega1284.o
                0x00000000                __vector_default
                0x00000000                __vectors
 *(.vectors)
 *(.progmem.gcc*)
 .progmem.gcc_sw_table.MainMenu_Tick
                0x0000008c       0x30 main.o
 .progmem.gcc_sw_table.AddUser_Tick
                0x000000bc       0x46 main.o
 .progmem.gcc_sw_table.AddDrink_Tick
                0x00000102       0x24 main.o
 .progmem.gcc_sw_table.GetDrink_Tick
                0x00000126        0xe main.o
 .progmem.gcc_sw_table.GetKey_Tick
                0x00000134       0x22 main.o
                0x00000156                . = ALIGN (0x2)
                0x00000156                __trampolines_start = .
 *(.trampolines)
 .trampolines   0x00000156        0x0 linker stubs
 *(.trampolines*)
                0x00000156                __trampolines_end = .
 *libprintf_flt.a:*(.progmem.data)
 *libc.a:*(.progmem.data)
 *(.progmem*)
 .progmem.data.CHARSET
                0x00000156      0x1e0 nokia5110.o
                0x00000156                CHARSET
                0x00000336                . = ALIGN (0x2)
 *(.jumptables)
 *(.jumptables*)
 *(.lowtext)
 *(.lowtext*)
                0x00000336                __ctors_start = .
 *(.ctors)
                0x00000336                __ctors_end = .
                0x00000336                __dtors_start = .
 *(.dtors)
                0x00000336                __dtors_end = .
 SORT(*)(.ctors)
 SORT(*)(.dtors)
 *(.init0)
 .init0         0x00000336        0x0 C:/Program Files (x86)/Atmel/Studio/7.0/Packs/atmel/ATmega_DFP/1.2.150/gcc/dev/atmega1284/avr51/crtatmega1284.o
                0x00000336                __init
 *(.init0)
 *(.init1)
 *(.init1)
 *(.init2)
 .init2         0x00000336        0xc C:/Program Files (x86)/Atmel/Studio/7.0/Packs/atmel/ATmega_DFP/1.2.150/gcc/dev/atmega1284/avr51/crtatmega1284.o
 *(.init2)
 *(.init3)
 *(.init3)
 *(.init4)
 .init4         0x00000342       0x1a c:/program files (x86)/atmel/studio/7.0/toolchain/avr8/avr8-gnu-toolchain/bin/../lib/gcc/avr/5.4.0/avr51\libgcc.a(_copy_data.o)
                0x00000342                __do_copy_data
 .init4         0x0000035c       0x10 c:/program files (x86)/atmel/studio/7.0/toolchain/avr8/avr8-gnu-toolchain/bin/../lib/gcc/avr/5.4.0/avr51\libgcc.a(_clear_bss.o)
                0x0000035c                __do_clear_bss
 *(.init4)
 *(.init5)
 *(.init5)
 *(.init6)
 *(.init6)
 *(.init7)
 *(.init7)
 *(.init8)
 *(.init8)
 *(.init9)
 .init9         0x0000036c        0x8 C:/Program Files (x86)/Atmel/Studio/7.0/Packs/atmel/ATmega_DFP/1.2.150/gcc/dev/atmega1284/avr51/crtatmega1284.o
 *(.init9)
 *(.text)
 .text          0x00000374        0x2 C:/Program Files (x86)/Atmel/Studio/7.0/Packs/atmel/ATmega_DFP/1.2.150/gcc/dev/atmega1284/avr51/crtatmega1284.o
                0x00000374                __vector_22
                0x00000374                __vector_28
                0x00000374                __vector_1
                0x00000374                __vector_32
                0x00000374                __vector_34
                0x00000374                __vector_24
                0x00000374                __vector_12
                0x00000374                __bad_interrupt
                0x00000374                __vector_6
                0x00000374                __vector_31
                0x00000374                __vector_3
                0x00000374                __vector_23
                0x00000374                __vector_30
                0x00000374                __vector_25
                0x00000374                __vector_11
                0x00000374                __vector_17
                0x00000374                __vector_19
                0x00000374                __vector_7
                0x00000374                __vector_27
                0x00000374                __vector_5
                0x00000374                __vector_33
                0x00000374                __vector_4
                0x00000374                __vector_9
                0x00000374                __vector_2
                0x00000374                __vector_21
                0x00000374                __vector_15
                0x00000374                __vector_29
                0x00000374                __vector_8
                0x00000374                __vector_26
                0x00000374                __vector_14
                0x00000374                __vector_10
                0x00000374                __vector_16
                0x00000374                __vector_18
                0x00000374                __vector_20
                0x00000376                . = ALIGN (0x2)
 *(.text.*)
 .text.pvPortMalloc
                0x00000376       0x4c heap_1.o
                0x00000376                pvPortMalloc
 .text.vPortFree
                0x000003c2        0x2 heap_1.o
                0x000003c2                vPortFree
 .text.vListInitialise
                0x000003c4       0x1c list.o
                0x000003c4                vListInitialise
 .text.vListInitialiseItem
                0x000003e0        0x8 list.o
                0x000003e0                vListInitialiseItem
 .text.vListInsertEnd
                0x000003e8       0x4e list.o
                0x000003e8                vListInsertEnd
 .text.vListInsert
                0x00000436       0x76 list.o
                0x00000436                vListInsert
 .text.vListRemove
                0x000004ac       0x4c list.o
                0x000004ac                vListRemove
 .text.main_menu_display
                0x000004f8       0x4a main.o
                0x000004f8                main_menu_display
 .text.settings_submenu_display
                0x00000542       0x5c main.o
                0x00000542                settings_submenu_display
 .text.drinks_submenu_display
                0x0000059e       0x5c main.o
                0x0000059e                drinks_submenu_display
 .text.user_submenu_display
                0x000005fa       0x4a main.o
                0x000005fa                user_submenu_display
 .text.adduser_name_display
                0x00000644       0x2e main.o
                0x00000644                adduser_name_display
 .text.GetKeypadKey
                0x00000672       0xca main.o
                0x00000672                GetKeypadKey
 .text.add_drink_display
                0x0000073c       0x5c main.o
                0x0000073c                add_drink_display
 .text.add_drink_volume_display
                0x00000798       0x26 main.o
                0x00000798                add_drink_volume_display
 .text.add_drink_ac_display
                0x000007be       0x26 main.o
                0x000007be                add_drink_ac_display
 .text.add_drink_variable_reset
                0x000007e4       0x18 main.o
                0x000007e4                add_drink_variable_reset
 .text.removeusers_intro
                0x000007fc      0x192 main.o
                0x000007fc                removeusers_intro
 .text.AlphaNumPad
                0x0000098e      0x1b6 main.o
                0x0000098e                AlphaNumPad
 .text.MainMenu_Init
                0x00000b44        0x8 main.o
                0x00000b44                MainMenu_Init
 .text.MainMenu_Tick
                0x00000b4c      0x3da main.o
                0x00000b4c                MainMenu_Tick
 .text.MainMenuTask
                0x00000f26        0xe main.o
                0x00000f26                MainMenuTask
 .text.MainMenuPulse
                0x00000f34       0x40 main.o
                0x00000f34                MainMenuPulse
 .text.password_verification
                0x00000f74       0x32 main.o
                0x00000f74                password_verification
 .text.AddUser_Tick
                0x00000fa6      0xcd0 main.o
                0x00000fa6                AddUser_Tick
 .text.AddUserTask
                0x00001c76       0x10 main.o
                0x00001c76                AddUserTask
 .text.AddUserPulse
                0x00001c86       0x40 main.o
                0x00001c86                AddUserPulse
 .text.swap_users
                0x00001cc6      0x116 main.o
                0x00001cc6                swap_users
 .text.remove_password_verification
                0x00001ddc       0x4a main.o
                0x00001ddc                remove_password_verification
 .text.RemoveUsers_Tick
                0x00001e26      0x628 main.o
                0x00001e26                RemoveUsers_Tick
 .text.RemoveUsersTask
                0x0000244e       0x10 main.o
                0x0000244e                RemoveUsersTask
 .text.RemoveUsersPulse
                0x0000245e       0x40 main.o
                0x0000245e                RemoveUsersPulse
 .text.AddDrink_Tick
                0x0000249e      0xb1c main.o
                0x0000249e                AddDrink_Tick
 .text.AddDrinkTask
                0x00002fba       0x10 main.o
                0x00002fba                AddDrinkTask
 .text.AddDrinkPulse
                0x00002fca       0x40 main.o
                0x00002fca                AddDrinkPulse
 .text.replace_drink_error
                0x0000300a       0x12 main.o
                0x0000300a                replace_drink_error
 .text.ReplaceDrink_Tick
                0x0000301c      0x122 main.o
                0x0000301c                ReplaceDrink_Tick
 .text.ReplaceDrinkTask
                0x0000313e        0x8 main.o
                0x0000313e                ReplaceDrinkTask
 .text.ReplaceDrinkPulse
                0x00003146       0x40 main.o
                0x00003146                ReplaceDrinkPulse
 .text.UserVerify_Tick
                0x00003186      0x39e main.o
                0x00003186                UserVerify_Tick
 .text.UserVerifyTask
                0x00003524       0x10 main.o
                0x00003524                UserVerifyTask
 .text.UserVerifyPulse
                0x00003534       0x3e main.o
                0x00003534                UserVerifyPulse
 .text.GetDrink_Tick
                0x00003572      0x2f0 main.o
                0x00003572                GetDrink_Tick
 .text.GetDrinkTask
                0x00003862       0x10 main.o
                0x00003862                GetDrinkTask
 .text.GetDrinkPulse
                0x00003872       0x3e main.o
                0x00003872                GetDrinkPulse
 .text.GetKey_Tick
                0x000038b0      0x46a main.o
                0x000038b0                GetKey_Tick
 .text.GetKeyTask
                0x00003d1a        0xe main.o
                0x00003d1a                GetKeyTask
 .text.GetKeyPulse
                0x00003d28       0x3e main.o
                0x00003d28                GetKeyPulse
 .text.AutoLockLiquorDoor_Tick
                0x00003d66       0x6c main.o
                0x00003d66                AutoLockLiquorDoor_Tick
 .text.AutoLockLiquorDoorTask
                0x00003dd2        0xe main.o
                0x00003dd2                AutoLockLiquorDoorTask
 .text.AutoLockLiquorDoorPulse
                0x00003de0       0x3e main.o
                0x00003de0                AutoLockLiquorDoorPulse
 .text.AutoLockKeyDoor_Tick
                0x00003e1e       0x6c main.o
                0x00003e1e                AutoLockKeyDoor_Tick
 .text.AutoLockKeyDoorTask
                0x00003e8a        0xe main.o
                0x00003e8a                AutoLockKeyDoorTask
 .text.AutoLockKeyDoorPulse
                0x00003e98       0x3e main.o
                0x00003e98                AutoLockKeyDoorPulse
 .text.main     0x00003ed6       0x4e main.o
                0x00003ed6                main
 .text.write    0x00003f24       0x3c nokia5110.o
 .text.write_cmd
                0x00003f60        0x6 nokia5110.o
 .text.nokia_lcd_init
                0x00003f66       0x6c nokia5110.o
                0x00003f66                nokia_lcd_init
 .text.nokia_lcd_clear
                0x00003fd2       0x22 nokia5110.o
                0x00003fd2                nokia_lcd_clear
 .text.nokia_lcd_set_pixel
                0x00003ff4       0x56 nokia5110.o
                0x00003ff4                nokia_lcd_set_pixel
 .text.nokia_lcd_write_char
                0x0000404a      0x154 nokia5110.o
                0x0000404a                nokia_lcd_write_char
 .text.nokia_lcd_write_string
                0x0000419e       0x24 nokia5110.o
                0x0000419e                nokia_lcd_write_string
 .text.nokia_lcd_set_cursor
                0x000041c2        0xa nokia5110.o
                0x000041c2                nokia_lcd_set_cursor
 .text.nokia_lcd_render
                0x000041cc       0x2e nokia5110.o
                0x000041cc                nokia_lcd_render
 .text.pxPortInitialiseStack
                0x000041fa       0xd8 port.o
                0x000041fa                pxPortInitialiseStack
 .text.xPortStartScheduler
                0x000042d2       0x74 port.o
                0x000042d2                xPortStartScheduler
 .text.vPortYield
                0x00004346       0xb0 port.o
                0x00004346                vPortYield
 .text.vPortYieldFromTick
                0x000043f6       0xb2 port.o
                0x000043f6                vPortYieldFromTick
 .text.__vector_13
                0x000044a8        0x4 port.o
                0x000044a8                __vector_13
 .text.prvAddCurrentTaskToDelayedList
                0x000044ac       0x6e tasks.o
 .text.xTaskGenericCreate
                0x0000451a      0x202 tasks.o
                0x0000451a                xTaskGenericCreate
 .text.vTaskStartScheduler
                0x0000471c       0x52 tasks.o
                0x0000471c                vTaskStartScheduler
 .text.vTaskSuspendAll
                0x0000476e        0xc tasks.o
                0x0000476e                vTaskSuspendAll
 .text.vTaskIncrementTick
                0x0000477a      0x188 tasks.o
                0x0000477a                vTaskIncrementTick
 .text.xTaskResumeAll
                0x00004902      0x108 tasks.o
                0x00004902                xTaskResumeAll
 .text.vTaskDelay
                0x00004a0a       0x38 tasks.o
                0x00004a0a                vTaskDelay
 .text.prvIdleTask
                0x00004a42       0x72 tasks.o
 .text.vTaskSwitchContext
                0x00004ab4       0xd8 tasks.o
                0x00004ab4                vTaskSwitchContext
 .text.avr-libc.fplib
                0x00004b8c        0x4 c:/program files (x86)/atmel/studio/7.0/toolchain/avr8/avr8-gnu-toolchain/bin/../lib/gcc/avr/5.4.0/../../../../avr/lib/avr51\libm.a(divsf3.o)
                0x00004b8c                __divsf3
 .text.avr-libc.fplib
                0x00004b90       0xcc c:/program files (x86)/atmel/studio/7.0/toolchain/avr8/avr8-gnu-toolchain/bin/../lib/gcc/avr/5.4.0/../../../../avr/lib/avr51\libm.a(divsf3x.o)
                0x00004ba6                __divsf3x
                0x00004baa                __divsf3_pse
 .text.avr-libc.fplib
                0x00004c5c       0x7a c:/program files (x86)/atmel/studio/7.0/toolchain/avr8/avr8-gnu-toolchain/bin/../lib/gcc/avr/5.4.0/../../../../avr/lib/avr51\libm.a(floatsisf.o)
                0x00004c5c                __floatunsisf
                0x00004c60                __floatsisf
 .text.avr-libc.fplib
                0x00004cd6        0xc c:/program files (x86)/atmel/studio/7.0/toolchain/avr8/avr8-gnu-toolchain/bin/../lib/gcc/avr/5.4.0/../../../../avr/lib/avr51\libm.a(fp_inf.o)
                0x00004cd6                __fp_inf
 .text.avr-libc.fplib
                0x00004ce2        0x6 c:/program files (x86)/atmel/studio/7.0/toolchain/avr8/avr8-gnu-toolchain/bin/../lib/gcc/avr/5.4.0/../../../../avr/lib/avr51\libm.a(fp_nan.o)
                0x00004ce2                __fp_nan
 .text.avr-libc.fplib
                0x00004ce8        0xe c:/program files (x86)/atmel/studio/7.0/toolchain/avr8/avr8-gnu-toolchain/bin/../lib/gcc/avr/5.4.0/../../../../avr/lib/avr51\libm.a(fp_pscA.o)
                0x00004ce8                __fp_pscA
 .text.avr-libc.fplib
                0x00004cf6        0xe c:/program files (x86)/atmel/studio/7.0/toolchain/avr8/avr8-gnu-toolchain/bin/../lib/gcc/avr/5.4.0/../../../../avr/lib/avr51\libm.a(fp_pscB.o)
                0x00004cf6                __fp_pscB
 .text.avr-libc.fplib
                0x00004d04       0x22 c:/program files (x86)/atmel/studio/7.0/toolchain/avr8/avr8-gnu-toolchain/bin/../lib/gcc/avr/5.4.0/../../../../avr/lib/avr51\libm.a(fp_round.o)
                0x00004d04                __fp_round
 .text.avr-libc.fplib
                0x00004d26       0x44 c:/program files (x86)/atmel/studio/7.0/toolchain/avr8/avr8-gnu-toolchain/bin/../lib/gcc/avr/5.4.0/../../../../avr/lib/avr51\libm.a(fp_split3.o)
                0x00004d26                __fp_split3
                0x00004d36                __fp_splitA
 .text.avr-libc.fplib
                0x00004d6a        0xe c:/program files (x86)/atmel/studio/7.0/toolchain/avr8/avr8-gnu-toolchain/bin/../lib/gcc/avr/5.4.0/../../../../avr/lib/avr51\libm.a(fp_zero.o)
                0x00004d6a                __fp_zero
                0x00004d6c                __fp_szero
 .text.avr-libc.fplib
                0x00004d78        0x8 c:/program files (x86)/atmel/studio/7.0/toolchain/avr8/avr8-gnu-toolchain/bin/../lib/gcc/avr/5.4.0/../../../../avr/lib/avr51\libm.a(gesf2.o)
                0x00004d78                __gesf2
                0x00004d78                __gtsf2
 .text.avr-libc.fplib
                0x00004d80        0x4 c:/program files (x86)/atmel/studio/7.0/toolchain/avr8/avr8-gnu-toolchain/bin/../lib/gcc/avr/5.4.0/../../../../avr/lib/avr51\libm.a(mulsf3.o)
                0x00004d80                __mulsf3
 .text.avr-libc.fplib
                0x00004d84       0xc2 c:/program files (x86)/atmel/studio/7.0/toolchain/avr8/avr8-gnu-toolchain/bin/../lib/gcc/avr/5.4.0/../../../../avr/lib/avr51\libm.a(mulsf3x.o)
                0x00004d98                __mulsf3x
                0x00004d9c                __mulsf3_pse
 .text.avr-libc.fplib
                0x00004e46       0x48 c:/program files (x86)/atmel/studio/7.0/toolchain/avr8/avr8-gnu-toolchain/bin/../lib/gcc/avr/5.4.0/../../../../avr/lib/avr51\libm.a(fp_cmp.o)
                0x00004e46                __fp_cmp
 .text.libgcc.div
                0x00004e8e       0x18 c:/program files (x86)/atmel/studio/7.0/toolchain/avr8/avr8-gnu-toolchain/bin/../lib/gcc/avr/5.4.0/avr51\libgcc.a(_udivmodqi4.o)
                0x00004e8e                __udivmodqi4
 .text.libgcc   0x00004ea6       0x12 c:/program files (x86)/atmel/studio/7.0/toolchain/avr8/avr8-gnu-toolchain/bin/../lib/gcc/avr/5.4.0/avr51\libgcc.a(_tablejump2.o)
                0x00004ea6                __tablejump2__
 .text.libgcc.mul
                0x00004eb8       0x1e c:/program files (x86)/atmel/studio/7.0/toolchain/avr8/avr8-gnu-toolchain/bin/../lib/gcc/avr/5.4.0/avr51\libgcc.a(_umulhisi3.o)
                0x00004eb8                __umulhisi3
 .text.avr-libc
                0x00004ed6        0xe c:/program files (x86)/atmel/studio/7.0/toolchain/avr8/avr8-gnu-toolchain/bin/../lib/gcc/avr/5.4.0/../../../../avr/lib/avr51\libc.a(memset.o)
                0x00004ed6                memset
 .text.avr-libc
                0x00004ee4       0x1e c:/program files (x86)/atmel/studio/7.0/toolchain/avr8/avr8-gnu-toolchain/bin/../lib/gcc/avr/5.4.0/../../../../avr/lib/avr51\libc.a(strncpy.o)
                0x00004ee4                strncpy
                0x00004f02                . = ALIGN (0x2)
 *(.fini9)
 .fini9         0x00004f02        0x0 c:/program files (x86)/atmel/studio/7.0/toolchain/avr8/avr8-gnu-toolchain/bin/../lib/gcc/avr/5.4.0/avr51\libgcc.a(_exit.o)
                0x00004f02                _exit
                0x00004f02                exit
 *(.fini9)
 *(.fini8)
 *(.fini8)
 *(.fini7)
 *(.fini7)
 *(.fini6)
 *(.fini6)
 *(.fini5)
 *(.fini5)
 *(.fini4)
 *(.fini4)
 *(.fini3)
 *(.fini3)
 *(.fini2)
 *(.fini2)
 *(.fini1)
 *(.fini1)
 *(.fini0)
 .fini0         0x00004f02        0x4 c:/program files (x86)/atmel/studio/7.0/toolchain/avr8/avr8-gnu-toolchain/bin/../lib/gcc/avr/5.4.0/avr51\libgcc.a(_exit.o)
 *(.fini0)
                0x00004f06                _etext = .

.data           0x00800100      0x61e load address 0x00004f06
                0x00800100                PROVIDE (__data_start, .)
 *(.data)
 *(.data*)
 .data.correct_key
                0x00800100        0x1 main.o
                0x00800100                correct_key
 .data.user_to_remove
                0x00800101        0x1 main.o
                0x00800101                user_to_remove
 .data.weight_output
                0x00800102        0x5 main.o
                0x00800102                weight_output
 .data.user_name
                0x00800107        0xe main.o
                0x00800107                user_name
 .data.pound    0x00800115        0x4 main.o
                0x00800115                pound
 .data.star     0x00800119        0x4 main.o
                0x00800119                star
 .data.zero     0x0080011d        0x4 main.o
                0x0080011d                zero
 .data.nine     0x00800121        0x4 main.o
                0x00800121                nine
 .data.eight    0x00800125        0x4 main.o
                0x00800125                eight
 .data.seven    0x00800129        0x4 main.o
                0x00800129                seven
 .data.six      0x0080012d        0x4 main.o
                0x0080012d                six
 .data.five     0x00800131        0x4 main.o
                0x00800131                five
 .data.four     0x00800135        0x4 main.o
                0x00800135                four
 .data.three    0x00800139        0x4 main.o
                0x00800139                three
 .data.two      0x0080013d        0x4 main.o
                0x0080013d                two
 .data.one      0x00800141        0x4 main.o
                0x00800141                one
 .data.number_output
                0x00800145        0x5 main.o
                0x00800145                number_output
 .data.drink_names
                0x0080014a        0xc main.o
                0x0080014a                drink_names
 .data.List_of_Users
                0x00800156       0x6c main.o
                0x00800156                List_of_Users
 .data.current_user
                0x008001c2        0x1 main.o
                0x008001c2                current_user
 .data.xNextTaskUnblockTime
                0x008001c3        0x2 tasks.o
 *(.gnu.linkonce.d*)
 *(.rodata)
 *(.rodata*)
 .rodata.str1.1
                0x008001c5      0x554 main.o
                                0x5c1 (size before relaxing)
 .rodata.str1.1
                0x00800719        0x5 tasks.o
 *(.gnu.linkonce.r*)
                0x0080071e                . = ALIGN (0x2)
                0x0080071e                _edata = .
                0x0080071e                PROVIDE (__data_end, .)

.bss            0x0080071e      0x896
                0x0080071e                PROVIDE (__bss_start, .)
 *(.bss)
 *(.bss*)
 .bss.xNextFreeByte
                0x0080071e        0x2 heap_1.o
 .bss.xHeap     0x00800720      0x5dc heap_1.o
 .bss.key_door_counter
                0x00800cfc        0x2 main.o
                0x00800cfc                key_door_counter
 .bss.liquor_door_counter
                0x00800cfe        0x2 main.o
                0x00800cfe                liquor_door_counter
 .bss.amount_alcohol_consumed
                0x00800d00        0x1 main.o
                0x00800d00                amount_alcohol_consumed
 .bss.gk_prev_select
                0x00800d01        0x1 main.o
                0x00800d01                gk_prev_select
 .bss.gk_selection
                0x00800d02        0x1 main.o
                0x00800d02                gk_selection
 .bss.gd_prev_select
                0x00800d03        0x1 main.o
                0x00800d03                gd_prev_select
 .bss.gd_selection
                0x00800d04        0x1 main.o
                0x00800d04                gd_selection
 .bss.uv_password_fails
                0x00800d05        0x1 main.o
                0x00800d05                uv_password_fails
 .bss.uv_prev_select
                0x00800d06        0x1 main.o
                0x00800d06                uv_prev_select
 .bss.uv_selection
                0x00800d07        0x1 main.o
                0x00800d07                uv_selection
 .bss.temporary_password
                0x00800d08        0x9 main.o
                0x00800d08                temporary_password
 .bss.removeuser_password_fails
                0x00800d11        0x1 main.o
                0x00800d11                removeuser_password_fails
 .bss.removeuser_prev_selection
                0x00800d12        0x1 main.o
                0x00800d12                removeuser_prev_selection
 .bss.removeuser_selection
                0x00800d13        0x1 main.o
                0x00800d13                removeuser_selection
 .bss.adding_user_finished
                0x00800d14        0x1 main.o
                0x00800d14                adding_user_finished
 .bss.password_attempt_fails
                0x00800d15        0x1 main.o
                0x00800d15                password_attempt_fails
 .bss.previous_character
                0x00800d16        0x1 main.o
                0x00800d16                previous_character
 .bss.keypad_character
                0x00800d17        0x1 main.o
                0x00800d17                keypad_character
 .bss.password_size
                0x00800d18        0x1 main.o
                0x00800d18                password_size
 .bss.user_compare_password
                0x00800d19        0x9 main.o
                0x00800d19                user_compare_password
 .bss.user_password
                0x00800d22        0x9 main.o
                0x00800d22                user_password
 .bss.user_key  0x00800d2b        0x1 main.o
                0x00800d2b                user_key
 .bss.user_gender
                0x00800d2c        0x1 main.o
                0x00800d2c                user_gender
 .bss.user_weight
                0x00800d2d        0x2 main.o
                0x00800d2d                user_weight
 .bss.user_name_size
                0x00800d2f        0x1 main.o
                0x00800d2f                user_name_size
 .bss.auto_timer
                0x00800d30        0x4 main.o
                0x00800d30                auto_timer
 .bss.num_times_key_pushed
                0x00800d34        0x2 main.o
                0x00800d34                num_times_key_pushed
 .bss.previous_key_ANP
                0x00800d36        0x1 main.o
                0x00800d36                previous_key_ANP
 .bss.replace_drink_flag
                0x00800d37        0x1 main.o
                0x00800d37                replace_drink_flag
 .bss.drink_alcohol_content
                0x00800d38        0x1 main.o
                0x00800d38                drink_alcohol_content
 .bss.volume_of_drink
                0x00800d39        0x2 main.o
                0x00800d39                volume_of_drink
 .bss.type_of_drink
                0x00800d3b        0x1 main.o
                0x00800d3b                type_of_drink
 .bss.add_drink_prev_select
                0x00800d3c        0x1 main.o
                0x00800d3c                add_drink_prev_select
 .bss.add_drink_selection
                0x00800d3d        0x1 main.o
                0x00800d3d                add_drink_selection
 .bss.add_drink_flag
                0x00800d3e        0x1 main.o
                0x00800d3e                add_drink_flag
 .bss.keys_have_been_deposited
                0x00800d3f        0x1 main.o
                0x00800d3f                keys_have_been_deposited
 .bss.drink_has_been_removed
                0x00800d40        0x1 main.o
                0x00800d40                drink_has_been_removed
 .bss.key_door_sensor
                0x00800d41        0x1 main.o
                0x00800d41                key_door_sensor
 .bss.key_door_signal
                0x00800d42        0x1 main.o
                0x00800d42                key_door_signal
 .bss.liquor_door_sensor
                0x00800d43        0x1 main.o
                0x00800d43                liquor_door_sensor
 .bss.liquor_door_signal
                0x00800d44        0x1 main.o
                0x00800d44                liquor_door_signal
 .bss.timer_is_on
                0x00800d45        0x1 main.o
                0x00800d45                timer_is_on
 .bss.number_of_users
                0x00800d46        0x1 main.o
                0x00800d46                number_of_users
 .bss.correct_user_credentials
                0x00800d47        0x1 main.o
                0x00800d47                correct_user_credentials
 .bss.get_key_flag
                0x00800d48        0x1 main.o
                0x00800d48                get_key_flag
 .bss.get_drink_flag
                0x00800d49        0x1 main.o
                0x00800d49                get_drink_flag
 .bss.user_verify_flag
                0x00800d4a        0x1 main.o
                0x00800d4a                user_verify_flag
 .bss.removeusers_flag
                0x00800d4b        0x1 main.o
                0x00800d4b                removeusers_flag
 .bss.adding_user_flag
                0x00800d4c        0x1 main.o
                0x00800d4c                adding_user_flag
 .bss.user_menu_selection
                0x00800d4d        0x1 main.o
                0x00800d4d                user_menu_selection
 .bss.drink_menu_selection
                0x00800d4e        0x1 main.o
                0x00800d4e                drink_menu_selection
 .bss.settings_menu_selection
                0x00800d4f        0x1 main.o
                0x00800d4f                settings_menu_selection
 .bss.temp_menu_selection
                0x00800d50        0x1 main.o
                0x00800d50                temp_menu_selection
 .bss.main_menu_selection
                0x00800d51        0x1 main.o
                0x00800d51                main_menu_selection
 .bss.nokia_lcd
                0x00800d52      0x1fa nokia5110.o
 .bss.uxTaskNumber
                0x00800f4c        0x1 tasks.o
 .bss.xNumOfOverflows
                0x00800f4d        0x1 tasks.o
 .bss.xMissedYield
                0x00800f4e        0x1 tasks.o
 .bss.uxMissedTicks
                0x00800f4f        0x1 tasks.o
 .bss.uxSchedulerSuspended
                0x00800f50        0x1 tasks.o
 .bss.xSchedulerRunning
                0x00800f51        0x1 tasks.o
 .bss.uxTopReadyPriority
                0x00800f52        0x1 tasks.o
 .bss.uxTopUsedPriority
                0x00800f53        0x1 tasks.o
 .bss.xTickCount
                0x00800f54        0x2 tasks.o
 .bss.uxCurrentNumberOfTasks
                0x00800f56        0x1 tasks.o
 .bss.uxTasksDeleted
                0x00800f57        0x1 tasks.o
 .bss.xTasksWaitingTermination
                0x00800f58        0x9 tasks.o
 .bss.xPendingReadyList
                0x00800f61        0x9 tasks.o
 .bss.pxOverflowDelayedTaskList
                0x00800f6a        0x2 tasks.o
 .bss.pxDelayedTaskList
                0x00800f6c        0x2 tasks.o
 .bss.xDelayedTaskList2
                0x00800f6e        0x9 tasks.o
 .bss.xDelayedTaskList1
                0x00800f77        0x9 tasks.o
 .bss.pxReadyTasksLists
                0x00800f80       0x24 tasks.o
 .bss.pxCurrentTCB
                0x00800fa4        0x2 tasks.o
                0x00800fa4                pxCurrentTCB
 *(COMMON)
 COMMON         0x00800fa6        0xe main.o
                0x00800fa6                system_init
                0x00800fa7                auto_lock_key_door
                0x00800fa8                user_verify_state
                0x00800fa9                adduser_state
                0x00800faa                add_drink_state
                0x00800fab                replace_drink_state
                0x00800fac                auto_lock_liquor_door
                0x00800fad                removeusers
                0x00800fae                pushed_key_ANP
                0x00800faf                main_menu_init
                0x00800fb0                get_key_state
                0x00800fb1                get_drink_state
                0x00800fb2                tmp_pressed_key
                0x00800fb3                mainmenu_state
                0x00800fb4                PROVIDE (__bss_end, .)
                0x00004f06                __data_load_start = LOADADDR (.data)
                0x00005524                __data_load_end = (__data_load_start + SIZEOF (.data))

.noinit         0x00800fb4        0x0
                [!provide]                PROVIDE (__noinit_start, .)
 *(.noinit*)
                [!provide]                PROVIDE (__noinit_end, .)
                0x00800fb4                _end = .
                [!provide]                PROVIDE (__heap_start, .)

.eeprom         0x00810000        0x0
 *(.eeprom*)
                0x00810000                __eeprom_end = .

.fuse
 *(.fuse)
 *(.lfuse)
 *(.hfuse)
 *(.efuse)

.lock
 *(.lock*)

.signature
 *(.signature*)

.user_signatures
 *(.user_signatures*)

.stab
 *(.stab)

.stabstr
 *(.stabstr)

.stab.excl
 *(.stab.excl)

.stab.exclstr
 *(.stab.exclstr)

.stab.index
 *(.stab.index)

.stab.indexstr
 *(.stab.indexstr)

.comment        0x00000000       0x30
 *(.comment)
 .comment       0x00000000       0x30 heap_1.o
                                 0x31 (size before relaxing)
 .comment       0x00000030       0x31 list.o
 .comment       0x00000030       0x31 main.o
 .comment       0x00000030       0x31 nokia5110.o
 .comment       0x00000030       0x31 port.o
 .comment       0x00000030       0x31 tasks.o

.note.gnu.avr.deviceinfo
                0x00000000       0x40
 .note.gnu.avr.deviceinfo
                0x00000000       0x40 C:/Program Files (x86)/Atmel/Studio/7.0/Packs/atmel/ATmega_DFP/1.2.150/gcc/dev/atmega1284/avr51/crtatmega1284.o

.note.gnu.build-id
 *(.note.gnu.build-id)

.debug
 *(.debug)

.line
 *(.line)

.debug_srcinfo
 *(.debug_srcinfo)

.debug_sfnames
 *(.debug_sfnames)

.debug_aranges  0x00000000      0x3d8
 *(.debug_aranges)
 .debug_aranges
                0x00000000       0x38 heap_1.o
 .debug_aranges
                0x00000038       0x40 list.o
 .debug_aranges
                0x00000078      0x1f8 main.o
 .debug_aranges
                0x00000270       0x68 nokia5110.o
 .debug_aranges
                0x000002d8       0x48 port.o
 .debug_aranges
                0x00000320       0xb8 tasks.o

.debug_pubnames
 *(.debug_pubnames)

.debug_info     0x00000000     0x8a3e
 *(.debug_info .gnu.linkonce.wi.*)
 .debug_info    0x00000000      0x792 C:/Program Files (x86)/Atmel/Studio/7.0/Packs/atmel/ATmega_DFP/1.2.150/gcc/dev/atmega1284/avr51/crtatmega1284.o
 .debug_info    0x00000792      0x1a7 heap_1.o
 .debug_info    0x00000939      0x2c1 list.o
 .debug_info    0x00000bfa     0x64c6 main.o
 .debug_info    0x000070c0      0x5ea nokia5110.o
 .debug_info    0x000076aa      0x23e port.o
 .debug_info    0x000078e8     0x1156 tasks.o

.debug_abbrev   0x00000000     0x12e5
 *(.debug_abbrev)
 .debug_abbrev  0x00000000      0x729 C:/Program Files (x86)/Atmel/Studio/7.0/Packs/atmel/ATmega_DFP/1.2.150/gcc/dev/atmega1284/avr51/crtatmega1284.o
 .debug_abbrev  0x00000729      0x136 heap_1.o
 .debug_abbrev  0x0000085f       0xf6 list.o
 .debug_abbrev  0x00000955      0x39d main.o
 .debug_abbrev  0x00000cf2      0x1e6 nokia5110.o
 .debug_abbrev  0x00000ed8      0x155 port.o
 .debug_abbrev  0x0000102d      0x2b8 tasks.o

.debug_line     0x00000000     0x4a2d
 *(.debug_line .debug_line.* .debug_line_end)
 .debug_line    0x00000000      0x169 C:/Program Files (x86)/Atmel/Studio/7.0/Packs/atmel/ATmega_DFP/1.2.150/gcc/dev/atmega1284/avr51/crtatmega1284.o
 .debug_line    0x00000169      0x18a heap_1.o
 .debug_line    0x000002f3      0x221 list.o
 .debug_line    0x00000514     0x34f8 main.o
 .debug_line    0x00003a0c      0x3dd nokia5110.o
 .debug_line    0x00003de9      0x340 port.o
 .debug_line    0x00004129      0x904 tasks.o

.debug_frame    0x00000000      0xb34
 *(.debug_frame)
 .debug_frame   0x00000000       0x60 heap_1.o
 .debug_frame   0x00000060       0x7c list.o
 .debug_frame   0x000000dc      0x644 main.o
 .debug_frame   0x00000720      0x130 nokia5110.o
 .debug_frame   0x00000850       0x74 port.o
 .debug_frame   0x000008c4      0x270 tasks.o

.debug_str      0x00000000     0x1b55
 *(.debug_str)
 .debug_str     0x00000000      0x296 C:/Program Files (x86)/Atmel/Studio/7.0/Packs/atmel/ATmega_DFP/1.2.150/gcc/dev/atmega1284/avr51/crtatmega1284.o
 .debug_str     0x00000296      0x1ff heap_1.o
                                0x238 (size before relaxing)
 .debug_str     0x00000495      0x137 list.o
                                0x2a0 (size before relaxing)
 .debug_str     0x000005cc      0xeb5 main.o
                               0x109b (size before relaxing)
 .debug_str     0x00001481       0xb1 nokia5110.o
                                0x2ef (size before relaxing)
 .debug_str     0x00001532      0x10a port.o
                                0x29e (size before relaxing)
 .debug_str     0x0000163c      0x519 tasks.o
                                0x898 (size before relaxing)

.debug_loc      0x00000000     0x3fcd
 *(.debug_loc)
 .debug_loc     0x00000000       0xf1 heap_1.o
 .debug_loc     0x000000f1       0xfe list.o
 .debug_loc     0x000001ef     0x2962 main.o
 .debug_loc     0x00002b51      0x559 nokia5110.o
 .debug_loc     0x000030aa      0x2a0 port.o
 .debug_loc     0x0000334a      0xc83 tasks.o

.debug_macinfo
 *(.debug_macinfo)

.debug_weaknames
 *(.debug_weaknames)

.debug_funcnames
 *(.debug_funcnames)

.debug_typenames
 *(.debug_typenames)

.debug_varnames
 *(.debug_varnames)

.debug_pubtypes
 *(.debug_pubtypes)

.debug_ranges   0x00000000      0x410
 *(.debug_ranges)
 .debug_ranges  0x00000000       0x28 heap_1.o
 .debug_ranges  0x00000028       0x30 list.o
 .debug_ranges  0x00000058      0x218 main.o
 .debug_ranges  0x00000270       0x78 nokia5110.o
 .debug_ranges  0x000002e8       0x38 port.o
 .debug_ranges  0x00000320       0xf0 tasks.o

.debug_macro
 *(.debug_macro)
OUTPUT(MainMenu.elf elf32-avr)
LOAD linker stubs
