Archive member included to satisfy reference by file (symbol)

c:/program files (x86)/atmel/studio/7.0/toolchain/avr8/avr8-gnu-toolchain/bin/../lib/gcc/avr/5.4.0/../../../../avr/lib/avr51\libm.a(addsf3.o)
                              HX711.o (__subsf3)
c:/program files (x86)/atmel/studio/7.0/toolchain/avr8/avr8-gnu-toolchain/bin/../lib/gcc/avr/5.4.0/../../../../avr/lib/avr51\libm.a(addsf3x.o)
                              c:/program files (x86)/atmel/studio/7.0/toolchain/avr8/avr8-gnu-toolchain/bin/../lib/gcc/avr/5.4.0/../../../../avr/lib/avr51\libm.a(addsf3.o) (__addsf3x)
c:/program files (x86)/atmel/studio/7.0/toolchain/avr8/avr8-gnu-toolchain/bin/../lib/gcc/avr/5.4.0/../../../../avr/lib/avr51\libm.a(divsf3.o)
                              HX711.o (__divsf3)
c:/program files (x86)/atmel/studio/7.0/toolchain/avr8/avr8-gnu-toolchain/bin/../lib/gcc/avr/5.4.0/../../../../avr/lib/avr51\libm.a(divsf3x.o)
                              c:/program files (x86)/atmel/studio/7.0/toolchain/avr8/avr8-gnu-toolchain/bin/../lib/gcc/avr/5.4.0/../../../../avr/lib/avr51\libm.a(divsf3.o) (__divsf3x)
c:/program files (x86)/atmel/studio/7.0/toolchain/avr8/avr8-gnu-toolchain/bin/../lib/gcc/avr/5.4.0/../../../../avr/lib/avr51\libm.a(fixsfsi.o)
                              main.o (__fixsfsi)
c:/program files (x86)/atmel/studio/7.0/toolchain/avr8/avr8-gnu-toolchain/bin/../lib/gcc/avr/5.4.0/../../../../avr/lib/avr51\libm.a(fixunssfsi.o)
                              main.o (__fixunssfsi)
c:/program files (x86)/atmel/studio/7.0/toolchain/avr8/avr8-gnu-toolchain/bin/../lib/gcc/avr/5.4.0/../../../../avr/lib/avr51\libm.a(floatsisf.o)
                              HX711.o (__floatunsisf)
c:/program files (x86)/atmel/studio/7.0/toolchain/avr8/avr8-gnu-toolchain/bin/../lib/gcc/avr/5.4.0/../../../../avr/lib/avr51\libm.a(fp_inf.o)
                              c:/program files (x86)/atmel/studio/7.0/toolchain/avr8/avr8-gnu-toolchain/bin/../lib/gcc/avr/5.4.0/../../../../avr/lib/avr51\libm.a(addsf3x.o) (__fp_inf)
c:/program files (x86)/atmel/studio/7.0/toolchain/avr8/avr8-gnu-toolchain/bin/../lib/gcc/avr/5.4.0/../../../../avr/lib/avr51\libm.a(fp_nan.o)
                              c:/program files (x86)/atmel/studio/7.0/toolchain/avr8/avr8-gnu-toolchain/bin/../lib/gcc/avr/5.4.0/../../../../avr/lib/avr51\libm.a(addsf3x.o) (__fp_nan)
c:/program files (x86)/atmel/studio/7.0/toolchain/avr8/avr8-gnu-toolchain/bin/../lib/gcc/avr/5.4.0/../../../../avr/lib/avr51\libm.a(fp_pscA.o)
                              c:/program files (x86)/atmel/studio/7.0/toolchain/avr8/avr8-gnu-toolchain/bin/../lib/gcc/avr/5.4.0/../../../../avr/lib/avr51\libm.a(addsf3x.o) (__fp_pscA)
c:/program files (x86)/atmel/studio/7.0/toolchain/avr8/avr8-gnu-toolchain/bin/../lib/gcc/avr/5.4.0/../../../../avr/lib/avr51\libm.a(fp_pscB.o)
                              c:/program files (x86)/atmel/studio/7.0/toolchain/avr8/avr8-gnu-toolchain/bin/../lib/gcc/avr/5.4.0/../../../../avr/lib/avr51\libm.a(addsf3x.o) (__fp_pscB)
c:/program files (x86)/atmel/studio/7.0/toolchain/avr8/avr8-gnu-toolchain/bin/../lib/gcc/avr/5.4.0/../../../../avr/lib/avr51\libm.a(fp_round.o)
                              c:/program files (x86)/atmel/studio/7.0/toolchain/avr8/avr8-gnu-toolchain/bin/../lib/gcc/avr/5.4.0/../../../../avr/lib/avr51\libm.a(addsf3.o) (__fp_round)
c:/program files (x86)/atmel/studio/7.0/toolchain/avr8/avr8-gnu-toolchain/bin/../lib/gcc/avr/5.4.0/../../../../avr/lib/avr51\libm.a(fp_split3.o)
                              c:/program files (x86)/atmel/studio/7.0/toolchain/avr8/avr8-gnu-toolchain/bin/../lib/gcc/avr/5.4.0/../../../../avr/lib/avr51\libm.a(addsf3x.o) (__fp_split3)
c:/program files (x86)/atmel/studio/7.0/toolchain/avr8/avr8-gnu-toolchain/bin/../lib/gcc/avr/5.4.0/../../../../avr/lib/avr51\libm.a(fp_zero.o)
                              c:/program files (x86)/atmel/studio/7.0/toolchain/avr8/avr8-gnu-toolchain/bin/../lib/gcc/avr/5.4.0/../../../../avr/lib/avr51\libm.a(addsf3x.o) (__fp_zero)
c:/program files (x86)/atmel/studio/7.0/toolchain/avr8/avr8-gnu-toolchain/bin/../lib/gcc/avr/5.4.0/../../../../avr/lib/avr51\libm.a(gesf2.o)
                              main.o (__gtsf2)
c:/program files (x86)/atmel/studio/7.0/toolchain/avr8/avr8-gnu-toolchain/bin/../lib/gcc/avr/5.4.0/../../../../avr/lib/avr51\libm.a(mulsf3.o)
                              main.o (__mulsf3)
c:/program files (x86)/atmel/studio/7.0/toolchain/avr8/avr8-gnu-toolchain/bin/../lib/gcc/avr/5.4.0/../../../../avr/lib/avr51\libm.a(mulsf3x.o)
                              c:/program files (x86)/atmel/studio/7.0/toolchain/avr8/avr8-gnu-toolchain/bin/../lib/gcc/avr/5.4.0/../../../../avr/lib/avr51\libm.a(mulsf3.o) (__mulsf3x)
c:/program files (x86)/atmel/studio/7.0/toolchain/avr8/avr8-gnu-toolchain/bin/../lib/gcc/avr/5.4.0/../../../../avr/lib/avr51\libm.a(fp_cmp.o)
                              c:/program files (x86)/atmel/studio/7.0/toolchain/avr8/avr8-gnu-toolchain/bin/../lib/gcc/avr/5.4.0/../../../../avr/lib/avr51\libm.a(gesf2.o) (__fp_cmp)
c:/program files (x86)/atmel/studio/7.0/toolchain/avr8/avr8-gnu-toolchain/bin/../lib/gcc/avr/5.4.0/avr51\libgcc.a(_udivmodqi4.o)
                              nokia5110.o (__udivmodqi4)
c:/program files (x86)/atmel/studio/7.0/toolchain/avr8/avr8-gnu-toolchain/bin/../lib/gcc/avr/5.4.0/avr51\libgcc.a(_udivmodhi4.o)
                              main.o (__udivmodhi4)
c:/program files (x86)/atmel/studio/7.0/toolchain/avr8/avr8-gnu-toolchain/bin/../lib/gcc/avr/5.4.0/avr51\libgcc.a(_udivmodsi4.o)
                              HX711.o (__udivmodsi4)
c:/program files (x86)/atmel/studio/7.0/toolchain/avr8/avr8-gnu-toolchain/bin/../lib/gcc/avr/5.4.0/avr51\libgcc.a(_divmodsi4.o)
                              main.o (__divmodsi4)
c:/program files (x86)/atmel/studio/7.0/toolchain/avr8/avr8-gnu-toolchain/bin/../lib/gcc/avr/5.4.0/avr51\libgcc.a(_negsi2.o)
                              c:/program files (x86)/atmel/studio/7.0/toolchain/avr8/avr8-gnu-toolchain/bin/../lib/gcc/avr/5.4.0/avr51\libgcc.a(_divmodsi4.o) (__negsi2)
c:/program files (x86)/atmel/studio/7.0/toolchain/avr8/avr8-gnu-toolchain/bin/../lib/gcc/avr/5.4.0/avr51\libgcc.a(_exit.o)
                              C:/Program Files (x86)/Atmel/Studio/7.0/Packs/atmel/ATmega_DFP/1.2.150/gcc/dev/atmega1284/avr51/crtatmega1284.o (exit)
c:/program files (x86)/atmel/studio/7.0/toolchain/avr8/avr8-gnu-toolchain/bin/../lib/gcc/avr/5.4.0/avr51\libgcc.a(_tablejump2.o)
                              main.o (__tablejump2__)
c:/program files (x86)/atmel/studio/7.0/toolchain/avr8/avr8-gnu-toolchain/bin/../lib/gcc/avr/5.4.0/avr51\libgcc.a(_copy_data.o)
                              main.o (__do_copy_data)
c:/program files (x86)/atmel/studio/7.0/toolchain/avr8/avr8-gnu-toolchain/bin/../lib/gcc/avr/5.4.0/avr51\libgcc.a(_clear_bss.o)
                              croutine.o (__do_clear_bss)
c:/program files (x86)/atmel/studio/7.0/toolchain/avr8/avr8-gnu-toolchain/bin/../lib/gcc/avr/5.4.0/avr51\libgcc.a(_umulhisi3.o)
                              main.o (__umulhisi3)
c:/program files (x86)/atmel/studio/7.0/toolchain/avr8/avr8-gnu-toolchain/bin/../lib/gcc/avr/5.4.0/../../../../avr/lib/avr51\libc.a(memcpy.o)
                              queue.o (memcpy)
c:/program files (x86)/atmel/studio/7.0/toolchain/avr8/avr8-gnu-toolchain/bin/../lib/gcc/avr/5.4.0/../../../../avr/lib/avr51\libc.a(memset.o)
                              tasks.o (memset)
c:/program files (x86)/atmel/studio/7.0/toolchain/avr8/avr8-gnu-toolchain/bin/../lib/gcc/avr/5.4.0/../../../../avr/lib/avr51\libc.a(strncpy.o)
                              main.o (strncpy)

Allocating common symbols
Common symbol       size              file

system_init         0x1               main.o
auto_lock_key_door  0x1               main.o
user_verify_state   0x1               main.o
OFFSET              0x4               HX711.o
adduser_state       0x1               main.o
GAIN                0x1               HX711.o
add_drink_state     0x1               main.o
replace_drink_state
                    0x1               main.o
auto_lock_liquor_door
                    0x1               main.o
removeusers         0x1               main.o
pushed_key_ANP      0x1               main.o
OFFSET_1            0x4               HX711_1.o
main_menu_init      0x1               main.o
get_key_state       0x1               main.o
GAIN_1              0x1               HX711_1.o
time_elapsed_state  0x1               main.o
get_drink_state     0x1               main.o
tmp_pressed_key     0x1               main.o
SCALE               0x4               HX711.o
mainmenu_state      0x1               main.o
SCALE_1             0x4               HX711_1.o

Discarded input sections

 .data          0x00000000        0x0 C:/Program Files (x86)/Atmel/Studio/7.0/Packs/atmel/ATmega_DFP/1.2.150/gcc/dev/atmega1284/avr51/crtatmega1284.o
 .bss           0x00000000        0x0 C:/Program Files (x86)/Atmel/Studio/7.0/Packs/atmel/ATmega_DFP/1.2.150/gcc/dev/atmega1284/avr51/crtatmega1284.o
 .text          0x00000000        0x0 croutine.o
 .data          0x00000000        0x0 croutine.o
 .bss           0x00000000        0x0 croutine.o
 .text.xCoRoutineCreate
                0x00000000       0xf0 croutine.o
 .text.vCoRoutineAddToDelayedList
                0x00000000       0x86 croutine.o
 .text.vCoRoutineSchedule
                0x00000000      0x274 croutine.o
 .text.xCoRoutineRemoveFromEventList
                0x00000000       0x4a croutine.o
 .bss.xPassedTicks
                0x00000000        0x2 croutine.o
 .bss.xLastTickCount
                0x00000000        0x2 croutine.o
 .bss.xCoRoutineTickCount
                0x00000000        0x2 croutine.o
 .bss.uxTopCoRoutineReadyPriority
                0x00000000        0x1 croutine.o
 .bss.pxCurrentCoRoutine
                0x00000000        0x2 croutine.o
 .bss.xPendingReadyCoRoutineList
                0x00000000        0x9 croutine.o
 .bss.pxOverflowDelayedCoRoutineList
                0x00000000        0x2 croutine.o
 .bss.pxDelayedCoRoutineList
                0x00000000        0x2 croutine.o
 .bss.xDelayedCoRoutineList2
                0x00000000        0x9 croutine.o
 .bss.xDelayedCoRoutineList1
                0x00000000        0x9 croutine.o
 .bss.pxReadyCoRoutineLists
                0x00000000       0x12 croutine.o
 .debug_info    0x00000000      0x778 croutine.o
 .debug_abbrev  0x00000000      0x220 croutine.o
 .debug_loc     0x00000000      0x3eb croutine.o
 .debug_aranges
                0x00000000       0x38 croutine.o
 .debug_ranges  0x00000000       0x28 croutine.o
 .debug_line    0x00000000      0x361 croutine.o
 .debug_str     0x00000000      0x537 croutine.o
 .comment       0x00000000       0x31 croutine.o
 .debug_frame   0x00000000       0xc0 croutine.o
 .text          0x00000000        0x0 heap_1.o
 .data          0x00000000        0x0 heap_1.o
 .bss           0x00000000        0x0 heap_1.o
 .text.vPortInitialiseBlocks
                0x00000000        0xa heap_1.o
 .text.xPortGetFreeHeapSize
                0x00000000       0x12 heap_1.o
 .text          0x00000000        0x0 HX711.o
 .data          0x00000000        0x0 HX711.o
 .bss           0x00000000        0x0 HX711.o
 .text.HX711_tare
                0x00000000       0x1a HX711.o
 .text.HX711_get_scale
                0x00000000       0x12 HX711.o
 .text.HX711_get_offset
                0x00000000       0x12 HX711.o
 .text.HX711_power_down
                0x00000000        0xe HX711.o
 .text.HX711_power_up
                0x00000000        0x4 HX711.o
 .text.shiftIn  0x00000000       0x26 HX711.o
 .text          0x00000000        0x0 HX711_1.o
 .data          0x00000000        0x0 HX711_1.o
 .bss           0x00000000        0x0 HX711_1.o
 .text.HX711_1_tare
                0x00000000       0x1a HX711_1.o
 .text.HX711_1_get_scale
                0x00000000       0x12 HX711_1.o
 .text.HX711_1_get_offset
                0x00000000       0x12 HX711_1.o
 .text.HX711_1_power_down
                0x00000000        0xe HX711_1.o
 .text.HX711_1_power_up
                0x00000000        0x4 HX711_1.o
 .text.shiftIn_1
                0x00000000       0x2a HX711_1.o
 .text          0x00000000        0x0 list.o
 .data          0x00000000        0x0 list.o
 .bss           0x00000000        0x0 list.o
 .text          0x00000000        0x0 main.o
 .data          0x00000000        0x0 main.o
 .bss           0x00000000        0x0 main.o
 .text.SetBit   0x00000000       0x2a main.o
 .text.GetBit   0x00000000       0x10 main.o
 .text.alcohol_scale_reader
                0x00000000       0x2c main.o
 .text.key_scale_reader
                0x00000000        0x4 main.o
 .text.AddUser_Init
                0x00000000        0x6 main.o
 .text.RemoveUsers_Init
                0x00000000        0x6 main.o
 .text.AddDrink_Init
                0x00000000        0x6 main.o
 .text.replace_drink_success
                0x00000000       0x26 main.o
 .text.ReplaceDrink_Init
                0x00000000        0x6 main.o
 .text.UserVerify_Init
                0x00000000        0x6 main.o
 .text.GetDrink_Init
                0x00000000        0x6 main.o
 .text.GetKey_Init
                0x00000000        0x6 main.o
 .text.AutoLockLiquorDoor_Init
                0x00000000        0x6 main.o
 .text.AutoLockKeyDoor_Init
                0x00000000        0x6 main.o
 .text.TimeElapsed_Init
                0x00000000        0x6 main.o
 .rodata.female_constant
                0x00000000        0x4 main.o
 .rodata.male_constant
                0x00000000        0x4 main.o
 .bss.time_elapsed_flag
                0x00000000        0x1 main.o
 .text          0x00000000        0x0 nokia5110.o
 .data          0x00000000        0x0 nokia5110.o
 .bss           0x00000000        0x0 nokia5110.o
 .text.nokia_lcd_power
                0x00000000       0x10 nokia5110.o
 .text          0x00000000        0x0 port.o
 .data          0x00000000        0x0 port.o
 .bss           0x00000000        0x0 port.o
 .text.vPortEndScheduler
                0x00000000        0x2 port.o
 .text          0x00000000        0x0 queue.o
 .data          0x00000000        0x0 queue.o
 .bss           0x00000000        0x0 queue.o
 .text.prvCopyDataToQueue
                0x00000000       0x82 queue.o
 .text.prvCopyDataFromQueue
                0x00000000       0x34 queue.o
 .text.prvUnlockQueue
                0x00000000       0x94 queue.o
 .text.xQueueGenericReset
                0x00000000       0x78 queue.o
 .text.xQueueGenericCreate
                0x00000000       0x5c queue.o
 .text.xQueueGenericSend
                0x00000000      0x134 queue.o
 .text.xQueueGenericSendFromISR
                0x00000000       0x58 queue.o
 .text.xQueueGenericReceive
                0x00000000      0x158 queue.o
 .text.xQueueReceiveFromISR
                0x00000000       0x5a queue.o
 .text.uxQueueMessagesWaiting
                0x00000000       0x10 queue.o
 .text.uxQueueMessagesWaitingFromISR
                0x00000000        0x6 queue.o
 .text.vQueueDelete
                0x00000000       0x1a queue.o
 .text.xQueueIsQueueEmptyFromISR
                0x00000000        0xc queue.o
 .text.xQueueIsQueueFullFromISR
                0x00000000        0xe queue.o
 .text.xQueueCRSend
                0x00000000       0x74 queue.o
 .text.xQueueCRReceive
                0x00000000       0x94 queue.o
 .text.xQueueCRSendFromISR
                0x00000000       0x48 queue.o
 .text.xQueueCRReceiveFromISR
                0x00000000       0x82 queue.o
 .debug_info    0x00000000      0xf7e queue.o
 .debug_abbrev  0x00000000      0x1f2 queue.o
 .debug_loc     0x00000000     0x12e4 queue.o
 .debug_aranges
                0x00000000       0xa8 queue.o
 .debug_ranges  0x00000000       0x98 queue.o
 .debug_line    0x00000000      0x8ea queue.o
 .debug_str     0x00000000      0x6d2 queue.o
 .comment       0x00000000       0x31 queue.o
 .debug_frame   0x00000000      0x268 queue.o
 .text          0x00000000        0x0 tasks.o
 .data          0x00000000        0x0 tasks.o
 .bss           0x00000000        0x0 tasks.o
 .text.vTaskDelete
                0x00000000       0x92 tasks.o
 .text.vTaskEndScheduler
                0x00000000        0xc tasks.o
 .text.xTaskGetTickCount
                0x00000000       0x14 tasks.o
 .text.xTaskGetTickCountFromISR
                0x00000000        0xa tasks.o
 .text.uxTaskGetNumberOfTasks
                0x00000000        0x6 tasks.o
 .text.vTaskDelayUntil
                0x00000000       0x94 tasks.o
 .text.vTaskPlaceOnEventList
                0x00000000       0x3a tasks.o
 .text.xTaskRemoveFromEventList
                0x00000000       0x8a tasks.o
 .text.vTaskSetTimeOutState
                0x00000000       0x16 tasks.o
 .text.xTaskCheckForTimeOut
                0x00000000       0x6e tasks.o
 .text.vTaskMissedYield
                0x00000000        0x8 tasks.o
 .text          0x00000000        0x0 timers.o
 .data          0x00000000        0x0 timers.o
 .bss           0x00000000        0x0 timers.o
 .debug_info    0x00000000       0x6b timers.o
 .debug_abbrev  0x00000000       0x26 timers.o
 .debug_aranges
                0x00000000       0x18 timers.o
 .debug_line    0x00000000       0x1a timers.o
 .debug_str     0x00000000      0x18d timers.o
 .comment       0x00000000       0x31 timers.o
 .text          0x00000000        0x0 c:/program files (x86)/atmel/studio/7.0/toolchain/avr8/avr8-gnu-toolchain/bin/../lib/gcc/avr/5.4.0/../../../../avr/lib/avr51\libm.a(addsf3.o)
 .data          0x00000000        0x0 c:/program files (x86)/atmel/studio/7.0/toolchain/avr8/avr8-gnu-toolchain/bin/../lib/gcc/avr/5.4.0/../../../../avr/lib/avr51\libm.a(addsf3.o)
 .bss           0x00000000        0x0 c:/program files (x86)/atmel/studio/7.0/toolchain/avr8/avr8-gnu-toolchain/bin/../lib/gcc/avr/5.4.0/../../../../avr/lib/avr51\libm.a(addsf3.o)
 .text          0x00000000        0x0 c:/program files (x86)/atmel/studio/7.0/toolchain/avr8/avr8-gnu-toolchain/bin/../lib/gcc/avr/5.4.0/../../../../avr/lib/avr51\libm.a(addsf3x.o)
 .data          0x00000000        0x0 c:/program files (x86)/atmel/studio/7.0/toolchain/avr8/avr8-gnu-toolchain/bin/../lib/gcc/avr/5.4.0/../../../../avr/lib/avr51\libm.a(addsf3x.o)
 .bss           0x00000000        0x0 c:/program files (x86)/atmel/studio/7.0/toolchain/avr8/avr8-gnu-toolchain/bin/../lib/gcc/avr/5.4.0/../../../../avr/lib/avr51\libm.a(addsf3x.o)
 .text          0x00000000        0x0 c:/program files (x86)/atmel/studio/7.0/toolchain/avr8/avr8-gnu-toolchain/bin/../lib/gcc/avr/5.4.0/../../../../avr/lib/avr51\libm.a(divsf3.o)
 .data          0x00000000        0x0 c:/program files (x86)/atmel/studio/7.0/toolchain/avr8/avr8-gnu-toolchain/bin/../lib/gcc/avr/5.4.0/../../../../avr/lib/avr51\libm.a(divsf3.o)
 .bss           0x00000000        0x0 c:/program files (x86)/atmel/studio/7.0/toolchain/avr8/avr8-gnu-toolchain/bin/../lib/gcc/avr/5.4.0/../../../../avr/lib/avr51\libm.a(divsf3.o)
 .text          0x00000000        0x0 c:/program files (x86)/atmel/studio/7.0/toolchain/avr8/avr8-gnu-toolchain/bin/../lib/gcc/avr/5.4.0/../../../../avr/lib/avr51\libm.a(divsf3x.o)
 .data          0x00000000        0x0 c:/program files (x86)/atmel/studio/7.0/toolchain/avr8/avr8-gnu-toolchain/bin/../lib/gcc/avr/5.4.0/../../../../avr/lib/avr51\libm.a(divsf3x.o)
 .bss           0x00000000        0x0 c:/program files (x86)/atmel/studio/7.0/toolchain/avr8/avr8-gnu-toolchain/bin/../lib/gcc/avr/5.4.0/../../../../avr/lib/avr51\libm.a(divsf3x.o)
 .text          0x00000000        0x0 c:/program files (x86)/atmel/studio/7.0/toolchain/avr8/avr8-gnu-toolchain/bin/../lib/gcc/avr/5.4.0/../../../../avr/lib/avr51\libm.a(fixsfsi.o)
 .data          0x00000000        0x0 c:/program files (x86)/atmel/studio/7.0/toolchain/avr8/avr8-gnu-toolchain/bin/../lib/gcc/avr/5.4.0/../../../../avr/lib/avr51\libm.a(fixsfsi.o)
 .bss           0x00000000        0x0 c:/program files (x86)/atmel/studio/7.0/toolchain/avr8/avr8-gnu-toolchain/bin/../lib/gcc/avr/5.4.0/../../../../avr/lib/avr51\libm.a(fixsfsi.o)
 .text          0x00000000        0x0 c:/program files (x86)/atmel/studio/7.0/toolchain/avr8/avr8-gnu-toolchain/bin/../lib/gcc/avr/5.4.0/../../../../avr/lib/avr51\libm.a(fixunssfsi.o)
 .data          0x00000000        0x0 c:/program files (x86)/atmel/studio/7.0/toolchain/avr8/avr8-gnu-toolchain/bin/../lib/gcc/avr/5.4.0/../../../../avr/lib/avr51\libm.a(fixunssfsi.o)
 .bss           0x00000000        0x0 c:/program files (x86)/atmel/studio/7.0/toolchain/avr8/avr8-gnu-toolchain/bin/../lib/gcc/avr/5.4.0/../../../../avr/lib/avr51\libm.a(fixunssfsi.o)
 .text          0x00000000        0x0 c:/program files (x86)/atmel/studio/7.0/toolchain/avr8/avr8-gnu-toolchain/bin/../lib/gcc/avr/5.4.0/../../../../avr/lib/avr51\libm.a(floatsisf.o)
 .data          0x00000000        0x0 c:/program files (x86)/atmel/studio/7.0/toolchain/avr8/avr8-gnu-toolchain/bin/../lib/gcc/avr/5.4.0/../../../../avr/lib/avr51\libm.a(floatsisf.o)
 .bss           0x00000000        0x0 c:/program files (x86)/atmel/studio/7.0/toolchain/avr8/avr8-gnu-toolchain/bin/../lib/gcc/avr/5.4.0/../../../../avr/lib/avr51\libm.a(floatsisf.o)
 .text          0x00000000        0x0 c:/program files (x86)/atmel/studio/7.0/toolchain/avr8/avr8-gnu-toolchain/bin/../lib/gcc/avr/5.4.0/../../../../avr/lib/avr51\libm.a(fp_inf.o)
 .data          0x00000000        0x0 c:/program files (x86)/atmel/studio/7.0/toolchain/avr8/avr8-gnu-toolchain/bin/../lib/gcc/avr/5.4.0/../../../../avr/lib/avr51\libm.a(fp_inf.o)
 .bss           0x00000000        0x0 c:/program files (x86)/atmel/studio/7.0/toolchain/avr8/avr8-gnu-toolchain/bin/../lib/gcc/avr/5.4.0/../../../../avr/lib/avr51\libm.a(fp_inf.o)
 .text          0x00000000        0x0 c:/program files (x86)/atmel/studio/7.0/toolchain/avr8/avr8-gnu-toolchain/bin/../lib/gcc/avr/5.4.0/../../../../avr/lib/avr51\libm.a(fp_nan.o)
 .data          0x00000000        0x0 c:/program files (x86)/atmel/studio/7.0/toolchain/avr8/avr8-gnu-toolchain/bin/../lib/gcc/avr/5.4.0/../../../../avr/lib/avr51\libm.a(fp_nan.o)
 .bss           0x00000000        0x0 c:/program files (x86)/atmel/studio/7.0/toolchain/avr8/avr8-gnu-toolchain/bin/../lib/gcc/avr/5.4.0/../../../../avr/lib/avr51\libm.a(fp_nan.o)
 .text          0x00000000        0x0 c:/program files (x86)/atmel/studio/7.0/toolchain/avr8/avr8-gnu-toolchain/bin/../lib/gcc/avr/5.4.0/../../../../avr/lib/avr51\libm.a(fp_pscA.o)
 .data          0x00000000        0x0 c:/program files (x86)/atmel/studio/7.0/toolchain/avr8/avr8-gnu-toolchain/bin/../lib/gcc/avr/5.4.0/../../../../avr/lib/avr51\libm.a(fp_pscA.o)
 .bss           0x00000000        0x0 c:/program files (x86)/atmel/studio/7.0/toolchain/avr8/avr8-gnu-toolchain/bin/../lib/gcc/avr/5.4.0/../../../../avr/lib/avr51\libm.a(fp_pscA.o)
 .text          0x00000000        0x0 c:/program files (x86)/atmel/studio/7.0/toolchain/avr8/avr8-gnu-toolchain/bin/../lib/gcc/avr/5.4.0/../../../../avr/lib/avr51\libm.a(fp_pscB.o)
 .data          0x00000000        0x0 c:/program files (x86)/atmel/studio/7.0/toolchain/avr8/avr8-gnu-toolchain/bin/../lib/gcc/avr/5.4.0/../../../../avr/lib/avr51\libm.a(fp_pscB.o)
 .bss           0x00000000        0x0 c:/program files (x86)/atmel/studio/7.0/toolchain/avr8/avr8-gnu-toolchain/bin/../lib/gcc/avr/5.4.0/../../../../avr/lib/avr51\libm.a(fp_pscB.o)
 .text          0x00000000        0x0 c:/program files (x86)/atmel/studio/7.0/toolchain/avr8/avr8-gnu-toolchain/bin/../lib/gcc/avr/5.4.0/../../../../avr/lib/avr51\libm.a(fp_round.o)
 .data          0x00000000        0x0 c:/program files (x86)/atmel/studio/7.0/toolchain/avr8/avr8-gnu-toolchain/bin/../lib/gcc/avr/5.4.0/../../../../avr/lib/avr51\libm.a(fp_round.o)
 .bss           0x00000000        0x0 c:/program files (x86)/atmel/studio/7.0/toolchain/avr8/avr8-gnu-toolchain/bin/../lib/gcc/avr/5.4.0/../../../../avr/lib/avr51\libm.a(fp_round.o)
 .text          0x00000000        0x0 c:/program files (x86)/atmel/studio/7.0/toolchain/avr8/avr8-gnu-toolchain/bin/../lib/gcc/avr/5.4.0/../../../../avr/lib/avr51\libm.a(fp_split3.o)
 .data          0x00000000        0x0 c:/program files (x86)/atmel/studio/7.0/toolchain/avr8/avr8-gnu-toolchain/bin/../lib/gcc/avr/5.4.0/../../../../avr/lib/avr51\libm.a(fp_split3.o)
 .bss           0x00000000        0x0 c:/program files (x86)/atmel/studio/7.0/toolchain/avr8/avr8-gnu-toolchain/bin/../lib/gcc/avr/5.4.0/../../../../avr/lib/avr51\libm.a(fp_split3.o)
 .text          0x00000000        0x0 c:/program files (x86)/atmel/studio/7.0/toolchain/avr8/avr8-gnu-toolchain/bin/../lib/gcc/avr/5.4.0/../../../../avr/lib/avr51\libm.a(fp_zero.o)
 .data          0x00000000        0x0 c:/program files (x86)/atmel/studio/7.0/toolchain/avr8/avr8-gnu-toolchain/bin/../lib/gcc/avr/5.4.0/../../../../avr/lib/avr51\libm.a(fp_zero.o)
 .bss           0x00000000        0x0 c:/program files (x86)/atmel/studio/7.0/toolchain/avr8/avr8-gnu-toolchain/bin/../lib/gcc/avr/5.4.0/../../../../avr/lib/avr51\libm.a(fp_zero.o)
 .text          0x00000000        0x0 c:/program files (x86)/atmel/studio/7.0/toolchain/avr8/avr8-gnu-toolchain/bin/../lib/gcc/avr/5.4.0/../../../../avr/lib/avr51\libm.a(gesf2.o)
 .data          0x00000000        0x0 c:/program files (x86)/atmel/studio/7.0/toolchain/avr8/avr8-gnu-toolchain/bin/../lib/gcc/avr/5.4.0/../../../../avr/lib/avr51\libm.a(gesf2.o)
 .bss           0x00000000        0x0 c:/program files (x86)/atmel/studio/7.0/toolchain/avr8/avr8-gnu-toolchain/bin/../lib/gcc/avr/5.4.0/../../../../avr/lib/avr51\libm.a(gesf2.o)
 .text          0x00000000        0x0 c:/program files (x86)/atmel/studio/7.0/toolchain/avr8/avr8-gnu-toolchain/bin/../lib/gcc/avr/5.4.0/../../../../avr/lib/avr51\libm.a(mulsf3.o)
 .data          0x00000000        0x0 c:/program files (x86)/atmel/studio/7.0/toolchain/avr8/avr8-gnu-toolchain/bin/../lib/gcc/avr/5.4.0/../../../../avr/lib/avr51\libm.a(mulsf3.o)
 .bss           0x00000000        0x0 c:/program files (x86)/atmel/studio/7.0/toolchain/avr8/avr8-gnu-toolchain/bin/../lib/gcc/avr/5.4.0/../../../../avr/lib/avr51\libm.a(mulsf3.o)
 .text          0x00000000        0x0 c:/program files (x86)/atmel/studio/7.0/toolchain/avr8/avr8-gnu-toolchain/bin/../lib/gcc/avr/5.4.0/../../../../avr/lib/avr51\libm.a(mulsf3x.o)
 .data          0x00000000        0x0 c:/program files (x86)/atmel/studio/7.0/toolchain/avr8/avr8-gnu-toolchain/bin/../lib/gcc/avr/5.4.0/../../../../avr/lib/avr51\libm.a(mulsf3x.o)
 .bss           0x00000000        0x0 c:/program files (x86)/atmel/studio/7.0/toolchain/avr8/avr8-gnu-toolchain/bin/../lib/gcc/avr/5.4.0/../../../../avr/lib/avr51\libm.a(mulsf3x.o)
 .text          0x00000000        0x0 c:/program files (x86)/atmel/studio/7.0/toolchain/avr8/avr8-gnu-toolchain/bin/../lib/gcc/avr/5.4.0/../../../../avr/lib/avr51\libm.a(fp_cmp.o)
 .data          0x00000000        0x0 c:/program files (x86)/atmel/studio/7.0/toolchain/avr8/avr8-gnu-toolchain/bin/../lib/gcc/avr/5.4.0/../../../../avr/lib/avr51\libm.a(fp_cmp.o)
 .bss           0x00000000        0x0 c:/program files (x86)/atmel/studio/7.0/toolchain/avr8/avr8-gnu-toolchain/bin/../lib/gcc/avr/5.4.0/../../../../avr/lib/avr51\libm.a(fp_cmp.o)
 .text          0x00000000        0x0 c:/program files (x86)/atmel/studio/7.0/toolchain/avr8/avr8-gnu-toolchain/bin/../lib/gcc/avr/5.4.0/avr51\libgcc.a(_udivmodqi4.o)
 .data          0x00000000        0x0 c:/program files (x86)/atmel/studio/7.0/toolchain/avr8/avr8-gnu-toolchain/bin/../lib/gcc/avr/5.4.0/avr51\libgcc.a(_udivmodqi4.o)
 .bss           0x00000000        0x0 c:/program files (x86)/atmel/studio/7.0/toolchain/avr8/avr8-gnu-toolchain/bin/../lib/gcc/avr/5.4.0/avr51\libgcc.a(_udivmodqi4.o)
 .text.libgcc.mul
                0x00000000        0x0 c:/program files (x86)/atmel/studio/7.0/toolchain/avr8/avr8-gnu-toolchain/bin/../lib/gcc/avr/5.4.0/avr51\libgcc.a(_udivmodqi4.o)
 .text.libgcc   0x00000000        0x0 c:/program files (x86)/atmel/studio/7.0/toolchain/avr8/avr8-gnu-toolchain/bin/../lib/gcc/avr/5.4.0/avr51\libgcc.a(_udivmodqi4.o)
 .text.libgcc.prologue
                0x00000000        0x0 c:/program files (x86)/atmel/studio/7.0/toolchain/avr8/avr8-gnu-toolchain/bin/../lib/gcc/avr/5.4.0/avr51\libgcc.a(_udivmodqi4.o)
 .text.libgcc.builtins
                0x00000000        0x0 c:/program files (x86)/atmel/studio/7.0/toolchain/avr8/avr8-gnu-toolchain/bin/../lib/gcc/avr/5.4.0/avr51\libgcc.a(_udivmodqi4.o)
 .text.libgcc.fmul
                0x00000000        0x0 c:/program files (x86)/atmel/studio/7.0/toolchain/avr8/avr8-gnu-toolchain/bin/../lib/gcc/avr/5.4.0/avr51\libgcc.a(_udivmodqi4.o)
 .text.libgcc.fixed
                0x00000000        0x0 c:/program files (x86)/atmel/studio/7.0/toolchain/avr8/avr8-gnu-toolchain/bin/../lib/gcc/avr/5.4.0/avr51\libgcc.a(_udivmodqi4.o)
 .text          0x00000000        0x0 c:/program files (x86)/atmel/studio/7.0/toolchain/avr8/avr8-gnu-toolchain/bin/../lib/gcc/avr/5.4.0/avr51\libgcc.a(_udivmodhi4.o)
 .data          0x00000000        0x0 c:/program files (x86)/atmel/studio/7.0/toolchain/avr8/avr8-gnu-toolchain/bin/../lib/gcc/avr/5.4.0/avr51\libgcc.a(_udivmodhi4.o)
 .bss           0x00000000        0x0 c:/program files (x86)/atmel/studio/7.0/toolchain/avr8/avr8-gnu-toolchain/bin/../lib/gcc/avr/5.4.0/avr51\libgcc.a(_udivmodhi4.o)
 .text.libgcc.mul
                0x00000000        0x0 c:/program files (x86)/atmel/studio/7.0/toolchain/avr8/avr8-gnu-toolchain/bin/../lib/gcc/avr/5.4.0/avr51\libgcc.a(_udivmodhi4.o)
 .text.libgcc   0x00000000        0x0 c:/program files (x86)/atmel/studio/7.0/toolchain/avr8/avr8-gnu-toolchain/bin/../lib/gcc/avr/5.4.0/avr51\libgcc.a(_udivmodhi4.o)
 .text.libgcc.prologue
                0x00000000        0x0 c:/program files (x86)/atmel/studio/7.0/toolchain/avr8/avr8-gnu-toolchain/bin/../lib/gcc/avr/5.4.0/avr51\libgcc.a(_udivmodhi4.o)
 .text.libgcc.builtins
                0x00000000        0x0 c:/program files (x86)/atmel/studio/7.0/toolchain/avr8/avr8-gnu-toolchain/bin/../lib/gcc/avr/5.4.0/avr51\libgcc.a(_udivmodhi4.o)
 .text.libgcc.fmul
                0x00000000        0x0 c:/program files (x86)/atmel/studio/7.0/toolchain/avr8/avr8-gnu-toolchain/bin/../lib/gcc/avr/5.4.0/avr51\libgcc.a(_udivmodhi4.o)
 .text.libgcc.fixed
                0x00000000        0x0 c:/program files (x86)/atmel/studio/7.0/toolchain/avr8/avr8-gnu-toolchain/bin/../lib/gcc/avr/5.4.0/avr51\libgcc.a(_udivmodhi4.o)
 .text          0x00000000        0x0 c:/program files (x86)/atmel/studio/7.0/toolchain/avr8/avr8-gnu-toolchain/bin/../lib/gcc/avr/5.4.0/avr51\libgcc.a(_udivmodsi4.o)
 .data          0x00000000        0x0 c:/program files (x86)/atmel/studio/7.0/toolchain/avr8/avr8-gnu-toolchain/bin/../lib/gcc/avr/5.4.0/avr51\libgcc.a(_udivmodsi4.o)
 .bss           0x00000000        0x0 c:/program files (x86)/atmel/studio/7.0/toolchain/avr8/avr8-gnu-toolchain/bin/../lib/gcc/avr/5.4.0/avr51\libgcc.a(_udivmodsi4.o)
 .text.libgcc.mul
                0x00000000        0x0 c:/program files (x86)/atmel/studio/7.0/toolchain/avr8/avr8-gnu-toolchain/bin/../lib/gcc/avr/5.4.0/avr51\libgcc.a(_udivmodsi4.o)
 .text.libgcc   0x00000000        0x0 c:/program files (x86)/atmel/studio/7.0/toolchain/avr8/avr8-gnu-toolchain/bin/../lib/gcc/avr/5.4.0/avr51\libgcc.a(_udivmodsi4.o)
 .text.libgcc.prologue
                0x00000000        0x0 c:/program files (x86)/atmel/studio/7.0/toolchain/avr8/avr8-gnu-toolchain/bin/../lib/gcc/avr/5.4.0/avr51\libgcc.a(_udivmodsi4.o)
 .text.libgcc.builtins
                0x00000000        0x0 c:/program files (x86)/atmel/studio/7.0/toolchain/avr8/avr8-gnu-toolchain/bin/../lib/gcc/avr/5.4.0/avr51\libgcc.a(_udivmodsi4.o)
 .text.libgcc.fmul
                0x00000000        0x0 c:/program files (x86)/atmel/studio/7.0/toolchain/avr8/avr8-gnu-toolchain/bin/../lib/gcc/avr/5.4.0/avr51\libgcc.a(_udivmodsi4.o)
 .text.libgcc.fixed
                0x00000000        0x0 c:/program files (x86)/atmel/studio/7.0/toolchain/avr8/avr8-gnu-toolchain/bin/../lib/gcc/avr/5.4.0/avr51\libgcc.a(_udivmodsi4.o)
 .text          0x00000000        0x0 c:/program files (x86)/atmel/studio/7.0/toolchain/avr8/avr8-gnu-toolchain/bin/../lib/gcc/avr/5.4.0/avr51\libgcc.a(_divmodsi4.o)
 .data          0x00000000        0x0 c:/program files (x86)/atmel/studio/7.0/toolchain/avr8/avr8-gnu-toolchain/bin/../lib/gcc/avr/5.4.0/avr51\libgcc.a(_divmodsi4.o)
 .bss           0x00000000        0x0 c:/program files (x86)/atmel/studio/7.0/toolchain/avr8/avr8-gnu-toolchain/bin/../lib/gcc/avr/5.4.0/avr51\libgcc.a(_divmodsi4.o)
 .text.libgcc.mul
                0x00000000        0x0 c:/program files (x86)/atmel/studio/7.0/toolchain/avr8/avr8-gnu-toolchain/bin/../lib/gcc/avr/5.4.0/avr51\libgcc.a(_divmodsi4.o)
 .text.libgcc   0x00000000        0x0 c:/program files (x86)/atmel/studio/7.0/toolchain/avr8/avr8-gnu-toolchain/bin/../lib/gcc/avr/5.4.0/avr51\libgcc.a(_divmodsi4.o)
 .text.libgcc.prologue
                0x00000000        0x0 c:/program files (x86)/atmel/studio/7.0/toolchain/avr8/avr8-gnu-toolchain/bin/../lib/gcc/avr/5.4.0/avr51\libgcc.a(_divmodsi4.o)
 .text.libgcc.builtins
                0x00000000        0x0 c:/program files (x86)/atmel/studio/7.0/toolchain/avr8/avr8-gnu-toolchain/bin/../lib/gcc/avr/5.4.0/avr51\libgcc.a(_divmodsi4.o)
 .text.libgcc.fmul
                0x00000000        0x0 c:/program files (x86)/atmel/studio/7.0/toolchain/avr8/avr8-gnu-toolchain/bin/../lib/gcc/avr/5.4.0/avr51\libgcc.a(_divmodsi4.o)
 .text.libgcc.fixed
                0x00000000        0x0 c:/program files (x86)/atmel/studio/7.0/toolchain/avr8/avr8-gnu-toolchain/bin/../lib/gcc/avr/5.4.0/avr51\libgcc.a(_divmodsi4.o)
 .text          0x00000000        0x0 c:/program files (x86)/atmel/studio/7.0/toolchain/avr8/avr8-gnu-toolchain/bin/../lib/gcc/avr/5.4.0/avr51\libgcc.a(_negsi2.o)
 .data          0x00000000        0x0 c:/program files (x86)/atmel/studio/7.0/toolchain/avr8/avr8-gnu-toolchain/bin/../lib/gcc/avr/5.4.0/avr51\libgcc.a(_negsi2.o)
 .bss           0x00000000        0x0 c:/program files (x86)/atmel/studio/7.0/toolchain/avr8/avr8-gnu-toolchain/bin/../lib/gcc/avr/5.4.0/avr51\libgcc.a(_negsi2.o)
 .text.libgcc.mul
                0x00000000        0x0 c:/program files (x86)/atmel/studio/7.0/toolchain/avr8/avr8-gnu-toolchain/bin/../lib/gcc/avr/5.4.0/avr51\libgcc.a(_negsi2.o)
 .text.libgcc   0x00000000        0x0 c:/program files (x86)/atmel/studio/7.0/toolchain/avr8/avr8-gnu-toolchain/bin/../lib/gcc/avr/5.4.0/avr51\libgcc.a(_negsi2.o)
 .text.libgcc.prologue
                0x00000000        0x0 c:/program files (x86)/atmel/studio/7.0/toolchain/avr8/avr8-gnu-toolchain/bin/../lib/gcc/avr/5.4.0/avr51\libgcc.a(_negsi2.o)
 .text.libgcc.builtins
                0x00000000        0x0 c:/program files (x86)/atmel/studio/7.0/toolchain/avr8/avr8-gnu-toolchain/bin/../lib/gcc/avr/5.4.0/avr51\libgcc.a(_negsi2.o)
 .text.libgcc.fmul
                0x00000000        0x0 c:/program files (x86)/atmel/studio/7.0/toolchain/avr8/avr8-gnu-toolchain/bin/../lib/gcc/avr/5.4.0/avr51\libgcc.a(_negsi2.o)
 .text.libgcc.fixed
                0x00000000        0x0 c:/program files (x86)/atmel/studio/7.0/toolchain/avr8/avr8-gnu-toolchain/bin/../lib/gcc/avr/5.4.0/avr51\libgcc.a(_negsi2.o)
 .text          0x00000000        0x0 c:/program files (x86)/atmel/studio/7.0/toolchain/avr8/avr8-gnu-toolchain/bin/../lib/gcc/avr/5.4.0/avr51\libgcc.a(_exit.o)
 .data          0x00000000        0x0 c:/program files (x86)/atmel/studio/7.0/toolchain/avr8/avr8-gnu-toolchain/bin/../lib/gcc/avr/5.4.0/avr51\libgcc.a(_exit.o)
 .bss           0x00000000        0x0 c:/program files (x86)/atmel/studio/7.0/toolchain/avr8/avr8-gnu-toolchain/bin/../lib/gcc/avr/5.4.0/avr51\libgcc.a(_exit.o)
 .text.libgcc.mul
                0x00000000        0x0 c:/program files (x86)/atmel/studio/7.0/toolchain/avr8/avr8-gnu-toolchain/bin/../lib/gcc/avr/5.4.0/avr51\libgcc.a(_exit.o)
 .text.libgcc.div
                0x00000000        0x0 c:/program files (x86)/atmel/studio/7.0/toolchain/avr8/avr8-gnu-toolchain/bin/../lib/gcc/avr/5.4.0/avr51\libgcc.a(_exit.o)
 .text.libgcc   0x00000000        0x0 c:/program files (x86)/atmel/studio/7.0/toolchain/avr8/avr8-gnu-toolchain/bin/../lib/gcc/avr/5.4.0/avr51\libgcc.a(_exit.o)
 .text.libgcc.prologue
                0x00000000        0x0 c:/program files (x86)/atmel/studio/7.0/toolchain/avr8/avr8-gnu-toolchain/bin/../lib/gcc/avr/5.4.0/avr51\libgcc.a(_exit.o)
 .text.libgcc.builtins
                0x00000000        0x0 c:/program files (x86)/atmel/studio/7.0/toolchain/avr8/avr8-gnu-toolchain/bin/../lib/gcc/avr/5.4.0/avr51\libgcc.a(_exit.o)
 .text.libgcc.fmul
                0x00000000        0x0 c:/program files (x86)/atmel/studio/7.0/toolchain/avr8/avr8-gnu-toolchain/bin/../lib/gcc/avr/5.4.0/avr51\libgcc.a(_exit.o)
 .text.libgcc.fixed
                0x00000000        0x0 c:/program files (x86)/atmel/studio/7.0/toolchain/avr8/avr8-gnu-toolchain/bin/../lib/gcc/avr/5.4.0/avr51\libgcc.a(_exit.o)
 .text          0x00000000        0x0 c:/program files (x86)/atmel/studio/7.0/toolchain/avr8/avr8-gnu-toolchain/bin/../lib/gcc/avr/5.4.0/avr51\libgcc.a(_tablejump2.o)
 .data          0x00000000        0x0 c:/program files (x86)/atmel/studio/7.0/toolchain/avr8/avr8-gnu-toolchain/bin/../lib/gcc/avr/5.4.0/avr51\libgcc.a(_tablejump2.o)
 .bss           0x00000000        0x0 c:/program files (x86)/atmel/studio/7.0/toolchain/avr8/avr8-gnu-toolchain/bin/../lib/gcc/avr/5.4.0/avr51\libgcc.a(_tablejump2.o)
 .text.libgcc.mul
                0x00000000        0x0 c:/program files (x86)/atmel/studio/7.0/toolchain/avr8/avr8-gnu-toolchain/bin/../lib/gcc/avr/5.4.0/avr51\libgcc.a(_tablejump2.o)
 .text.libgcc.div
                0x00000000        0x0 c:/program files (x86)/atmel/studio/7.0/toolchain/avr8/avr8-gnu-toolchain/bin/../lib/gcc/avr/5.4.0/avr51\libgcc.a(_tablejump2.o)
 .text.libgcc.prologue
                0x00000000        0x0 c:/program files (x86)/atmel/studio/7.0/toolchain/avr8/avr8-gnu-toolchain/bin/../lib/gcc/avr/5.4.0/avr51\libgcc.a(_tablejump2.o)
 .text.libgcc.builtins
                0x00000000        0x0 c:/program files (x86)/atmel/studio/7.0/toolchain/avr8/avr8-gnu-toolchain/bin/../lib/gcc/avr/5.4.0/avr51\libgcc.a(_tablejump2.o)
 .text.libgcc.fmul
                0x00000000        0x0 c:/program files (x86)/atmel/studio/7.0/toolchain/avr8/avr8-gnu-toolchain/bin/../lib/gcc/avr/5.4.0/avr51\libgcc.a(_tablejump2.o)
 .text.libgcc.fixed
                0x00000000        0x0 c:/program files (x86)/atmel/studio/7.0/toolchain/avr8/avr8-gnu-toolchain/bin/../lib/gcc/avr/5.4.0/avr51\libgcc.a(_tablejump2.o)
 .text          0x00000000        0x0 c:/program files (x86)/atmel/studio/7.0/toolchain/avr8/avr8-gnu-toolchain/bin/../lib/gcc/avr/5.4.0/avr51\libgcc.a(_copy_data.o)
 .data          0x00000000        0x0 c:/program files (x86)/atmel/studio/7.0/toolchain/avr8/avr8-gnu-toolchain/bin/../lib/gcc/avr/5.4.0/avr51\libgcc.a(_copy_data.o)
 .bss           0x00000000        0x0 c:/program files (x86)/atmel/studio/7.0/toolchain/avr8/avr8-gnu-toolchain/bin/../lib/gcc/avr/5.4.0/avr51\libgcc.a(_copy_data.o)
 .text.libgcc.mul
                0x00000000        0x0 c:/program files (x86)/atmel/studio/7.0/toolchain/avr8/avr8-gnu-toolchain/bin/../lib/gcc/avr/5.4.0/avr51\libgcc.a(_copy_data.o)
 .text.libgcc.div
                0x00000000        0x0 c:/program files (x86)/atmel/studio/7.0/toolchain/avr8/avr8-gnu-toolchain/bin/../lib/gcc/avr/5.4.0/avr51\libgcc.a(_copy_data.o)
 .text.libgcc   0x00000000        0x0 c:/program files (x86)/atmel/studio/7.0/toolchain/avr8/avr8-gnu-toolchain/bin/../lib/gcc/avr/5.4.0/avr51\libgcc.a(_copy_data.o)
 .text.libgcc.prologue
                0x00000000        0x0 c:/program files (x86)/atmel/studio/7.0/toolchain/avr8/avr8-gnu-toolchain/bin/../lib/gcc/avr/5.4.0/avr51\libgcc.a(_copy_data.o)
 .text.libgcc.builtins
                0x00000000        0x0 c:/program files (x86)/atmel/studio/7.0/toolchain/avr8/avr8-gnu-toolchain/bin/../lib/gcc/avr/5.4.0/avr51\libgcc.a(_copy_data.o)
 .text.libgcc.fmul
                0x00000000        0x0 c:/program files (x86)/atmel/studio/7.0/toolchain/avr8/avr8-gnu-toolchain/bin/../lib/gcc/avr/5.4.0/avr51\libgcc.a(_copy_data.o)
 .text.libgcc.fixed
                0x00000000        0x0 c:/program files (x86)/atmel/studio/7.0/toolchain/avr8/avr8-gnu-toolchain/bin/../lib/gcc/avr/5.4.0/avr51\libgcc.a(_copy_data.o)
 .text          0x00000000        0x0 c:/program files (x86)/atmel/studio/7.0/toolchain/avr8/avr8-gnu-toolchain/bin/../lib/gcc/avr/5.4.0/avr51\libgcc.a(_clear_bss.o)
 .data          0x00000000        0x0 c:/program files (x86)/atmel/studio/7.0/toolchain/avr8/avr8-gnu-toolchain/bin/../lib/gcc/avr/5.4.0/avr51\libgcc.a(_clear_bss.o)
 .bss           0x00000000        0x0 c:/program files (x86)/atmel/studio/7.0/toolchain/avr8/avr8-gnu-toolchain/bin/../lib/gcc/avr/5.4.0/avr51\libgcc.a(_clear_bss.o)
 .text.libgcc.mul
                0x00000000        0x0 c:/program files (x86)/atmel/studio/7.0/toolchain/avr8/avr8-gnu-toolchain/bin/../lib/gcc/avr/5.4.0/avr51\libgcc.a(_clear_bss.o)
 .text.libgcc.div
                0x00000000        0x0 c:/program files (x86)/atmel/studio/7.0/toolchain/avr8/avr8-gnu-toolchain/bin/../lib/gcc/avr/5.4.0/avr51\libgcc.a(_clear_bss.o)
 .text.libgcc   0x00000000        0x0 c:/program files (x86)/atmel/studio/7.0/toolchain/avr8/avr8-gnu-toolchain/bin/../lib/gcc/avr/5.4.0/avr51\libgcc.a(_clear_bss.o)
 .text.libgcc.prologue
                0x00000000        0x0 c:/program files (x86)/atmel/studio/7.0/toolchain/avr8/avr8-gnu-toolchain/bin/../lib/gcc/avr/5.4.0/avr51\libgcc.a(_clear_bss.o)
 .text.libgcc.builtins
                0x00000000        0x0 c:/program files (x86)/atmel/studio/7.0/toolchain/avr8/avr8-gnu-toolchain/bin/../lib/gcc/avr/5.4.0/avr51\libgcc.a(_clear_bss.o)
 .text.libgcc.fmul
                0x00000000        0x0 c:/program files (x86)/atmel/studio/7.0/toolchain/avr8/avr8-gnu-toolchain/bin/../lib/gcc/avr/5.4.0/avr51\libgcc.a(_clear_bss.o)
 .text.libgcc.fixed
                0x00000000        0x0 c:/program files (x86)/atmel/studio/7.0/toolchain/avr8/avr8-gnu-toolchain/bin/../lib/gcc/avr/5.4.0/avr51\libgcc.a(_clear_bss.o)
 .text          0x00000000        0x0 c:/program files (x86)/atmel/studio/7.0/toolchain/avr8/avr8-gnu-toolchain/bin/../lib/gcc/avr/5.4.0/avr51\libgcc.a(_umulhisi3.o)
 .data          0x00000000        0x0 c:/program files (x86)/atmel/studio/7.0/toolchain/avr8/avr8-gnu-toolchain/bin/../lib/gcc/avr/5.4.0/avr51\libgcc.a(_umulhisi3.o)
 .bss           0x00000000        0x0 c:/program files (x86)/atmel/studio/7.0/toolchain/avr8/avr8-gnu-toolchain/bin/../lib/gcc/avr/5.4.0/avr51\libgcc.a(_umulhisi3.o)
 .text.libgcc.div
                0x00000000        0x0 c:/program files (x86)/atmel/studio/7.0/toolchain/avr8/avr8-gnu-toolchain/bin/../lib/gcc/avr/5.4.0/avr51\libgcc.a(_umulhisi3.o)
 .text.libgcc   0x00000000        0x0 c:/program files (x86)/atmel/studio/7.0/toolchain/avr8/avr8-gnu-toolchain/bin/../lib/gcc/avr/5.4.0/avr51\libgcc.a(_umulhisi3.o)
 .text.libgcc.prologue
                0x00000000        0x0 c:/program files (x86)/atmel/studio/7.0/toolchain/avr8/avr8-gnu-toolchain/bin/../lib/gcc/avr/5.4.0/avr51\libgcc.a(_umulhisi3.o)
 .text.libgcc.builtins
                0x00000000        0x0 c:/program files (x86)/atmel/studio/7.0/toolchain/avr8/avr8-gnu-toolchain/bin/../lib/gcc/avr/5.4.0/avr51\libgcc.a(_umulhisi3.o)
 .text.libgcc.fmul
                0x00000000        0x0 c:/program files (x86)/atmel/studio/7.0/toolchain/avr8/avr8-gnu-toolchain/bin/../lib/gcc/avr/5.4.0/avr51\libgcc.a(_umulhisi3.o)
 .text.libgcc.fixed
                0x00000000        0x0 c:/program files (x86)/atmel/studio/7.0/toolchain/avr8/avr8-gnu-toolchain/bin/../lib/gcc/avr/5.4.0/avr51\libgcc.a(_umulhisi3.o)
 .text          0x00000000        0x0 c:/program files (x86)/atmel/studio/7.0/toolchain/avr8/avr8-gnu-toolchain/bin/../lib/gcc/avr/5.4.0/../../../../avr/lib/avr51\libc.a(memcpy.o)
 .data          0x00000000        0x0 c:/program files (x86)/atmel/studio/7.0/toolchain/avr8/avr8-gnu-toolchain/bin/../lib/gcc/avr/5.4.0/../../../../avr/lib/avr51\libc.a(memcpy.o)
 .bss           0x00000000        0x0 c:/program files (x86)/atmel/studio/7.0/toolchain/avr8/avr8-gnu-toolchain/bin/../lib/gcc/avr/5.4.0/../../../../avr/lib/avr51\libc.a(memcpy.o)
 .text.avr-libc
                0x00000000       0x12 c:/program files (x86)/atmel/studio/7.0/toolchain/avr8/avr8-gnu-toolchain/bin/../lib/gcc/avr/5.4.0/../../../../avr/lib/avr51\libc.a(memcpy.o)
 .text          0x00000000        0x0 c:/program files (x86)/atmel/studio/7.0/toolchain/avr8/avr8-gnu-toolchain/bin/../lib/gcc/avr/5.4.0/../../../../avr/lib/avr51\libc.a(memset.o)
 .data          0x00000000        0x0 c:/program files (x86)/atmel/studio/7.0/toolchain/avr8/avr8-gnu-toolchain/bin/../lib/gcc/avr/5.4.0/../../../../avr/lib/avr51\libc.a(memset.o)
 .bss           0x00000000        0x0 c:/program files (x86)/atmel/studio/7.0/toolchain/avr8/avr8-gnu-toolchain/bin/../lib/gcc/avr/5.4.0/../../../../avr/lib/avr51\libc.a(memset.o)
 .text          0x00000000        0x0 c:/program files (x86)/atmel/studio/7.0/toolchain/avr8/avr8-gnu-toolchain/bin/../lib/gcc/avr/5.4.0/../../../../avr/lib/avr51\libc.a(strncpy.o)
 .data          0x00000000        0x0 c:/program files (x86)/atmel/studio/7.0/toolchain/avr8/avr8-gnu-toolchain/bin/../lib/gcc/avr/5.4.0/../../../../avr/lib/avr51\libc.a(strncpy.o)
 .bss           0x00000000        0x0 c:/program files (x86)/atmel/studio/7.0/toolchain/avr8/avr8-gnu-toolchain/bin/../lib/gcc/avr/5.4.0/../../../../avr/lib/avr51\libc.a(strncpy.o)

Memory Configuration

Name             Origin             Length             Attributes
text             0x00000000         0x00020000         xr
data             0x00800100         0x0000ff00         rw !x
eeprom           0x00810000         0x00010000         rw !x
fuse             0x00820000         0x00000003         rw !x
lock             0x00830000         0x00000400         rw !x
signature        0x00840000         0x00000400         rw !x
user_signatures  0x00850000         0x00000400         rw !x
*default*        0x00000000         0xffffffff

Linker script and memory map

Address of section .data set to 0x800100
LOAD C:/Program Files (x86)/Atmel/Studio/7.0/Packs/atmel/ATmega_DFP/1.2.150/gcc/dev/atmega1284/avr51/crtatmega1284.o
LOAD croutine.o
LOAD heap_1.o
LOAD HX711.o
LOAD HX711_1.o
LOAD list.o
LOAD main.o
LOAD nokia5110.o
LOAD port.o
LOAD queue.o
LOAD tasks.o
LOAD timers.o
START GROUP
LOAD c:/program files (x86)/atmel/studio/7.0/toolchain/avr8/avr8-gnu-toolchain/bin/../lib/gcc/avr/5.4.0/../../../../avr/lib/avr51\libm.a
END GROUP
START GROUP
LOAD c:/program files (x86)/atmel/studio/7.0/toolchain/avr8/avr8-gnu-toolchain/bin/../lib/gcc/avr/5.4.0/avr51\libgcc.a
LOAD c:/program files (x86)/atmel/studio/7.0/toolchain/avr8/avr8-gnu-toolchain/bin/../lib/gcc/avr/5.4.0/../../../../avr/lib/avr51\libm.a
LOAD c:/program files (x86)/atmel/studio/7.0/toolchain/avr8/avr8-gnu-toolchain/bin/../lib/gcc/avr/5.4.0/../../../../avr/lib/avr51\libc.a
LOAD C:/Program Files (x86)/Atmel/Studio/7.0/Packs/atmel/ATmega_DFP/1.2.150/gcc/dev/atmega1284/avr51\libatmega1284.a
END GROUP
                0x00020000                __TEXT_REGION_LENGTH__ = DEFINED (__TEXT_REGION_LENGTH__)?__TEXT_REGION_LENGTH__:0x20000
                0x0000ff00                __DATA_REGION_LENGTH__ = DEFINED (__DATA_REGION_LENGTH__)?__DATA_REGION_LENGTH__:0xff00
                0x00010000                __EEPROM_REGION_LENGTH__ = DEFINED (__EEPROM_REGION_LENGTH__)?__EEPROM_REGION_LENGTH__:0x10000
                [0x00000003]                __FUSE_REGION_LENGTH__ = DEFINED (__FUSE_REGION_LENGTH__)?__FUSE_REGION_LENGTH__:0x400
                0x00000400                __LOCK_REGION_LENGTH__ = DEFINED (__LOCK_REGION_LENGTH__)?__LOCK_REGION_LENGTH__:0x400
                0x00000400                __SIGNATURE_REGION_LENGTH__ = DEFINED (__SIGNATURE_REGION_LENGTH__)?__SIGNATURE_REGION_LENGTH__:0x400
                0x00000400                __USER_SIGNATURE_REGION_LENGTH__ = DEFINED (__USER_SIGNATURE_REGION_LENGTH__)?__USER_SIGNATURE_REGION_LENGTH__:0x400

.hash
 *(.hash)

.dynsym
 *(.dynsym)

.dynstr
 *(.dynstr)

.gnu.version
 *(.gnu.version)

.gnu.version_d
 *(.gnu.version_d)

.gnu.version_r
 *(.gnu.version_r)

.rel.init
 *(.rel.init)

.rela.init
 *(.rela.init)

.rel.text
 *(.rel.text)
 *(.rel.text.*)
 *(.rel.gnu.linkonce.t*)

.rela.text
 *(.rela.text)
 *(.rela.text.*)
 *(.rela.gnu.linkonce.t*)

.rel.fini
 *(.rel.fini)

.rela.fini
 *(.rela.fini)

.rel.rodata
 *(.rel.rodata)
 *(.rel.rodata.*)
 *(.rel.gnu.linkonce.r*)

.rela.rodata
 *(.rela.rodata)
 *(.rela.rodata.*)
 *(.rela.gnu.linkonce.r*)

.rel.data
 *(.rel.data)
 *(.rel.data.*)
 *(.rel.gnu.linkonce.d*)

.rela.data
 *(.rela.data)
 *(.rela.data.*)
 *(.rela.gnu.linkonce.d*)

.rel.ctors
 *(.rel.ctors)

.rela.ctors
 *(.rela.ctors)

.rel.dtors
 *(.rel.dtors)

.rela.dtors
 *(.rela.dtors)

.rel.got
 *(.rel.got)

.rela.got
 *(.rela.got)

.rel.bss
 *(.rel.bss)

.rela.bss
 *(.rela.bss)

.rel.plt
 *(.rel.plt)

.rela.plt
 *(.rela.plt)

.text           0x00000000     0x58b8
 *(.vectors)
 .vectors       0x00000000       0x8c C:/Program Files (x86)/Atmel/Studio/7.0/Packs/atmel/ATmega_DFP/1.2.150/gcc/dev/atmega1284/avr51/crtatmega1284.o
                0x00000000                __vector_default
                0x00000000                __vectors
 *(.vectors)
 *(.progmem.gcc*)
 .progmem.gcc_sw_table.MainMenu_Tick
                0x0000008c       0x2e main.o
 .progmem.gcc_sw_table.AddUser_Tick
                0x000000ba       0x46 main.o
 .progmem.gcc_sw_table.AddDrink_Tick
                0x00000100       0x24 main.o
 .progmem.gcc_sw_table.GetDrink_Tick
                0x00000124        0xe main.o
 .progmem.gcc_sw_table.GetKey_Tick
                0x00000132       0x40 main.o
                0x00000172                . = ALIGN (0x2)
                0x00000172                __trampolines_start = .
 *(.trampolines)
 .trampolines   0x00000172        0x0 linker stubs
 *(.trampolines*)
                0x00000172                __trampolines_end = .
 *libprintf_flt.a:*(.progmem.data)
 *libc.a:*(.progmem.data)
 *(.progmem*)
 .progmem.data.CHARSET
                0x00000172      0x1e0 nokia5110.o
                0x00000172                CHARSET
                0x00000352                . = ALIGN (0x2)
 *(.jumptables)
 *(.jumptables*)
 *(.lowtext)
 *(.lowtext*)
                0x00000352                __ctors_start = .
 *(.ctors)
                0x00000352                __ctors_end = .
                0x00000352                __dtors_start = .
 *(.dtors)
                0x00000352                __dtors_end = .
 SORT(*)(.ctors)
 SORT(*)(.dtors)
 *(.init0)
 .init0         0x00000352        0x0 C:/Program Files (x86)/Atmel/Studio/7.0/Packs/atmel/ATmega_DFP/1.2.150/gcc/dev/atmega1284/avr51/crtatmega1284.o
                0x00000352                __init
 *(.init0)
 *(.init1)
 *(.init1)
 *(.init2)
 .init2         0x00000352        0xc C:/Program Files (x86)/Atmel/Studio/7.0/Packs/atmel/ATmega_DFP/1.2.150/gcc/dev/atmega1284/avr51/crtatmega1284.o
 *(.init2)
 *(.init3)
 *(.init3)
 *(.init4)
 .init4         0x0000035e       0x1a c:/program files (x86)/atmel/studio/7.0/toolchain/avr8/avr8-gnu-toolchain/bin/../lib/gcc/avr/5.4.0/avr51\libgcc.a(_copy_data.o)
                0x0000035e                __do_copy_data
 .init4         0x00000378       0x10 c:/program files (x86)/atmel/studio/7.0/toolchain/avr8/avr8-gnu-toolchain/bin/../lib/gcc/avr/5.4.0/avr51\libgcc.a(_clear_bss.o)
                0x00000378                __do_clear_bss
 *(.init4)
 *(.init5)
 *(.init5)
 *(.init6)
 *(.init6)
 *(.init7)
 *(.init7)
 *(.init8)
 *(.init8)
 *(.init9)
 .init9         0x00000388        0x8 C:/Program Files (x86)/Atmel/Studio/7.0/Packs/atmel/ATmega_DFP/1.2.150/gcc/dev/atmega1284/avr51/crtatmega1284.o
 *(.init9)
 *(.text)
 .text          0x00000390        0x2 C:/Program Files (x86)/Atmel/Studio/7.0/Packs/atmel/ATmega_DFP/1.2.150/gcc/dev/atmega1284/avr51/crtatmega1284.o
                0x00000390                __vector_22
                0x00000390                __vector_28
                0x00000390                __vector_1
                0x00000390                __vector_32
                0x00000390                __vector_34
                0x00000390                __vector_24
                0x00000390                __vector_12
                0x00000390                __bad_interrupt
                0x00000390                __vector_6
                0x00000390                __vector_31
                0x00000390                __vector_3
                0x00000390                __vector_23
                0x00000390                __vector_30
                0x00000390                __vector_25
                0x00000390                __vector_11
                0x00000390                __vector_17
                0x00000390                __vector_19
                0x00000390                __vector_7
                0x00000390                __vector_27
                0x00000390                __vector_5
                0x00000390                __vector_33
                0x00000390                __vector_4
                0x00000390                __vector_9
                0x00000390                __vector_2
                0x00000390                __vector_21
                0x00000390                __vector_15
                0x00000390                __vector_29
                0x00000390                __vector_8
                0x00000390                __vector_26
                0x00000390                __vector_14
                0x00000390                __vector_10
                0x00000390                __vector_16
                0x00000390                __vector_18
                0x00000390                __vector_20
                0x00000392                . = ALIGN (0x2)
 *(.text.*)
 .text.pvPortMalloc
                0x00000392       0x4c heap_1.o
                0x00000392                pvPortMalloc
 .text.vPortFree
                0x000003de        0x2 heap_1.o
                0x000003de                vPortFree
 .text.HX711_is_ready
                0x000003e0       0x10 HX711.o
                0x000003e0                HX711_is_ready
 .text.HX711_read
                0x000003f0       0x58 HX711.o
                0x000003f0                HX711_read
 .text.HX711_set_gain
                0x00000448       0x2a HX711.o
                0x00000448                HX711_set_gain
 .text.HX711_init
                0x00000472        0xa HX711.o
                0x00000472                HX711_init
 .text.HX711_read_average
                0x0000047c       0x54 HX711.o
                0x0000047c                HX711_read_average
 .text.HX711_get_value
                0x000004d0       0x1c HX711.o
                0x000004d0                HX711_get_value
 .text.HX711_get_units
                0x000004ec       0x18 HX711.o
                0x000004ec                HX711_get_units
 .text.HX711_set_scale
                0x00000504       0x12 HX711.o
                0x00000504                HX711_set_scale
 .text.HX711_set_offset
                0x00000516       0x12 HX711.o
                0x00000516                HX711_set_offset
 .text.HX711_1_is_ready
                0x00000528        0xc HX711_1.o
                0x00000528                HX711_1_is_ready
 .text.HX711_1_read
                0x00000534       0x54 HX711_1.o
                0x00000534                HX711_1_read
 .text.HX711_1_set_gain
                0x00000588       0x2a HX711_1.o
                0x00000588                HX711_1_set_gain
 .text.HX711_1_init
                0x000005b2        0xa HX711_1.o
                0x000005b2                HX711_1_init
 .text.HX711_1_read_average
                0x000005bc       0x54 HX711_1.o
                0x000005bc                HX711_1_read_average
 .text.HX711_1_get_value
                0x00000610       0x1c HX711_1.o
                0x00000610                HX711_1_get_value
 .text.HX711_1_get_units
                0x0000062c       0x18 HX711_1.o
                0x0000062c                HX711_1_get_units
 .text.HX711_1_set_scale
                0x00000644       0x12 HX711_1.o
                0x00000644                HX711_1_set_scale
 .text.HX711_1_set_offset
                0x00000656       0x12 HX711_1.o
                0x00000656                HX711_1_set_offset
 .text.vListInitialise
                0x00000668       0x1c list.o
                0x00000668                vListInitialise
 .text.vListInitialiseItem
                0x00000684        0x8 list.o
                0x00000684                vListInitialiseItem
 .text.vListInsertEnd
                0x0000068c       0x4e list.o
                0x0000068c                vListInsertEnd
 .text.vListInsert
                0x000006da       0x76 list.o
                0x000006da                vListInsert
 .text.vListRemove
                0x00000750       0x4c list.o
                0x00000750                vListRemove
 .text.main_menu_display
                0x0000079c       0x4a main.o
                0x0000079c                main_menu_display
 .text.settings_submenu_display
                0x000007e6       0x4a main.o
                0x000007e6                settings_submenu_display
 .text.drinks_submenu_display
                0x00000830       0x5c main.o
                0x00000830                drinks_submenu_display
 .text.user_submenu_display
                0x0000088c       0x4a main.o
                0x0000088c                user_submenu_display
 .text.adduser_name_display
                0x000008d6       0x2e main.o
                0x000008d6                adduser_name_display
 .text.GetKeypadKey
                0x00000904       0xca main.o
                0x00000904                GetKeypadKey
 .text.add_drink_display
                0x000009ce       0x5c main.o
                0x000009ce                add_drink_display
 .text.add_drink_volume_display
                0x00000a2a       0x26 main.o
                0x00000a2a                add_drink_volume_display
 .text.add_drink_ac_display
                0x00000a50       0x26 main.o
                0x00000a50                add_drink_ac_display
 .text.add_drink_variable_reset
                0x00000a76       0x18 main.o
                0x00000a76                add_drink_variable_reset
 .text.removeusers_intro
                0x00000a8e      0x192 main.o
                0x00000a8e                removeusers_intro
 .text.AlphaNumPad
                0x00000c20      0x1b6 main.o
                0x00000c20                AlphaNumPad
 .text.MainMenu_Init
                0x00000dd6        0x8 main.o
                0x00000dd6                MainMenu_Init
 .text.MainMenu_Tick
                0x00000dde      0x386 main.o
                0x00000dde                MainMenu_Tick
 .text.MainMenuTask
                0x00001164        0xe main.o
                0x00001164                MainMenuTask
 .text.MainMenuPulse
                0x00001172       0x40 main.o
                0x00001172                MainMenuPulse
 .text.password_verification
                0x000011b2       0x32 main.o
                0x000011b2                password_verification
 .text.AddUser_Tick
                0x000011e4      0xdd6 main.o
                0x000011e4                AddUser_Tick
 .text.AddUserTask
                0x00001fba       0x10 main.o
                0x00001fba                AddUserTask
 .text.AddUserPulse
                0x00001fca       0x40 main.o
                0x00001fca                AddUserPulse
 .text.swap_users
                0x0000200a      0x116 main.o
                0x0000200a                swap_users
 .text.remove_password_verification
                0x00002120       0x4a main.o
                0x00002120                remove_password_verification
 .text.RemoveUsers_Tick
                0x0000216a      0x628 main.o
                0x0000216a                RemoveUsers_Tick
 .text.RemoveUsersTask
                0x00002792       0x10 main.o
                0x00002792                RemoveUsersTask
 .text.RemoveUsersPulse
                0x000027a2       0x40 main.o
                0x000027a2                RemoveUsersPulse
 .text.AddDrink_Tick
                0x000027e2      0xbf8 main.o
                0x000027e2                AddDrink_Tick
 .text.AddDrinkTask
                0x000033da       0x10 main.o
                0x000033da                AddDrinkTask
 .text.AddDrinkPulse
                0x000033ea       0x40 main.o
                0x000033ea                AddDrinkPulse
 .text.replace_drink_error
                0x0000342a       0x14 main.o
                0x0000342a                replace_drink_error
 .text.ReplaceDrink_Tick
                0x0000343e      0x12e main.o
                0x0000343e                ReplaceDrink_Tick
 .text.ReplaceDrinkTask
                0x0000356c        0x8 main.o
                0x0000356c                ReplaceDrinkTask
 .text.ReplaceDrinkPulse
                0x00003574       0x40 main.o
                0x00003574                ReplaceDrinkPulse
 .text.UserVerify_Tick
                0x000035b4      0x3e8 main.o
                0x000035b4                UserVerify_Tick
 .text.UserVerifyTask
                0x0000399c       0x10 main.o
                0x0000399c                UserVerifyTask
 .text.UserVerifyPulse
                0x000039ac       0x40 main.o
                0x000039ac                UserVerifyPulse
 .text.GetDrink_Tick
                0x000039ec      0x378 main.o
                0x000039ec                GetDrink_Tick
 .text.GetDrinkTask
                0x00003d64       0x10 main.o
                0x00003d64                GetDrinkTask
 .text.GetDrinkPulse
                0x00003d74       0x3e main.o
                0x00003d74                GetDrinkPulse
 .text.GetKey_Tick
                0x00003db2      0x660 main.o
                0x00003db2                GetKey_Tick
 .text.GetKeyTask
                0x00004412        0xe main.o
                0x00004412                GetKeyTask
 .text.GetKeyPulse
                0x00004420       0x3e main.o
                0x00004420                GetKeyPulse
 .text.AutoLockLiquorDoor_Tick
                0x0000445e       0x6c main.o
                0x0000445e                AutoLockLiquorDoor_Tick
 .text.AutoLockLiquorDoorTask
                0x000044ca        0xe main.o
                0x000044ca                AutoLockLiquorDoorTask
 .text.AutoLockLiquorDoorPulse
                0x000044d8       0x3e main.o
                0x000044d8                AutoLockLiquorDoorPulse
 .text.AutoLockKeyDoor_Tick
                0x00004516       0x6c main.o
                0x00004516                AutoLockKeyDoor_Tick
 .text.AutoLockKeyDoorTask
                0x00004582        0xe main.o
                0x00004582                AutoLockKeyDoorTask
 .text.AutoLockKeyDoorPulse
                0x00004590       0x3e main.o
                0x00004590                AutoLockKeyDoorPulse
 .text.TimeElapsed_Tick
                0x000045ce       0x5a main.o
                0x000045ce                TimeElapsed_Tick
 .text.TimeElapsedTask
                0x00004628        0xe main.o
                0x00004628                TimeElapsedTask
 .text.TimeElapsedPulse
                0x00004636       0x3e main.o
                0x00004636                TimeElapsedPulse
 .text.main     0x00004674       0x92 main.o
                0x00004674                main
 .text.write    0x00004706       0x3c nokia5110.o
 .text.write_cmd
                0x00004742        0x6 nokia5110.o
 .text.nokia_lcd_init
                0x00004748       0x6c nokia5110.o
                0x00004748                nokia_lcd_init
 .text.nokia_lcd_clear
                0x000047b4       0x22 nokia5110.o
                0x000047b4                nokia_lcd_clear
 .text.nokia_lcd_set_pixel
                0x000047d6       0x56 nokia5110.o
                0x000047d6                nokia_lcd_set_pixel
 .text.nokia_lcd_write_char
                0x0000482c      0x154 nokia5110.o
                0x0000482c                nokia_lcd_write_char
 .text.nokia_lcd_write_string
                0x00004980       0x24 nokia5110.o
                0x00004980                nokia_lcd_write_string
 .text.nokia_lcd_set_cursor
                0x000049a4        0xa nokia5110.o
                0x000049a4                nokia_lcd_set_cursor
 .text.nokia_lcd_render
                0x000049ae       0x2e nokia5110.o
                0x000049ae                nokia_lcd_render
 .text.pxPortInitialiseStack
                0x000049dc       0xd8 port.o
                0x000049dc                pxPortInitialiseStack
 .text.xPortStartScheduler
                0x00004ab4       0x74 port.o
                0x00004ab4                xPortStartScheduler
 .text.vPortYield
                0x00004b28       0xb0 port.o
                0x00004b28                vPortYield
 .text.vPortYieldFromTick
                0x00004bd8       0xb2 port.o
                0x00004bd8                vPortYieldFromTick
 .text.__vector_13
                0x00004c8a        0x4 port.o
                0x00004c8a                __vector_13
 .text.prvAddCurrentTaskToDelayedList
                0x00004c8e       0x6e tasks.o
 .text.xTaskGenericCreate
                0x00004cfc      0x202 tasks.o
                0x00004cfc                xTaskGenericCreate
 .text.vTaskStartScheduler
                0x00004efe       0x52 tasks.o
                0x00004efe                vTaskStartScheduler
 .text.vTaskSuspendAll
                0x00004f50        0xc tasks.o
                0x00004f50                vTaskSuspendAll
 .text.vTaskIncrementTick
                0x00004f5c      0x188 tasks.o
                0x00004f5c                vTaskIncrementTick
 .text.xTaskResumeAll
                0x000050e4      0x108 tasks.o
                0x000050e4                xTaskResumeAll
 .text.vTaskDelay
                0x000051ec       0x38 tasks.o
                0x000051ec                vTaskDelay
 .text.prvIdleTask
                0x00005224       0x72 tasks.o
 .text.vTaskSwitchContext
                0x00005296       0xd8 tasks.o
                0x00005296                vTaskSwitchContext
 .text.avr-libc.fplib
                0x0000536e        0xa c:/program files (x86)/atmel/studio/7.0/toolchain/avr8/avr8-gnu-toolchain/bin/../lib/gcc/avr/5.4.0/../../../../avr/lib/avr51\libm.a(addsf3.o)
                0x0000536e                __subsf3
                0x00005370                __addsf3
 .text.avr-libc.fplib
                0x00005378       0xc0 c:/program files (x86)/atmel/studio/7.0/toolchain/avr8/avr8-gnu-toolchain/bin/../lib/gcc/avr/5.4.0/../../../../avr/lib/avr51\libm.a(addsf3x.o)
                0x00005392                __addsf3x
 .text.avr-libc.fplib
                0x00005438        0x4 c:/program files (x86)/atmel/studio/7.0/toolchain/avr8/avr8-gnu-toolchain/bin/../lib/gcc/avr/5.4.0/../../../../avr/lib/avr51\libm.a(divsf3.o)
                0x00005438                __divsf3
 .text.avr-libc.fplib
                0x0000543c       0xcc c:/program files (x86)/atmel/studio/7.0/toolchain/avr8/avr8-gnu-toolchain/bin/../lib/gcc/avr/5.4.0/../../../../avr/lib/avr51\libm.a(divsf3x.o)
                0x00005452                __divsf3x
                0x00005456                __divsf3_pse
 .text.avr-libc.fplib
                0x00005508        0xa c:/program files (x86)/atmel/studio/7.0/toolchain/avr8/avr8-gnu-toolchain/bin/../lib/gcc/avr/5.4.0/../../../../avr/lib/avr51\libm.a(fixsfsi.o)
                0x00005508                __fixsfsi
 .text.avr-libc.fplib
                0x00005512       0x58 c:/program files (x86)/atmel/studio/7.0/toolchain/avr8/avr8-gnu-toolchain/bin/../lib/gcc/avr/5.4.0/../../../../avr/lib/avr51\libm.a(fixunssfsi.o)
                0x00005512                __fixunssfsi
 .text.avr-libc.fplib
                0x0000556a       0x7a c:/program files (x86)/atmel/studio/7.0/toolchain/avr8/avr8-gnu-toolchain/bin/../lib/gcc/avr/5.4.0/../../../../avr/lib/avr51\libm.a(floatsisf.o)
                0x0000556a                __floatunsisf
                0x0000556e                __floatsisf
 .text.avr-libc.fplib
                0x000055e4        0xc c:/program files (x86)/atmel/studio/7.0/toolchain/avr8/avr8-gnu-toolchain/bin/../lib/gcc/avr/5.4.0/../../../../avr/lib/avr51\libm.a(fp_inf.o)
                0x000055e4                __fp_inf
 .text.avr-libc.fplib
                0x000055f0        0x6 c:/program files (x86)/atmel/studio/7.0/toolchain/avr8/avr8-gnu-toolchain/bin/../lib/gcc/avr/5.4.0/../../../../avr/lib/avr51\libm.a(fp_nan.o)
                0x000055f0                __fp_nan
 .text.avr-libc.fplib
                0x000055f6        0xe c:/program files (x86)/atmel/studio/7.0/toolchain/avr8/avr8-gnu-toolchain/bin/../lib/gcc/avr/5.4.0/../../../../avr/lib/avr51\libm.a(fp_pscA.o)
                0x000055f6                __fp_pscA
 .text.avr-libc.fplib
                0x00005604        0xe c:/program files (x86)/atmel/studio/7.0/toolchain/avr8/avr8-gnu-toolchain/bin/../lib/gcc/avr/5.4.0/../../../../avr/lib/avr51\libm.a(fp_pscB.o)
                0x00005604                __fp_pscB
 .text.avr-libc.fplib
                0x00005612       0x22 c:/program files (x86)/atmel/studio/7.0/toolchain/avr8/avr8-gnu-toolchain/bin/../lib/gcc/avr/5.4.0/../../../../avr/lib/avr51\libm.a(fp_round.o)
                0x00005612                __fp_round
 .text.avr-libc.fplib
                0x00005634       0x44 c:/program files (x86)/atmel/studio/7.0/toolchain/avr8/avr8-gnu-toolchain/bin/../lib/gcc/avr/5.4.0/../../../../avr/lib/avr51\libm.a(fp_split3.o)
                0x00005634                __fp_split3
                0x00005644                __fp_splitA
 .text.avr-libc.fplib
                0x00005678        0xe c:/program files (x86)/atmel/studio/7.0/toolchain/avr8/avr8-gnu-toolchain/bin/../lib/gcc/avr/5.4.0/../../../../avr/lib/avr51\libm.a(fp_zero.o)
                0x00005678                __fp_zero
                0x0000567a                __fp_szero
 .text.avr-libc.fplib
                0x00005686        0x8 c:/program files (x86)/atmel/studio/7.0/toolchain/avr8/avr8-gnu-toolchain/bin/../lib/gcc/avr/5.4.0/../../../../avr/lib/avr51\libm.a(gesf2.o)
                0x00005686                __gesf2
                0x00005686                __gtsf2
 .text.avr-libc.fplib
                0x0000568e        0x4 c:/program files (x86)/atmel/studio/7.0/toolchain/avr8/avr8-gnu-toolchain/bin/../lib/gcc/avr/5.4.0/../../../../avr/lib/avr51\libm.a(mulsf3.o)
                0x0000568e                __mulsf3
 .text.avr-libc.fplib
                0x00005692       0xc2 c:/program files (x86)/atmel/studio/7.0/toolchain/avr8/avr8-gnu-toolchain/bin/../lib/gcc/avr/5.4.0/../../../../avr/lib/avr51\libm.a(mulsf3x.o)
                0x000056a6                __mulsf3x
                0x000056aa                __mulsf3_pse
 .text.avr-libc.fplib
                0x00005754       0x48 c:/program files (x86)/atmel/studio/7.0/toolchain/avr8/avr8-gnu-toolchain/bin/../lib/gcc/avr/5.4.0/../../../../avr/lib/avr51\libm.a(fp_cmp.o)
                0x00005754                __fp_cmp
 .text.libgcc.div
                0x0000579c       0x18 c:/program files (x86)/atmel/studio/7.0/toolchain/avr8/avr8-gnu-toolchain/bin/../lib/gcc/avr/5.4.0/avr51\libgcc.a(_udivmodqi4.o)
                0x0000579c                __udivmodqi4
 .text.libgcc.div
                0x000057b4       0x28 c:/program files (x86)/atmel/studio/7.0/toolchain/avr8/avr8-gnu-toolchain/bin/../lib/gcc/avr/5.4.0/avr51\libgcc.a(_udivmodhi4.o)
                0x000057b4                __udivmodhi4
 .text.libgcc.div
                0x000057dc       0x44 c:/program files (x86)/atmel/studio/7.0/toolchain/avr8/avr8-gnu-toolchain/bin/../lib/gcc/avr/5.4.0/avr51\libgcc.a(_udivmodsi4.o)
                0x000057dc                __udivmodsi4
 .text.libgcc.div
                0x00005820       0x28 c:/program files (x86)/atmel/studio/7.0/toolchain/avr8/avr8-gnu-toolchain/bin/../lib/gcc/avr/5.4.0/avr51\libgcc.a(_divmodsi4.o)
                0x00005820                __divmodsi4
 .text.libgcc.div
                0x00005848       0x10 c:/program files (x86)/atmel/studio/7.0/toolchain/avr8/avr8-gnu-toolchain/bin/../lib/gcc/avr/5.4.0/avr51\libgcc.a(_negsi2.o)
                0x00005848                __negsi2
 .text.libgcc   0x00005858       0x12 c:/program files (x86)/atmel/studio/7.0/toolchain/avr8/avr8-gnu-toolchain/bin/../lib/gcc/avr/5.4.0/avr51\libgcc.a(_tablejump2.o)
                0x00005858                __tablejump2__
 .text.libgcc.mul
                0x0000586a       0x1e c:/program files (x86)/atmel/studio/7.0/toolchain/avr8/avr8-gnu-toolchain/bin/../lib/gcc/avr/5.4.0/avr51\libgcc.a(_umulhisi3.o)
                0x0000586a                __umulhisi3
 .text.avr-libc
                0x00005888        0xe c:/program files (x86)/atmel/studio/7.0/toolchain/avr8/avr8-gnu-toolchain/bin/../lib/gcc/avr/5.4.0/../../../../avr/lib/avr51\libc.a(memset.o)
                0x00005888                memset
 .text.avr-libc
                0x00005896       0x1e c:/program files (x86)/atmel/studio/7.0/toolchain/avr8/avr8-gnu-toolchain/bin/../lib/gcc/avr/5.4.0/../../../../avr/lib/avr51\libc.a(strncpy.o)
                0x00005896                strncpy
                0x000058b4                . = ALIGN (0x2)
 *(.fini9)
 .fini9         0x000058b4        0x0 c:/program files (x86)/atmel/studio/7.0/toolchain/avr8/avr8-gnu-toolchain/bin/../lib/gcc/avr/5.4.0/avr51\libgcc.a(_exit.o)
                0x000058b4                _exit
                0x000058b4                exit
 *(.fini9)
 *(.fini8)
 *(.fini8)
 *(.fini7)
 *(.fini7)
 *(.fini6)
 *(.fini6)
 *(.fini5)
 *(.fini5)
 *(.fini4)
 *(.fini4)
 *(.fini3)
 *(.fini3)
 *(.fini2)
 *(.fini2)
 *(.fini1)
 *(.fini1)
 *(.fini0)
 .fini0         0x000058b4        0x4 c:/program files (x86)/atmel/studio/7.0/toolchain/avr8/avr8-gnu-toolchain/bin/../lib/gcc/avr/5.4.0/avr51\libgcc.a(_exit.o)
 *(.fini0)
                0x000058b8                _etext = .

.data           0x00800100      0x638 load address 0x000058b8
                0x00800100                PROVIDE (__data_start, .)
 *(.data)
 *(.data*)
 .data.correct_key
                0x00800100        0x1 main.o
                0x00800100                correct_key
 .data.user_to_remove
                0x00800101        0x1 main.o
                0x00800101                user_to_remove
 .data.weight_output
                0x00800102        0x5 main.o
                0x00800102                weight_output
 .data.user_name
                0x00800107        0xe main.o
                0x00800107                user_name
 .data.pound    0x00800115        0x4 main.o
                0x00800115                pound
 .data.star     0x00800119        0x4 main.o
                0x00800119                star
 .data.zero     0x0080011d        0x4 main.o
                0x0080011d                zero
 .data.nine     0x00800121        0x4 main.o
                0x00800121                nine
 .data.eight    0x00800125        0x4 main.o
                0x00800125                eight
 .data.seven    0x00800129        0x4 main.o
                0x00800129                seven
 .data.six      0x0080012d        0x4 main.o
                0x0080012d                six
 .data.five     0x00800131        0x4 main.o
                0x00800131                five
 .data.four     0x00800135        0x4 main.o
                0x00800135                four
 .data.three    0x00800139        0x4 main.o
                0x00800139                three
 .data.two      0x0080013d        0x4 main.o
                0x0080013d                two
 .data.one      0x00800141        0x4 main.o
                0x00800141                one
 .data.number_output
                0x00800145        0x5 main.o
                0x00800145                number_output
 .data.drink_names
                0x0080014a        0xc main.o
                0x0080014a                drink_names
 .data.List_of_Users
                0x00800156       0x78 main.o
                0x00800156                List_of_Users
 .data.current_user
                0x008001ce        0x1 main.o
                0x008001ce                current_user
 .data.xNextTaskUnblockTime
                0x008001cf        0x2 tasks.o
 *(.gnu.linkonce.d*)
 *(.rodata)
 *(.rodata*)
 .rodata.str1.1
                0x008001d1      0x561 main.o
                                0x5cc (size before relaxing)
 .rodata.str1.1
                0x00800732        0x5 tasks.o
 *(.gnu.linkonce.r*)
                0x00800738                . = ALIGN (0x2)
 *fill*         0x00800737        0x1 
                0x00800738                _edata = .
                0x00800738                PROVIDE (__data_end, .)

.bss            0x00800738      0x8b6
                0x00800738                PROVIDE (__bss_start, .)
 *(.bss)
 *(.bss*)
 .bss.xNextFreeByte
                0x00800738        0x2 heap_1.o
 .bss.xHeap     0x0080073a      0x5dc heap_1.o
 .bss.key_door_counter
                0x00800d16        0x2 main.o
                0x00800d16                key_door_counter
 .bss.liquor_door_counter
                0x00800d18        0x2 main.o
                0x00800d18                liquor_door_counter
 .bss.amount_alcohol_consumed
                0x00800d1a        0x1 main.o
                0x00800d1a                amount_alcohol_consumed
 .bss.gk_prev_select
                0x00800d1b        0x1 main.o
                0x00800d1b                gk_prev_select
 .bss.gk_selection
                0x00800d1c        0x1 main.o
                0x00800d1c                gk_selection
 .bss.gd_prev_select
                0x00800d1d        0x1 main.o
                0x00800d1d                gd_prev_select
 .bss.gd_selection
                0x00800d1e        0x1 main.o
                0x00800d1e                gd_selection
 .bss.uv_password_fails
                0x00800d1f        0x1 main.o
                0x00800d1f                uv_password_fails
 .bss.uv_prev_select
                0x00800d20        0x1 main.o
                0x00800d20                uv_prev_select
 .bss.uv_selection
                0x00800d21        0x1 main.o
                0x00800d21                uv_selection
 .bss.temporary_password
                0x00800d22        0x9 main.o
                0x00800d22                temporary_password
 .bss.removeuser_password_fails
                0x00800d2b        0x1 main.o
                0x00800d2b                removeuser_password_fails
 .bss.removeuser_prev_selection
                0x00800d2c        0x1 main.o
                0x00800d2c                removeuser_prev_selection
 .bss.removeuser_selection
                0x00800d2d        0x1 main.o
                0x00800d2d                removeuser_selection
 .bss.adding_user_finished
                0x00800d2e        0x1 main.o
                0x00800d2e                adding_user_finished
 .bss.password_attempt_fails
                0x00800d2f        0x1 main.o
                0x00800d2f                password_attempt_fails
 .bss.previous_character
                0x00800d30        0x1 main.o
                0x00800d30                previous_character
 .bss.keypad_character
                0x00800d31        0x1 main.o
                0x00800d31                keypad_character
 .bss.password_size
                0x00800d32        0x1 main.o
                0x00800d32                password_size
 .bss.user_compare_password
                0x00800d33        0x9 main.o
                0x00800d33                user_compare_password
 .bss.user_password
                0x00800d3c        0x9 main.o
                0x00800d3c                user_password
 .bss.user_key  0x00800d45        0x4 main.o
                0x00800d45                user_key
 .bss.user_gender
                0x00800d49        0x1 main.o
                0x00800d49                user_gender
 .bss.user_weight
                0x00800d4a        0x2 main.o
                0x00800d4a                user_weight
 .bss.user_name_size
                0x00800d4c        0x1 main.o
                0x00800d4c                user_name_size
 .bss.auto_timer
                0x00800d4d        0x4 main.o
                0x00800d4d                auto_timer
 .bss.num_times_key_pushed
                0x00800d51        0x2 main.o
                0x00800d51                num_times_key_pushed
 .bss.previous_key_ANP
                0x00800d53        0x1 main.o
                0x00800d53                previous_key_ANP
 .bss.replace_drink_flag
                0x00800d54        0x1 main.o
                0x00800d54                replace_drink_flag
 .bss.drink_alcohol_content
                0x00800d55        0x1 main.o
                0x00800d55                drink_alcohol_content
 .bss.total_container_weight
                0x00800d56        0x4 main.o
                0x00800d56                total_container_weight
 .bss.volume_of_drink
                0x00800d5a        0x4 main.o
                0x00800d5a                volume_of_drink
 .bss.type_of_drink
                0x00800d5e        0x1 main.o
                0x00800d5e                type_of_drink
 .bss.add_drink_prev_select
                0x00800d5f        0x1 main.o
                0x00800d5f                add_drink_prev_select
 .bss.add_drink_selection
                0x00800d60        0x1 main.o
                0x00800d60                add_drink_selection
 .bss.add_drink_flag
                0x00800d61        0x1 main.o
                0x00800d61                add_drink_flag
 .bss.keys_have_been_deposited
                0x00800d62        0x1 main.o
                0x00800d62                keys_have_been_deposited
 .bss.drink_has_been_removed
                0x00800d63        0x1 main.o
                0x00800d63                drink_has_been_removed
 .bss.key_door_sensor
                0x00800d64        0x1 main.o
                0x00800d64                key_door_sensor
 .bss.key_door_signal
                0x00800d65        0x1 main.o
                0x00800d65                key_door_signal
 .bss.liquor_door_sensor
                0x00800d66        0x1 main.o
                0x00800d66                liquor_door_sensor
 .bss.liquor_door_signal
                0x00800d67        0x1 main.o
                0x00800d67                liquor_door_signal
 .bss.time_remaining_counter
                0x00800d68        0x2 main.o
                0x00800d68                time_remaining_counter
 .bss.time_elapsed_counter
                0x00800d6a        0x2 main.o
                0x00800d6a                time_elapsed_counter
 .bss.timer_is_on
                0x00800d6c        0x1 main.o
                0x00800d6c                timer_is_on
 .bss.number_of_users
                0x00800d6d        0x1 main.o
                0x00800d6d                number_of_users
 .bss.correct_user_credentials
                0x00800d6e        0x1 main.o
                0x00800d6e                correct_user_credentials
 .bss.get_key_flag
                0x00800d6f        0x1 main.o
                0x00800d6f                get_key_flag
 .bss.get_drink_flag
                0x00800d70        0x1 main.o
                0x00800d70                get_drink_flag
 .bss.user_verify_flag
                0x00800d71        0x1 main.o
                0x00800d71                user_verify_flag
 .bss.removeusers_flag
                0x00800d72        0x1 main.o
                0x00800d72                removeusers_flag
 .bss.adding_user_flag
                0x00800d73        0x1 main.o
                0x00800d73                adding_user_flag
 .bss.user_menu_selection
                0x00800d74        0x1 main.o
                0x00800d74                user_menu_selection
 .bss.drink_menu_selection
                0x00800d75        0x1 main.o
                0x00800d75                drink_menu_selection
 .bss.settings_menu_selection
                0x00800d76        0x1 main.o
                0x00800d76                settings_menu_selection
 .bss.temp_menu_selection
                0x00800d77        0x1 main.o
                0x00800d77                temp_menu_selection
 .bss.main_menu_selection
                0x00800d78        0x1 main.o
                0x00800d78                main_menu_selection
 .bss.nokia_lcd
                0x00800d79      0x1fa nokia5110.o
 .bss.uxTaskNumber
                0x00800f73        0x1 tasks.o
 .bss.xNumOfOverflows
                0x00800f74        0x1 tasks.o
 .bss.xMissedYield
                0x00800f75        0x1 tasks.o
 .bss.uxMissedTicks
                0x00800f76        0x1 tasks.o
 .bss.uxSchedulerSuspended
                0x00800f77        0x1 tasks.o
 .bss.xSchedulerRunning
                0x00800f78        0x1 tasks.o
 .bss.uxTopReadyPriority
                0x00800f79        0x1 tasks.o
 .bss.uxTopUsedPriority
                0x00800f7a        0x1 tasks.o
 .bss.xTickCount
                0x00800f7b        0x2 tasks.o
 .bss.uxCurrentNumberOfTasks
                0x00800f7d        0x1 tasks.o
 .bss.uxTasksDeleted
                0x00800f7e        0x1 tasks.o
 .bss.xTasksWaitingTermination
                0x00800f7f        0x9 tasks.o
 .bss.xPendingReadyList
                0x00800f88        0x9 tasks.o
 .bss.pxOverflowDelayedTaskList
                0x00800f91        0x2 tasks.o
 .bss.pxDelayedTaskList
                0x00800f93        0x2 tasks.o
 .bss.xDelayedTaskList2
                0x00800f95        0x9 tasks.o
 .bss.xDelayedTaskList1
                0x00800f9e        0x9 tasks.o
 .bss.pxReadyTasksLists
                0x00800fa7       0x24 tasks.o
 .bss.pxCurrentTCB
                0x00800fcb        0x2 tasks.o
                0x00800fcb                pxCurrentTCB
 *(COMMON)
 COMMON         0x00800fcd        0x9 HX711.o
                0x00800fcd                OFFSET
                0x00800fd1                GAIN
                0x00800fd2                SCALE
 COMMON         0x00800fd6        0x9 HX711_1.o
                0x00800fd6                OFFSET_1
                0x00800fda                GAIN_1
                0x00800fdb                SCALE_1
 COMMON         0x00800fdf        0xf main.o
                0x00800fdf                system_init
                0x00800fe0                auto_lock_key_door
                0x00800fe1                user_verify_state
                0x00800fe2                adduser_state
                0x00800fe3                add_drink_state
                0x00800fe4                replace_drink_state
                0x00800fe5                auto_lock_liquor_door
                0x00800fe6                removeusers
                0x00800fe7                pushed_key_ANP
                0x00800fe8                main_menu_init
                0x00800fe9                get_key_state
                0x00800fea                time_elapsed_state
                0x00800feb                get_drink_state
                0x00800fec                tmp_pressed_key
                0x00800fed                mainmenu_state
                0x00800fee                PROVIDE (__bss_end, .)
                0x000058b8                __data_load_start = LOADADDR (.data)
                0x00005ef0                __data_load_end = (__data_load_start + SIZEOF (.data))

.noinit         0x00800fee        0x0
                [!provide]                PROVIDE (__noinit_start, .)
 *(.noinit*)
                [!provide]                PROVIDE (__noinit_end, .)
                0x00800fee                _end = .
                [!provide]                PROVIDE (__heap_start, .)

.eeprom         0x00810000        0x0
 *(.eeprom*)
                0x00810000                __eeprom_end = .

.fuse
 *(.fuse)
 *(.lfuse)
 *(.hfuse)
 *(.efuse)

.lock
 *(.lock*)

.signature
 *(.signature*)

.user_signatures
 *(.user_signatures*)

.stab
 *(.stab)

.stabstr
 *(.stabstr)

.stab.excl
 *(.stab.excl)

.stab.exclstr
 *(.stab.exclstr)

.stab.index
 *(.stab.index)

.stab.indexstr
 *(.stab.indexstr)

.comment        0x00000000       0x30
 *(.comment)
 .comment       0x00000000       0x30 heap_1.o
                                 0x31 (size before relaxing)
 .comment       0x00000030       0x31 HX711.o
 .comment       0x00000030       0x31 HX711_1.o
 .comment       0x00000030       0x31 list.o
 .comment       0x00000030       0x31 main.o
 .comment       0x00000030       0x31 nokia5110.o
 .comment       0x00000030       0x31 port.o
 .comment       0x00000030       0x31 tasks.o

.note.gnu.avr.deviceinfo
                0x00000000       0x40
 .note.gnu.avr.deviceinfo
                0x00000000       0x40 C:/Program Files (x86)/Atmel/Studio/7.0/Packs/atmel/ATmega_DFP/1.2.150/gcc/dev/atmega1284/avr51/crtatmega1284.o

.note.gnu.build-id
 *(.note.gnu.build-id)

.debug
 *(.debug)

.line
 *(.line)

.debug_srcinfo
 *(.debug_srcinfo)

.debug_sfnames
 *(.debug_sfnames)

.debug_aranges  0x00000000      0x528
 *(.debug_aranges)
 .debug_aranges
                0x00000000       0x38 heap_1.o
 .debug_aranges
                0x00000038       0x90 HX711.o
 .debug_aranges
                0x000000c8       0x90 HX711_1.o
 .debug_aranges
                0x00000158       0x40 list.o
 .debug_aranges
                0x00000198      0x228 main.o
 .debug_aranges
                0x000003c0       0x68 nokia5110.o
 .debug_aranges
                0x00000428       0x48 port.o
 .debug_aranges
                0x00000470       0xb8 tasks.o

.debug_pubnames
 *(.debug_pubnames)

.debug_info     0x00000000     0x9c85
 *(.debug_info .gnu.linkonce.wi.*)
 .debug_info    0x00000000      0x792 C:/Program Files (x86)/Atmel/Studio/7.0/Packs/atmel/ATmega_DFP/1.2.150/gcc/dev/atmega1284/avr51/crtatmega1284.o
 .debug_info    0x00000792      0x1a7 heap_1.o
 .debug_info    0x00000939      0x5b8 HX711.o
 .debug_info    0x00000ef1      0x542 HX711_1.o
 .debug_info    0x00001433      0x2c1 list.o
 .debug_info    0x000016f4     0x6c13 main.o
 .debug_info    0x00008307      0x5ea nokia5110.o
 .debug_info    0x000088f1      0x23e port.o
 .debug_info    0x00008b2f     0x1156 tasks.o

.debug_abbrev   0x00000000     0x1726
 *(.debug_abbrev)
 .debug_abbrev  0x00000000      0x729 C:/Program Files (x86)/Atmel/Studio/7.0/Packs/atmel/ATmega_DFP/1.2.150/gcc/dev/atmega1284/avr51/crtatmega1284.o
 .debug_abbrev  0x00000729      0x136 heap_1.o
 .debug_abbrev  0x0000085f      0x210 HX711.o
 .debug_abbrev  0x00000a6f      0x210 HX711_1.o
 .debug_abbrev  0x00000c7f       0xf6 list.o
 .debug_abbrev  0x00000d75      0x3be main.o
 .debug_abbrev  0x00001133      0x1e6 nokia5110.o
 .debug_abbrev  0x00001319      0x155 port.o
 .debug_abbrev  0x0000146e      0x2b8 tasks.o

.debug_line     0x00000000     0x540b
 *(.debug_line .debug_line.* .debug_line_end)
 .debug_line    0x00000000      0x169 C:/Program Files (x86)/Atmel/Studio/7.0/Packs/atmel/ATmega_DFP/1.2.150/gcc/dev/atmega1284/avr51/crtatmega1284.o
 .debug_line    0x00000169      0x18a heap_1.o
 .debug_line    0x000002f3      0x3b3 HX711.o
 .debug_line    0x000006a6      0x3b9 HX711_1.o
 .debug_line    0x00000a5f      0x221 list.o
 .debug_line    0x00000c80     0x376a main.o
 .debug_line    0x000043ea      0x3dd nokia5110.o
 .debug_line    0x000047c7      0x340 port.o
 .debug_line    0x00004b07      0x904 tasks.o

.debug_frame    0x00000000      0xe20
 *(.debug_frame)
 .debug_frame   0x00000000       0x60 heap_1.o
 .debug_frame   0x00000060      0x124 HX711.o
 .debug_frame   0x00000184      0x124 HX711_1.o
 .debug_frame   0x000002a8       0x7c list.o
 .debug_frame   0x00000324      0x6e8 main.o
 .debug_frame   0x00000a0c      0x130 nokia5110.o
 .debug_frame   0x00000b3c       0x74 port.o
 .debug_frame   0x00000bb0      0x270 tasks.o

.debug_str      0x00000000     0x1f52
 *(.debug_str)
 .debug_str     0x00000000      0x296 C:/Program Files (x86)/Atmel/Studio/7.0/Packs/atmel/ATmega_DFP/1.2.150/gcc/dev/atmega1284/avr51/crtatmega1284.o
 .debug_str     0x00000296      0x1ff heap_1.o
                                0x238 (size before relaxing)
 .debug_str     0x00000495      0x19d HX711.o
                                0x2d6 (size before relaxing)
 .debug_str     0x00000632      0x121 HX711_1.o
                                0x2fc (size before relaxing)
 .debug_str     0x00000753      0x137 list.o
                                0x2a0 (size before relaxing)
 .debug_str     0x0000088a     0x1000 main.o
                               0x12e4 (size before relaxing)
 .debug_str     0x0000188a       0xa5 nokia5110.o
                                0x2ef (size before relaxing)
 .debug_str     0x0000192f      0x10a port.o
                                0x29e (size before relaxing)
 .debug_str     0x00001a39      0x519 tasks.o
                                0x898 (size before relaxing)

.debug_loc      0x00000000     0x4afd
 *(.debug_loc)
 .debug_loc     0x00000000       0xf1 heap_1.o
 .debug_loc     0x000000f1      0x411 HX711.o
 .debug_loc     0x00000502      0x3f4 HX711_1.o
 .debug_loc     0x000008f6       0xfe list.o
 .debug_loc     0x000009f4     0x2c8d main.o
 .debug_loc     0x00003681      0x559 nokia5110.o
 .debug_loc     0x00003bda      0x2a0 port.o
 .debug_loc     0x00003e7a      0xc83 tasks.o

.debug_macinfo
 *(.debug_macinfo)

.debug_weaknames
 *(.debug_weaknames)

.debug_funcnames
 *(.debug_funcnames)

.debug_typenames
 *(.debug_typenames)

.debug_varnames
 *(.debug_varnames)

.debug_pubtypes
 *(.debug_pubtypes)

.debug_ranges   0x00000000      0x568
 *(.debug_ranges)
 .debug_ranges  0x00000000       0x28 heap_1.o
 .debug_ranges  0x00000028       0x80 HX711.o
 .debug_ranges  0x000000a8       0x80 HX711_1.o
 .debug_ranges  0x00000128       0x30 list.o
 .debug_ranges  0x00000158      0x270 main.o
 .debug_ranges  0x000003c8       0x78 nokia5110.o
 .debug_ranges  0x00000440       0x38 port.o
 .debug_ranges  0x00000478       0xf0 tasks.o

.debug_macro
 *(.debug_macro)
OUTPUT(MainMenu.elf elf32-avr)
LOAD linker stubs
