Archive member included to satisfy reference by file (symbol)

c:/program files (x86)/atmel/studio/7.0/toolchain/avr8/avr8-gnu-toolchain/bin/../lib/gcc/avr/5.4.0/../../../../avr/lib/avr51\libm.a(addsf3.o)
                              main.o (__subsf3)
c:/program files (x86)/atmel/studio/7.0/toolchain/avr8/avr8-gnu-toolchain/bin/../lib/gcc/avr/5.4.0/../../../../avr/lib/avr51\libm.a(addsf3x.o)
                              c:/program files (x86)/atmel/studio/7.0/toolchain/avr8/avr8-gnu-toolchain/bin/../lib/gcc/avr/5.4.0/../../../../avr/lib/avr51\libm.a(addsf3.o) (__addsf3x)
c:/program files (x86)/atmel/studio/7.0/toolchain/avr8/avr8-gnu-toolchain/bin/../lib/gcc/avr/5.4.0/../../../../avr/lib/avr51\libm.a(divsf3.o)
                              main.o (__divsf3)
c:/program files (x86)/atmel/studio/7.0/toolchain/avr8/avr8-gnu-toolchain/bin/../lib/gcc/avr/5.4.0/../../../../avr/lib/avr51\libm.a(divsf3x.o)
                              c:/program files (x86)/atmel/studio/7.0/toolchain/avr8/avr8-gnu-toolchain/bin/../lib/gcc/avr/5.4.0/../../../../avr/lib/avr51\libm.a(divsf3.o) (__divsf3x)
c:/program files (x86)/atmel/studio/7.0/toolchain/avr8/avr8-gnu-toolchain/bin/../lib/gcc/avr/5.4.0/../../../../avr/lib/avr51\libm.a(fixunssfsi.o)
                              main.o (__fixunssfsi)
c:/program files (x86)/atmel/studio/7.0/toolchain/avr8/avr8-gnu-toolchain/bin/../lib/gcc/avr/5.4.0/../../../../avr/lib/avr51\libm.a(floatsisf.o)
                              main.o (__floatunsisf)
c:/program files (x86)/atmel/studio/7.0/toolchain/avr8/avr8-gnu-toolchain/bin/../lib/gcc/avr/5.4.0/../../../../avr/lib/avr51\libm.a(fp_inf.o)
                              c:/program files (x86)/atmel/studio/7.0/toolchain/avr8/avr8-gnu-toolchain/bin/../lib/gcc/avr/5.4.0/../../../../avr/lib/avr51\libm.a(addsf3x.o) (__fp_inf)
c:/program files (x86)/atmel/studio/7.0/toolchain/avr8/avr8-gnu-toolchain/bin/../lib/gcc/avr/5.4.0/../../../../avr/lib/avr51\libm.a(fp_nan.o)
                              c:/program files (x86)/atmel/studio/7.0/toolchain/avr8/avr8-gnu-toolchain/bin/../lib/gcc/avr/5.4.0/../../../../avr/lib/avr51\libm.a(addsf3x.o) (__fp_nan)
c:/program files (x86)/atmel/studio/7.0/toolchain/avr8/avr8-gnu-toolchain/bin/../lib/gcc/avr/5.4.0/../../../../avr/lib/avr51\libm.a(fp_pscA.o)
                              c:/program files (x86)/atmel/studio/7.0/toolchain/avr8/avr8-gnu-toolchain/bin/../lib/gcc/avr/5.4.0/../../../../avr/lib/avr51\libm.a(addsf3x.o) (__fp_pscA)
c:/program files (x86)/atmel/studio/7.0/toolchain/avr8/avr8-gnu-toolchain/bin/../lib/gcc/avr/5.4.0/../../../../avr/lib/avr51\libm.a(fp_pscB.o)
                              c:/program files (x86)/atmel/studio/7.0/toolchain/avr8/avr8-gnu-toolchain/bin/../lib/gcc/avr/5.4.0/../../../../avr/lib/avr51\libm.a(addsf3x.o) (__fp_pscB)
c:/program files (x86)/atmel/studio/7.0/toolchain/avr8/avr8-gnu-toolchain/bin/../lib/gcc/avr/5.4.0/../../../../avr/lib/avr51\libm.a(fp_round.o)
                              c:/program files (x86)/atmel/studio/7.0/toolchain/avr8/avr8-gnu-toolchain/bin/../lib/gcc/avr/5.4.0/../../../../avr/lib/avr51\libm.a(addsf3.o) (__fp_round)
c:/program files (x86)/atmel/studio/7.0/toolchain/avr8/avr8-gnu-toolchain/bin/../lib/gcc/avr/5.4.0/../../../../avr/lib/avr51\libm.a(fp_split3.o)
                              c:/program files (x86)/atmel/studio/7.0/toolchain/avr8/avr8-gnu-toolchain/bin/../lib/gcc/avr/5.4.0/../../../../avr/lib/avr51\libm.a(addsf3x.o) (__fp_split3)
c:/program files (x86)/atmel/studio/7.0/toolchain/avr8/avr8-gnu-toolchain/bin/../lib/gcc/avr/5.4.0/../../../../avr/lib/avr51\libm.a(fp_zero.o)
                              c:/program files (x86)/atmel/studio/7.0/toolchain/avr8/avr8-gnu-toolchain/bin/../lib/gcc/avr/5.4.0/../../../../avr/lib/avr51\libm.a(addsf3x.o) (__fp_zero)
c:/program files (x86)/atmel/studio/7.0/toolchain/avr8/avr8-gnu-toolchain/bin/../lib/gcc/avr/5.4.0/../../../../avr/lib/avr51\libm.a(gesf2.o)
                              main.o (__gtsf2)
c:/program files (x86)/atmel/studio/7.0/toolchain/avr8/avr8-gnu-toolchain/bin/../lib/gcc/avr/5.4.0/../../../../avr/lib/avr51\libm.a(mulsf3.o)
                              main.o (__mulsf3)
c:/program files (x86)/atmel/studio/7.0/toolchain/avr8/avr8-gnu-toolchain/bin/../lib/gcc/avr/5.4.0/../../../../avr/lib/avr51\libm.a(mulsf3x.o)
                              c:/program files (x86)/atmel/studio/7.0/toolchain/avr8/avr8-gnu-toolchain/bin/../lib/gcc/avr/5.4.0/../../../../avr/lib/avr51\libm.a(mulsf3.o) (__mulsf3x)
c:/program files (x86)/atmel/studio/7.0/toolchain/avr8/avr8-gnu-toolchain/bin/../lib/gcc/avr/5.4.0/../../../../avr/lib/avr51\libm.a(fp_cmp.o)
                              c:/program files (x86)/atmel/studio/7.0/toolchain/avr8/avr8-gnu-toolchain/bin/../lib/gcc/avr/5.4.0/../../../../avr/lib/avr51\libm.a(gesf2.o) (__fp_cmp)
c:/program files (x86)/atmel/studio/7.0/toolchain/avr8/avr8-gnu-toolchain/bin/../lib/gcc/avr/5.4.0/avr51\libgcc.a(_udivmodqi4.o)
                              nokia5110.o (__udivmodqi4)
c:/program files (x86)/atmel/studio/7.0/toolchain/avr8/avr8-gnu-toolchain/bin/../lib/gcc/avr/5.4.0/avr51\libgcc.a(_udivmodhi4.o)
                              main.o (__udivmodhi4)
c:/program files (x86)/atmel/studio/7.0/toolchain/avr8/avr8-gnu-toolchain/bin/../lib/gcc/avr/5.4.0/avr51\libgcc.a(_exit.o)
                              C:/Program Files (x86)/Atmel/Studio/7.0/Packs/atmel/ATmega_DFP/1.2.150/gcc/dev/atmega1284/avr51/crtatmega1284.o (exit)
c:/program files (x86)/atmel/studio/7.0/toolchain/avr8/avr8-gnu-toolchain/bin/../lib/gcc/avr/5.4.0/avr51\libgcc.a(_tablejump2.o)
                              main.o (__tablejump2__)
c:/program files (x86)/atmel/studio/7.0/toolchain/avr8/avr8-gnu-toolchain/bin/../lib/gcc/avr/5.4.0/avr51\libgcc.a(_copy_data.o)
                              main.o (__do_copy_data)
c:/program files (x86)/atmel/studio/7.0/toolchain/avr8/avr8-gnu-toolchain/bin/../lib/gcc/avr/5.4.0/avr51\libgcc.a(_clear_bss.o)
                              croutine.o (__do_clear_bss)
c:/program files (x86)/atmel/studio/7.0/toolchain/avr8/avr8-gnu-toolchain/bin/../lib/gcc/avr/5.4.0/avr51\libgcc.a(_umulhisi3.o)
                              main.o (__umulhisi3)
c:/program files (x86)/atmel/studio/7.0/toolchain/avr8/avr8-gnu-toolchain/bin/../lib/gcc/avr/5.4.0/../../../../avr/lib/avr51\libc.a(memcpy.o)
                              queue.o (memcpy)
c:/program files (x86)/atmel/studio/7.0/toolchain/avr8/avr8-gnu-toolchain/bin/../lib/gcc/avr/5.4.0/../../../../avr/lib/avr51\libc.a(memset.o)
                              tasks.o (memset)
c:/program files (x86)/atmel/studio/7.0/toolchain/avr8/avr8-gnu-toolchain/bin/../lib/gcc/avr/5.4.0/../../../../avr/lib/avr51\libc.a(strncpy.o)
                              main.o (strncpy)

Allocating common symbols
Common symbol       size              file

system_init         0x1               main.o
auto_lock_key_door  0x1               main.o
user_verify_state   0x1               main.o
adduser_state       0x1               main.o
add_drink_state     0x1               main.o
replace_drink_state
                    0x1               main.o
auto_lock_liquor_door
                    0x1               main.o
removeusers         0x1               main.o
pushed_key_ANP      0x1               main.o
main_menu_init      0x1               main.o
get_key_state       0x1               main.o
time_elapsed_state  0x1               main.o
get_drink_state     0x1               main.o
tmp_pressed_key     0x1               main.o
time_remaining_state
                    0x1               main.o
mainmenu_state      0x1               main.o

Discarded input sections

 .data          0x00000000        0x0 C:/Program Files (x86)/Atmel/Studio/7.0/Packs/atmel/ATmega_DFP/1.2.150/gcc/dev/atmega1284/avr51/crtatmega1284.o
 .bss           0x00000000        0x0 C:/Program Files (x86)/Atmel/Studio/7.0/Packs/atmel/ATmega_DFP/1.2.150/gcc/dev/atmega1284/avr51/crtatmega1284.o
 .text          0x00000000        0x0 croutine.o
 .data          0x00000000        0x0 croutine.o
 .bss           0x00000000        0x0 croutine.o
 .text.xCoRoutineCreate
                0x00000000       0xf0 croutine.o
 .text.vCoRoutineAddToDelayedList
                0x00000000       0x86 croutine.o
 .text.vCoRoutineSchedule
                0x00000000      0x274 croutine.o
 .text.xCoRoutineRemoveFromEventList
                0x00000000       0x4a croutine.o
 .bss.xPassedTicks
                0x00000000        0x2 croutine.o
 .bss.xLastTickCount
                0x00000000        0x2 croutine.o
 .bss.xCoRoutineTickCount
                0x00000000        0x2 croutine.o
 .bss.uxTopCoRoutineReadyPriority
                0x00000000        0x1 croutine.o
 .bss.pxCurrentCoRoutine
                0x00000000        0x2 croutine.o
 .bss.xPendingReadyCoRoutineList
                0x00000000        0x9 croutine.o
 .bss.pxOverflowDelayedCoRoutineList
                0x00000000        0x2 croutine.o
 .bss.pxDelayedCoRoutineList
                0x00000000        0x2 croutine.o
 .bss.xDelayedCoRoutineList2
                0x00000000        0x9 croutine.o
 .bss.xDelayedCoRoutineList1
                0x00000000        0x9 croutine.o
 .bss.pxReadyCoRoutineLists
                0x00000000       0x12 croutine.o
 .debug_info    0x00000000      0x778 croutine.o
 .debug_abbrev  0x00000000      0x220 croutine.o
 .debug_loc     0x00000000      0x3eb croutine.o
 .debug_aranges
                0x00000000       0x38 croutine.o
 .debug_ranges  0x00000000       0x28 croutine.o
 .debug_line    0x00000000      0x361 croutine.o
 .debug_str     0x00000000      0x537 croutine.o
 .comment       0x00000000       0x31 croutine.o
 .debug_frame   0x00000000       0xc0 croutine.o
 .text          0x00000000        0x0 heap_1.o
 .data          0x00000000        0x0 heap_1.o
 .bss           0x00000000        0x0 heap_1.o
 .text.vPortInitialiseBlocks
                0x00000000        0xa heap_1.o
 .text.xPortGetFreeHeapSize
                0x00000000       0x12 heap_1.o
 .text          0x00000000        0x0 list.o
 .data          0x00000000        0x0 list.o
 .bss           0x00000000        0x0 list.o
 .text          0x00000000        0x0 main.o
 .data          0x00000000        0x0 main.o
 .bss           0x00000000        0x0 main.o
 .text.SetBit   0x00000000       0x2a main.o
 .text.GetBit   0x00000000       0x10 main.o
 .text.key_scale_reader
                0x00000000        0x4 main.o
 .text.AddUser_Init
                0x00000000        0x6 main.o
 .text.RemoveUsers_Init
                0x00000000        0x6 main.o
 .text.AddDrink_Init
                0x00000000        0x6 main.o
 .text.replace_drink_success
                0x00000000       0x26 main.o
 .text.ReplaceDrink_Init
                0x00000000        0x6 main.o
 .text.UserVerify_Init
                0x00000000        0x6 main.o
 .text.GetDrink_Init
                0x00000000        0x6 main.o
 .text.GetKey_Init
                0x00000000        0x6 main.o
 .text.AutoLockLiquorDoor_Init
                0x00000000        0x6 main.o
 .text.AutoLockKeyDoor_Init
                0x00000000        0x6 main.o
 .text.TimeElapsed_Init
                0x00000000        0x6 main.o
 .text.TimeRemaining_Init
                0x00000000        0x6 main.o
 .text.TimeRemaining_Tick
                0x00000000       0x56 main.o
 .text.TimeRemainingTask
                0x00000000       0x12 main.o
 .text.TimeRemainingPulse
                0x00000000       0x40 main.o
 .rodata.female_constant
                0x00000000        0x4 main.o
 .rodata.male_constant
                0x00000000        0x4 main.o
 .bss.time_elapsed_flag
                0x00000000        0x1 main.o
 .text          0x00000000        0x0 nokia5110.o
 .data          0x00000000        0x0 nokia5110.o
 .bss           0x00000000        0x0 nokia5110.o
 .text.nokia_lcd_power
                0x00000000       0x10 nokia5110.o
 .text          0x00000000        0x0 port.o
 .data          0x00000000        0x0 port.o
 .bss           0x00000000        0x0 port.o
 .text.vPortEndScheduler
                0x00000000        0x2 port.o
 .text          0x00000000        0x0 queue.o
 .data          0x00000000        0x0 queue.o
 .bss           0x00000000        0x0 queue.o
 .text.prvCopyDataToQueue
                0x00000000       0x82 queue.o
 .text.prvCopyDataFromQueue
                0x00000000       0x34 queue.o
 .text.prvUnlockQueue
                0x00000000       0x94 queue.o
 .text.xQueueGenericReset
                0x00000000       0x78 queue.o
 .text.xQueueGenericCreate
                0x00000000       0x5c queue.o
 .text.xQueueGenericSend
                0x00000000      0x134 queue.o
 .text.xQueueGenericSendFromISR
                0x00000000       0x58 queue.o
 .text.xQueueGenericReceive
                0x00000000      0x158 queue.o
 .text.xQueueReceiveFromISR
                0x00000000       0x5a queue.o
 .text.uxQueueMessagesWaiting
                0x00000000       0x10 queue.o
 .text.uxQueueMessagesWaitingFromISR
                0x00000000        0x6 queue.o
 .text.vQueueDelete
                0x00000000       0x1a queue.o
 .text.xQueueIsQueueEmptyFromISR
                0x00000000        0xc queue.o
 .text.xQueueIsQueueFullFromISR
                0x00000000        0xe queue.o
 .text.xQueueCRSend
                0x00000000       0x74 queue.o
 .text.xQueueCRReceive
                0x00000000       0x94 queue.o
 .text.xQueueCRSendFromISR
                0x00000000       0x48 queue.o
 .text.xQueueCRReceiveFromISR
                0x00000000       0x82 queue.o
 .debug_info    0x00000000      0xf7e queue.o
 .debug_abbrev  0x00000000      0x1f2 queue.o
 .debug_loc     0x00000000     0x12e4 queue.o
 .debug_aranges
                0x00000000       0xa8 queue.o
 .debug_ranges  0x00000000       0x98 queue.o
 .debug_line    0x00000000      0x8ea queue.o
 .debug_str     0x00000000      0x6d2 queue.o
 .comment       0x00000000       0x31 queue.o
 .debug_frame   0x00000000      0x268 queue.o
 .text          0x00000000        0x0 tasks.o
 .data          0x00000000        0x0 tasks.o
 .bss           0x00000000        0x0 tasks.o
 .text.vTaskDelete
                0x00000000       0x92 tasks.o
 .text.vTaskEndScheduler
                0x00000000        0xc tasks.o
 .text.xTaskGetTickCount
                0x00000000       0x14 tasks.o
 .text.xTaskGetTickCountFromISR
                0x00000000        0xa tasks.o
 .text.uxTaskGetNumberOfTasks
                0x00000000        0x6 tasks.o
 .text.vTaskDelayUntil
                0x00000000       0x94 tasks.o
 .text.vTaskPlaceOnEventList
                0x00000000       0x3a tasks.o
 .text.xTaskRemoveFromEventList
                0x00000000       0x8a tasks.o
 .text.vTaskSetTimeOutState
                0x00000000       0x16 tasks.o
 .text.xTaskCheckForTimeOut
                0x00000000       0x6e tasks.o
 .text.vTaskMissedYield
                0x00000000        0x8 tasks.o
 .text          0x00000000        0x0 timers.o
 .data          0x00000000        0x0 timers.o
 .bss           0x00000000        0x0 timers.o
 .debug_info    0x00000000       0x6b timers.o
 .debug_abbrev  0x00000000       0x26 timers.o
 .debug_aranges
                0x00000000       0x18 timers.o
 .debug_line    0x00000000       0x1a timers.o
 .debug_str     0x00000000      0x18d timers.o
 .comment       0x00000000       0x31 timers.o
 .text          0x00000000        0x0 c:/program files (x86)/atmel/studio/7.0/toolchain/avr8/avr8-gnu-toolchain/bin/../lib/gcc/avr/5.4.0/../../../../avr/lib/avr51\libm.a(addsf3.o)
 .data          0x00000000        0x0 c:/program files (x86)/atmel/studio/7.0/toolchain/avr8/avr8-gnu-toolchain/bin/../lib/gcc/avr/5.4.0/../../../../avr/lib/avr51\libm.a(addsf3.o)
 .bss           0x00000000        0x0 c:/program files (x86)/atmel/studio/7.0/toolchain/avr8/avr8-gnu-toolchain/bin/../lib/gcc/avr/5.4.0/../../../../avr/lib/avr51\libm.a(addsf3.o)
 .text          0x00000000        0x0 c:/program files (x86)/atmel/studio/7.0/toolchain/avr8/avr8-gnu-toolchain/bin/../lib/gcc/avr/5.4.0/../../../../avr/lib/avr51\libm.a(addsf3x.o)
 .data          0x00000000        0x0 c:/program files (x86)/atmel/studio/7.0/toolchain/avr8/avr8-gnu-toolchain/bin/../lib/gcc/avr/5.4.0/../../../../avr/lib/avr51\libm.a(addsf3x.o)
 .bss           0x00000000        0x0 c:/program files (x86)/atmel/studio/7.0/toolchain/avr8/avr8-gnu-toolchain/bin/../lib/gcc/avr/5.4.0/../../../../avr/lib/avr51\libm.a(addsf3x.o)
 .text          0x00000000        0x0 c:/program files (x86)/atmel/studio/7.0/toolchain/avr8/avr8-gnu-toolchain/bin/../lib/gcc/avr/5.4.0/../../../../avr/lib/avr51\libm.a(divsf3.o)
 .data          0x00000000        0x0 c:/program files (x86)/atmel/studio/7.0/toolchain/avr8/avr8-gnu-toolchain/bin/../lib/gcc/avr/5.4.0/../../../../avr/lib/avr51\libm.a(divsf3.o)
 .bss           0x00000000        0x0 c:/program files (x86)/atmel/studio/7.0/toolchain/avr8/avr8-gnu-toolchain/bin/../lib/gcc/avr/5.4.0/../../../../avr/lib/avr51\libm.a(divsf3.o)
 .text          0x00000000        0x0 c:/program files (x86)/atmel/studio/7.0/toolchain/avr8/avr8-gnu-toolchain/bin/../lib/gcc/avr/5.4.0/../../../../avr/lib/avr51\libm.a(divsf3x.o)
 .data          0x00000000        0x0 c:/program files (x86)/atmel/studio/7.0/toolchain/avr8/avr8-gnu-toolchain/bin/../lib/gcc/avr/5.4.0/../../../../avr/lib/avr51\libm.a(divsf3x.o)
 .bss           0x00000000        0x0 c:/program files (x86)/atmel/studio/7.0/toolchain/avr8/avr8-gnu-toolchain/bin/../lib/gcc/avr/5.4.0/../../../../avr/lib/avr51\libm.a(divsf3x.o)
 .text          0x00000000        0x0 c:/program files (x86)/atmel/studio/7.0/toolchain/avr8/avr8-gnu-toolchain/bin/../lib/gcc/avr/5.4.0/../../../../avr/lib/avr51\libm.a(fixunssfsi.o)
 .data          0x00000000        0x0 c:/program files (x86)/atmel/studio/7.0/toolchain/avr8/avr8-gnu-toolchain/bin/../lib/gcc/avr/5.4.0/../../../../avr/lib/avr51\libm.a(fixunssfsi.o)
 .bss           0x00000000        0x0 c:/program files (x86)/atmel/studio/7.0/toolchain/avr8/avr8-gnu-toolchain/bin/../lib/gcc/avr/5.4.0/../../../../avr/lib/avr51\libm.a(fixunssfsi.o)
 .text          0x00000000        0x0 c:/program files (x86)/atmel/studio/7.0/toolchain/avr8/avr8-gnu-toolchain/bin/../lib/gcc/avr/5.4.0/../../../../avr/lib/avr51\libm.a(floatsisf.o)
 .data          0x00000000        0x0 c:/program files (x86)/atmel/studio/7.0/toolchain/avr8/avr8-gnu-toolchain/bin/../lib/gcc/avr/5.4.0/../../../../avr/lib/avr51\libm.a(floatsisf.o)
 .bss           0x00000000        0x0 c:/program files (x86)/atmel/studio/7.0/toolchain/avr8/avr8-gnu-toolchain/bin/../lib/gcc/avr/5.4.0/../../../../avr/lib/avr51\libm.a(floatsisf.o)
 .text          0x00000000        0x0 c:/program files (x86)/atmel/studio/7.0/toolchain/avr8/avr8-gnu-toolchain/bin/../lib/gcc/avr/5.4.0/../../../../avr/lib/avr51\libm.a(fp_inf.o)
 .data          0x00000000        0x0 c:/program files (x86)/atmel/studio/7.0/toolchain/avr8/avr8-gnu-toolchain/bin/../lib/gcc/avr/5.4.0/../../../../avr/lib/avr51\libm.a(fp_inf.o)
 .bss           0x00000000        0x0 c:/program files (x86)/atmel/studio/7.0/toolchain/avr8/avr8-gnu-toolchain/bin/../lib/gcc/avr/5.4.0/../../../../avr/lib/avr51\libm.a(fp_inf.o)
 .text          0x00000000        0x0 c:/program files (x86)/atmel/studio/7.0/toolchain/avr8/avr8-gnu-toolchain/bin/../lib/gcc/avr/5.4.0/../../../../avr/lib/avr51\libm.a(fp_nan.o)
 .data          0x00000000        0x0 c:/program files (x86)/atmel/studio/7.0/toolchain/avr8/avr8-gnu-toolchain/bin/../lib/gcc/avr/5.4.0/../../../../avr/lib/avr51\libm.a(fp_nan.o)
 .bss           0x00000000        0x0 c:/program files (x86)/atmel/studio/7.0/toolchain/avr8/avr8-gnu-toolchain/bin/../lib/gcc/avr/5.4.0/../../../../avr/lib/avr51\libm.a(fp_nan.o)
 .text          0x00000000        0x0 c:/program files (x86)/atmel/studio/7.0/toolchain/avr8/avr8-gnu-toolchain/bin/../lib/gcc/avr/5.4.0/../../../../avr/lib/avr51\libm.a(fp_pscA.o)
 .data          0x00000000        0x0 c:/program files (x86)/atmel/studio/7.0/toolchain/avr8/avr8-gnu-toolchain/bin/../lib/gcc/avr/5.4.0/../../../../avr/lib/avr51\libm.a(fp_pscA.o)
 .bss           0x00000000        0x0 c:/program files (x86)/atmel/studio/7.0/toolchain/avr8/avr8-gnu-toolchain/bin/../lib/gcc/avr/5.4.0/../../../../avr/lib/avr51\libm.a(fp_pscA.o)
 .text          0x00000000        0x0 c:/program files (x86)/atmel/studio/7.0/toolchain/avr8/avr8-gnu-toolchain/bin/../lib/gcc/avr/5.4.0/../../../../avr/lib/avr51\libm.a(fp_pscB.o)
 .data          0x00000000        0x0 c:/program files (x86)/atmel/studio/7.0/toolchain/avr8/avr8-gnu-toolchain/bin/../lib/gcc/avr/5.4.0/../../../../avr/lib/avr51\libm.a(fp_pscB.o)
 .bss           0x00000000        0x0 c:/program files (x86)/atmel/studio/7.0/toolchain/avr8/avr8-gnu-toolchain/bin/../lib/gcc/avr/5.4.0/../../../../avr/lib/avr51\libm.a(fp_pscB.o)
 .text          0x00000000        0x0 c:/program files (x86)/atmel/studio/7.0/toolchain/avr8/avr8-gnu-toolchain/bin/../lib/gcc/avr/5.4.0/../../../../avr/lib/avr51\libm.a(fp_round.o)
 .data          0x00000000        0x0 c:/program files (x86)/atmel/studio/7.0/toolchain/avr8/avr8-gnu-toolchain/bin/../lib/gcc/avr/5.4.0/../../../../avr/lib/avr51\libm.a(fp_round.o)
 .bss           0x00000000        0x0 c:/program files (x86)/atmel/studio/7.0/toolchain/avr8/avr8-gnu-toolchain/bin/../lib/gcc/avr/5.4.0/../../../../avr/lib/avr51\libm.a(fp_round.o)
 .text          0x00000000        0x0 c:/program files (x86)/atmel/studio/7.0/toolchain/avr8/avr8-gnu-toolchain/bin/../lib/gcc/avr/5.4.0/../../../../avr/lib/avr51\libm.a(fp_split3.o)
 .data          0x00000000        0x0 c:/program files (x86)/atmel/studio/7.0/toolchain/avr8/avr8-gnu-toolchain/bin/../lib/gcc/avr/5.4.0/../../../../avr/lib/avr51\libm.a(fp_split3.o)
 .bss           0x00000000        0x0 c:/program files (x86)/atmel/studio/7.0/toolchain/avr8/avr8-gnu-toolchain/bin/../lib/gcc/avr/5.4.0/../../../../avr/lib/avr51\libm.a(fp_split3.o)
 .text          0x00000000        0x0 c:/program files (x86)/atmel/studio/7.0/toolchain/avr8/avr8-gnu-toolchain/bin/../lib/gcc/avr/5.4.0/../../../../avr/lib/avr51\libm.a(fp_zero.o)
 .data          0x00000000        0x0 c:/program files (x86)/atmel/studio/7.0/toolchain/avr8/avr8-gnu-toolchain/bin/../lib/gcc/avr/5.4.0/../../../../avr/lib/avr51\libm.a(fp_zero.o)
 .bss           0x00000000        0x0 c:/program files (x86)/atmel/studio/7.0/toolchain/avr8/avr8-gnu-toolchain/bin/../lib/gcc/avr/5.4.0/../../../../avr/lib/avr51\libm.a(fp_zero.o)
 .text          0x00000000        0x0 c:/program files (x86)/atmel/studio/7.0/toolchain/avr8/avr8-gnu-toolchain/bin/../lib/gcc/avr/5.4.0/../../../../avr/lib/avr51\libm.a(gesf2.o)
 .data          0x00000000        0x0 c:/program files (x86)/atmel/studio/7.0/toolchain/avr8/avr8-gnu-toolchain/bin/../lib/gcc/avr/5.4.0/../../../../avr/lib/avr51\libm.a(gesf2.o)
 .bss           0x00000000        0x0 c:/program files (x86)/atmel/studio/7.0/toolchain/avr8/avr8-gnu-toolchain/bin/../lib/gcc/avr/5.4.0/../../../../avr/lib/avr51\libm.a(gesf2.o)
 .text          0x00000000        0x0 c:/program files (x86)/atmel/studio/7.0/toolchain/avr8/avr8-gnu-toolchain/bin/../lib/gcc/avr/5.4.0/../../../../avr/lib/avr51\libm.a(mulsf3.o)
 .data          0x00000000        0x0 c:/program files (x86)/atmel/studio/7.0/toolchain/avr8/avr8-gnu-toolchain/bin/../lib/gcc/avr/5.4.0/../../../../avr/lib/avr51\libm.a(mulsf3.o)
 .bss           0x00000000        0x0 c:/program files (x86)/atmel/studio/7.0/toolchain/avr8/avr8-gnu-toolchain/bin/../lib/gcc/avr/5.4.0/../../../../avr/lib/avr51\libm.a(mulsf3.o)
 .text          0x00000000        0x0 c:/program files (x86)/atmel/studio/7.0/toolchain/avr8/avr8-gnu-toolchain/bin/../lib/gcc/avr/5.4.0/../../../../avr/lib/avr51\libm.a(mulsf3x.o)
 .data          0x00000000        0x0 c:/program files (x86)/atmel/studio/7.0/toolchain/avr8/avr8-gnu-toolchain/bin/../lib/gcc/avr/5.4.0/../../../../avr/lib/avr51\libm.a(mulsf3x.o)
 .bss           0x00000000        0x0 c:/program files (x86)/atmel/studio/7.0/toolchain/avr8/avr8-gnu-toolchain/bin/../lib/gcc/avr/5.4.0/../../../../avr/lib/avr51\libm.a(mulsf3x.o)
 .text          0x00000000        0x0 c:/program files (x86)/atmel/studio/7.0/toolchain/avr8/avr8-gnu-toolchain/bin/../lib/gcc/avr/5.4.0/../../../../avr/lib/avr51\libm.a(fp_cmp.o)
 .data          0x00000000        0x0 c:/program files (x86)/atmel/studio/7.0/toolchain/avr8/avr8-gnu-toolchain/bin/../lib/gcc/avr/5.4.0/../../../../avr/lib/avr51\libm.a(fp_cmp.o)
 .bss           0x00000000        0x0 c:/program files (x86)/atmel/studio/7.0/toolchain/avr8/avr8-gnu-toolchain/bin/../lib/gcc/avr/5.4.0/../../../../avr/lib/avr51\libm.a(fp_cmp.o)
 .text          0x00000000        0x0 c:/program files (x86)/atmel/studio/7.0/toolchain/avr8/avr8-gnu-toolchain/bin/../lib/gcc/avr/5.4.0/avr51\libgcc.a(_udivmodqi4.o)
 .data          0x00000000        0x0 c:/program files (x86)/atmel/studio/7.0/toolchain/avr8/avr8-gnu-toolchain/bin/../lib/gcc/avr/5.4.0/avr51\libgcc.a(_udivmodqi4.o)
 .bss           0x00000000        0x0 c:/program files (x86)/atmel/studio/7.0/toolchain/avr8/avr8-gnu-toolchain/bin/../lib/gcc/avr/5.4.0/avr51\libgcc.a(_udivmodqi4.o)
 .text.libgcc.mul
                0x00000000        0x0 c:/program files (x86)/atmel/studio/7.0/toolchain/avr8/avr8-gnu-toolchain/bin/../lib/gcc/avr/5.4.0/avr51\libgcc.a(_udivmodqi4.o)
 .text.libgcc   0x00000000        0x0 c:/program files (x86)/atmel/studio/7.0/toolchain/avr8/avr8-gnu-toolchain/bin/../lib/gcc/avr/5.4.0/avr51\libgcc.a(_udivmodqi4.o)
 .text.libgcc.prologue
                0x00000000        0x0 c:/program files (x86)/atmel/studio/7.0/toolchain/avr8/avr8-gnu-toolchain/bin/../lib/gcc/avr/5.4.0/avr51\libgcc.a(_udivmodqi4.o)
 .text.libgcc.builtins
                0x00000000        0x0 c:/program files (x86)/atmel/studio/7.0/toolchain/avr8/avr8-gnu-toolchain/bin/../lib/gcc/avr/5.4.0/avr51\libgcc.a(_udivmodqi4.o)
 .text.libgcc.fmul
                0x00000000        0x0 c:/program files (x86)/atmel/studio/7.0/toolchain/avr8/avr8-gnu-toolchain/bin/../lib/gcc/avr/5.4.0/avr51\libgcc.a(_udivmodqi4.o)
 .text.libgcc.fixed
                0x00000000        0x0 c:/program files (x86)/atmel/studio/7.0/toolchain/avr8/avr8-gnu-toolchain/bin/../lib/gcc/avr/5.4.0/avr51\libgcc.a(_udivmodqi4.o)
 .text          0x00000000        0x0 c:/program files (x86)/atmel/studio/7.0/toolchain/avr8/avr8-gnu-toolchain/bin/../lib/gcc/avr/5.4.0/avr51\libgcc.a(_udivmodhi4.o)
 .data          0x00000000        0x0 c:/program files (x86)/atmel/studio/7.0/toolchain/avr8/avr8-gnu-toolchain/bin/../lib/gcc/avr/5.4.0/avr51\libgcc.a(_udivmodhi4.o)
 .bss           0x00000000        0x0 c:/program files (x86)/atmel/studio/7.0/toolchain/avr8/avr8-gnu-toolchain/bin/../lib/gcc/avr/5.4.0/avr51\libgcc.a(_udivmodhi4.o)
 .text.libgcc.mul
                0x00000000        0x0 c:/program files (x86)/atmel/studio/7.0/toolchain/avr8/avr8-gnu-toolchain/bin/../lib/gcc/avr/5.4.0/avr51\libgcc.a(_udivmodhi4.o)
 .text.libgcc   0x00000000        0x0 c:/program files (x86)/atmel/studio/7.0/toolchain/avr8/avr8-gnu-toolchain/bin/../lib/gcc/avr/5.4.0/avr51\libgcc.a(_udivmodhi4.o)
 .text.libgcc.prologue
                0x00000000        0x0 c:/program files (x86)/atmel/studio/7.0/toolchain/avr8/avr8-gnu-toolchain/bin/../lib/gcc/avr/5.4.0/avr51\libgcc.a(_udivmodhi4.o)
 .text.libgcc.builtins
                0x00000000        0x0 c:/program files (x86)/atmel/studio/7.0/toolchain/avr8/avr8-gnu-toolchain/bin/../lib/gcc/avr/5.4.0/avr51\libgcc.a(_udivmodhi4.o)
 .text.libgcc.fmul
                0x00000000        0x0 c:/program files (x86)/atmel/studio/7.0/toolchain/avr8/avr8-gnu-toolchain/bin/../lib/gcc/avr/5.4.0/avr51\libgcc.a(_udivmodhi4.o)
 .text.libgcc.fixed
                0x00000000        0x0 c:/program files (x86)/atmel/studio/7.0/toolchain/avr8/avr8-gnu-toolchain/bin/../lib/gcc/avr/5.4.0/avr51\libgcc.a(_udivmodhi4.o)
 .text          0x00000000        0x0 c:/program files (x86)/atmel/studio/7.0/toolchain/avr8/avr8-gnu-toolchain/bin/../lib/gcc/avr/5.4.0/avr51\libgcc.a(_exit.o)
 .data          0x00000000        0x0 c:/program files (x86)/atmel/studio/7.0/toolchain/avr8/avr8-gnu-toolchain/bin/../lib/gcc/avr/5.4.0/avr51\libgcc.a(_exit.o)
 .bss           0x00000000        0x0 c:/program files (x86)/atmel/studio/7.0/toolchain/avr8/avr8-gnu-toolchain/bin/../lib/gcc/avr/5.4.0/avr51\libgcc.a(_exit.o)
 .text.libgcc.mul
                0x00000000        0x0 c:/program files (x86)/atmel/studio/7.0/toolchain/avr8/avr8-gnu-toolchain/bin/../lib/gcc/avr/5.4.0/avr51\libgcc.a(_exit.o)
 .text.libgcc.div
                0x00000000        0x0 c:/program files (x86)/atmel/studio/7.0/toolchain/avr8/avr8-gnu-toolchain/bin/../lib/gcc/avr/5.4.0/avr51\libgcc.a(_exit.o)
 .text.libgcc   0x00000000        0x0 c:/program files (x86)/atmel/studio/7.0/toolchain/avr8/avr8-gnu-toolchain/bin/../lib/gcc/avr/5.4.0/avr51\libgcc.a(_exit.o)
 .text.libgcc.prologue
                0x00000000        0x0 c:/program files (x86)/atmel/studio/7.0/toolchain/avr8/avr8-gnu-toolchain/bin/../lib/gcc/avr/5.4.0/avr51\libgcc.a(_exit.o)
 .text.libgcc.builtins
                0x00000000        0x0 c:/program files (x86)/atmel/studio/7.0/toolchain/avr8/avr8-gnu-toolchain/bin/../lib/gcc/avr/5.4.0/avr51\libgcc.a(_exit.o)
 .text.libgcc.fmul
                0x00000000        0x0 c:/program files (x86)/atmel/studio/7.0/toolchain/avr8/avr8-gnu-toolchain/bin/../lib/gcc/avr/5.4.0/avr51\libgcc.a(_exit.o)
 .text.libgcc.fixed
                0x00000000        0x0 c:/program files (x86)/atmel/studio/7.0/toolchain/avr8/avr8-gnu-toolchain/bin/../lib/gcc/avr/5.4.0/avr51\libgcc.a(_exit.o)
 .text          0x00000000        0x0 c:/program files (x86)/atmel/studio/7.0/toolchain/avr8/avr8-gnu-toolchain/bin/../lib/gcc/avr/5.4.0/avr51\libgcc.a(_tablejump2.o)
 .data          0x00000000        0x0 c:/program files (x86)/atmel/studio/7.0/toolchain/avr8/avr8-gnu-toolchain/bin/../lib/gcc/avr/5.4.0/avr51\libgcc.a(_tablejump2.o)
 .bss           0x00000000        0x0 c:/program files (x86)/atmel/studio/7.0/toolchain/avr8/avr8-gnu-toolchain/bin/../lib/gcc/avr/5.4.0/avr51\libgcc.a(_tablejump2.o)
 .text.libgcc.mul
                0x00000000        0x0 c:/program files (x86)/atmel/studio/7.0/toolchain/avr8/avr8-gnu-toolchain/bin/../lib/gcc/avr/5.4.0/avr51\libgcc.a(_tablejump2.o)
 .text.libgcc.div
                0x00000000        0x0 c:/program files (x86)/atmel/studio/7.0/toolchain/avr8/avr8-gnu-toolchain/bin/../lib/gcc/avr/5.4.0/avr51\libgcc.a(_tablejump2.o)
 .text.libgcc.prologue
                0x00000000        0x0 c:/program files (x86)/atmel/studio/7.0/toolchain/avr8/avr8-gnu-toolchain/bin/../lib/gcc/avr/5.4.0/avr51\libgcc.a(_tablejump2.o)
 .text.libgcc.builtins
                0x00000000        0x0 c:/program files (x86)/atmel/studio/7.0/toolchain/avr8/avr8-gnu-toolchain/bin/../lib/gcc/avr/5.4.0/avr51\libgcc.a(_tablejump2.o)
 .text.libgcc.fmul
                0x00000000        0x0 c:/program files (x86)/atmel/studio/7.0/toolchain/avr8/avr8-gnu-toolchain/bin/../lib/gcc/avr/5.4.0/avr51\libgcc.a(_tablejump2.o)
 .text.libgcc.fixed
                0x00000000        0x0 c:/program files (x86)/atmel/studio/7.0/toolchain/avr8/avr8-gnu-toolchain/bin/../lib/gcc/avr/5.4.0/avr51\libgcc.a(_tablejump2.o)
 .text          0x00000000        0x0 c:/program files (x86)/atmel/studio/7.0/toolchain/avr8/avr8-gnu-toolchain/bin/../lib/gcc/avr/5.4.0/avr51\libgcc.a(_copy_data.o)
 .data          0x00000000        0x0 c:/program files (x86)/atmel/studio/7.0/toolchain/avr8/avr8-gnu-toolchain/bin/../lib/gcc/avr/5.4.0/avr51\libgcc.a(_copy_data.o)
 .bss           0x00000000        0x0 c:/program files (x86)/atmel/studio/7.0/toolchain/avr8/avr8-gnu-toolchain/bin/../lib/gcc/avr/5.4.0/avr51\libgcc.a(_copy_data.o)
 .text.libgcc.mul
                0x00000000        0x0 c:/program files (x86)/atmel/studio/7.0/toolchain/avr8/avr8-gnu-toolchain/bin/../lib/gcc/avr/5.4.0/avr51\libgcc.a(_copy_data.o)
 .text.libgcc.div
                0x00000000        0x0 c:/program files (x86)/atmel/studio/7.0/toolchain/avr8/avr8-gnu-toolchain/bin/../lib/gcc/avr/5.4.0/avr51\libgcc.a(_copy_data.o)
 .text.libgcc   0x00000000        0x0 c:/program files (x86)/atmel/studio/7.0/toolchain/avr8/avr8-gnu-toolchain/bin/../lib/gcc/avr/5.4.0/avr51\libgcc.a(_copy_data.o)
 .text.libgcc.prologue
                0x00000000        0x0 c:/program files (x86)/atmel/studio/7.0/toolchain/avr8/avr8-gnu-toolchain/bin/../lib/gcc/avr/5.4.0/avr51\libgcc.a(_copy_data.o)
 .text.libgcc.builtins
                0x00000000        0x0 c:/program files (x86)/atmel/studio/7.0/toolchain/avr8/avr8-gnu-toolchain/bin/../lib/gcc/avr/5.4.0/avr51\libgcc.a(_copy_data.o)
 .text.libgcc.fmul
                0x00000000        0x0 c:/program files (x86)/atmel/studio/7.0/toolchain/avr8/avr8-gnu-toolchain/bin/../lib/gcc/avr/5.4.0/avr51\libgcc.a(_copy_data.o)
 .text.libgcc.fixed
                0x00000000        0x0 c:/program files (x86)/atmel/studio/7.0/toolchain/avr8/avr8-gnu-toolchain/bin/../lib/gcc/avr/5.4.0/avr51\libgcc.a(_copy_data.o)
 .text          0x00000000        0x0 c:/program files (x86)/atmel/studio/7.0/toolchain/avr8/avr8-gnu-toolchain/bin/../lib/gcc/avr/5.4.0/avr51\libgcc.a(_clear_bss.o)
 .data          0x00000000        0x0 c:/program files (x86)/atmel/studio/7.0/toolchain/avr8/avr8-gnu-toolchain/bin/../lib/gcc/avr/5.4.0/avr51\libgcc.a(_clear_bss.o)
 .bss           0x00000000        0x0 c:/program files (x86)/atmel/studio/7.0/toolchain/avr8/avr8-gnu-toolchain/bin/../lib/gcc/avr/5.4.0/avr51\libgcc.a(_clear_bss.o)
 .text.libgcc.mul
                0x00000000        0x0 c:/program files (x86)/atmel/studio/7.0/toolchain/avr8/avr8-gnu-toolchain/bin/../lib/gcc/avr/5.4.0/avr51\libgcc.a(_clear_bss.o)
 .text.libgcc.div
                0x00000000        0x0 c:/program files (x86)/atmel/studio/7.0/toolchain/avr8/avr8-gnu-toolchain/bin/../lib/gcc/avr/5.4.0/avr51\libgcc.a(_clear_bss.o)
 .text.libgcc   0x00000000        0x0 c:/program files (x86)/atmel/studio/7.0/toolchain/avr8/avr8-gnu-toolchain/bin/../lib/gcc/avr/5.4.0/avr51\libgcc.a(_clear_bss.o)
 .text.libgcc.prologue
                0x00000000        0x0 c:/program files (x86)/atmel/studio/7.0/toolchain/avr8/avr8-gnu-toolchain/bin/../lib/gcc/avr/5.4.0/avr51\libgcc.a(_clear_bss.o)
 .text.libgcc.builtins
                0x00000000        0x0 c:/program files (x86)/atmel/studio/7.0/toolchain/avr8/avr8-gnu-toolchain/bin/../lib/gcc/avr/5.4.0/avr51\libgcc.a(_clear_bss.o)
 .text.libgcc.fmul
                0x00000000        0x0 c:/program files (x86)/atmel/studio/7.0/toolchain/avr8/avr8-gnu-toolchain/bin/../lib/gcc/avr/5.4.0/avr51\libgcc.a(_clear_bss.o)
 .text.libgcc.fixed
                0x00000000        0x0 c:/program files (x86)/atmel/studio/7.0/toolchain/avr8/avr8-gnu-toolchain/bin/../lib/gcc/avr/5.4.0/avr51\libgcc.a(_clear_bss.o)
 .text          0x00000000        0x0 c:/program files (x86)/atmel/studio/7.0/toolchain/avr8/avr8-gnu-toolchain/bin/../lib/gcc/avr/5.4.0/avr51\libgcc.a(_umulhisi3.o)
 .data          0x00000000        0x0 c:/program files (x86)/atmel/studio/7.0/toolchain/avr8/avr8-gnu-toolchain/bin/../lib/gcc/avr/5.4.0/avr51\libgcc.a(_umulhisi3.o)
 .bss           0x00000000        0x0 c:/program files (x86)/atmel/studio/7.0/toolchain/avr8/avr8-gnu-toolchain/bin/../lib/gcc/avr/5.4.0/avr51\libgcc.a(_umulhisi3.o)
 .text.libgcc.div
                0x00000000        0x0 c:/program files (x86)/atmel/studio/7.0/toolchain/avr8/avr8-gnu-toolchain/bin/../lib/gcc/avr/5.4.0/avr51\libgcc.a(_umulhisi3.o)
 .text.libgcc   0x00000000        0x0 c:/program files (x86)/atmel/studio/7.0/toolchain/avr8/avr8-gnu-toolchain/bin/../lib/gcc/avr/5.4.0/avr51\libgcc.a(_umulhisi3.o)
 .text.libgcc.prologue
                0x00000000        0x0 c:/program files (x86)/atmel/studio/7.0/toolchain/avr8/avr8-gnu-toolchain/bin/../lib/gcc/avr/5.4.0/avr51\libgcc.a(_umulhisi3.o)
 .text.libgcc.builtins
                0x00000000        0x0 c:/program files (x86)/atmel/studio/7.0/toolchain/avr8/avr8-gnu-toolchain/bin/../lib/gcc/avr/5.4.0/avr51\libgcc.a(_umulhisi3.o)
 .text.libgcc.fmul
                0x00000000        0x0 c:/program files (x86)/atmel/studio/7.0/toolchain/avr8/avr8-gnu-toolchain/bin/../lib/gcc/avr/5.4.0/avr51\libgcc.a(_umulhisi3.o)
 .text.libgcc.fixed
                0x00000000        0x0 c:/program files (x86)/atmel/studio/7.0/toolchain/avr8/avr8-gnu-toolchain/bin/../lib/gcc/avr/5.4.0/avr51\libgcc.a(_umulhisi3.o)
 .text          0x00000000        0x0 c:/program files (x86)/atmel/studio/7.0/toolchain/avr8/avr8-gnu-toolchain/bin/../lib/gcc/avr/5.4.0/../../../../avr/lib/avr51\libc.a(memcpy.o)
 .data          0x00000000        0x0 c:/program files (x86)/atmel/studio/7.0/toolchain/avr8/avr8-gnu-toolchain/bin/../lib/gcc/avr/5.4.0/../../../../avr/lib/avr51\libc.a(memcpy.o)
 .bss           0x00000000        0x0 c:/program files (x86)/atmel/studio/7.0/toolchain/avr8/avr8-gnu-toolchain/bin/../lib/gcc/avr/5.4.0/../../../../avr/lib/avr51\libc.a(memcpy.o)
 .text.avr-libc
                0x00000000       0x12 c:/program files (x86)/atmel/studio/7.0/toolchain/avr8/avr8-gnu-toolchain/bin/../lib/gcc/avr/5.4.0/../../../../avr/lib/avr51\libc.a(memcpy.o)
 .text          0x00000000        0x0 c:/program files (x86)/atmel/studio/7.0/toolchain/avr8/avr8-gnu-toolchain/bin/../lib/gcc/avr/5.4.0/../../../../avr/lib/avr51\libc.a(memset.o)
 .data          0x00000000        0x0 c:/program files (x86)/atmel/studio/7.0/toolchain/avr8/avr8-gnu-toolchain/bin/../lib/gcc/avr/5.4.0/../../../../avr/lib/avr51\libc.a(memset.o)
 .bss           0x00000000        0x0 c:/program files (x86)/atmel/studio/7.0/toolchain/avr8/avr8-gnu-toolchain/bin/../lib/gcc/avr/5.4.0/../../../../avr/lib/avr51\libc.a(memset.o)
 .text          0x00000000        0x0 c:/program files (x86)/atmel/studio/7.0/toolchain/avr8/avr8-gnu-toolchain/bin/../lib/gcc/avr/5.4.0/../../../../avr/lib/avr51\libc.a(strncpy.o)
 .data          0x00000000        0x0 c:/program files (x86)/atmel/studio/7.0/toolchain/avr8/avr8-gnu-toolchain/bin/../lib/gcc/avr/5.4.0/../../../../avr/lib/avr51\libc.a(strncpy.o)
 .bss           0x00000000        0x0 c:/program files (x86)/atmel/studio/7.0/toolchain/avr8/avr8-gnu-toolchain/bin/../lib/gcc/avr/5.4.0/../../../../avr/lib/avr51\libc.a(strncpy.o)

Memory Configuration

Name             Origin             Length             Attributes
text             0x00000000         0x00020000         xr
data             0x00800100         0x0000ff00         rw !x
eeprom           0x00810000         0x00010000         rw !x
fuse             0x00820000         0x00000003         rw !x
lock             0x00830000         0x00000400         rw !x
signature        0x00840000         0x00000400         rw !x
user_signatures  0x00850000         0x00000400         rw !x
*default*        0x00000000         0xffffffff

Linker script and memory map

Address of section .data set to 0x800100
LOAD C:/Program Files (x86)/Atmel/Studio/7.0/Packs/atmel/ATmega_DFP/1.2.150/gcc/dev/atmega1284/avr51/crtatmega1284.o
LOAD croutine.o
LOAD heap_1.o
LOAD list.o
LOAD main.o
LOAD nokia5110.o
LOAD port.o
LOAD queue.o
LOAD tasks.o
LOAD timers.o
START GROUP
LOAD c:/program files (x86)/atmel/studio/7.0/toolchain/avr8/avr8-gnu-toolchain/bin/../lib/gcc/avr/5.4.0/../../../../avr/lib/avr51\libm.a
END GROUP
START GROUP
LOAD c:/program files (x86)/atmel/studio/7.0/toolchain/avr8/avr8-gnu-toolchain/bin/../lib/gcc/avr/5.4.0/avr51\libgcc.a
LOAD c:/program files (x86)/atmel/studio/7.0/toolchain/avr8/avr8-gnu-toolchain/bin/../lib/gcc/avr/5.4.0/../../../../avr/lib/avr51\libm.a
LOAD c:/program files (x86)/atmel/studio/7.0/toolchain/avr8/avr8-gnu-toolchain/bin/../lib/gcc/avr/5.4.0/../../../../avr/lib/avr51\libc.a
LOAD C:/Program Files (x86)/Atmel/Studio/7.0/Packs/atmel/ATmega_DFP/1.2.150/gcc/dev/atmega1284/avr51\libatmega1284.a
END GROUP
                0x00020000                __TEXT_REGION_LENGTH__ = DEFINED (__TEXT_REGION_LENGTH__)?__TEXT_REGION_LENGTH__:0x20000
                0x0000ff00                __DATA_REGION_LENGTH__ = DEFINED (__DATA_REGION_LENGTH__)?__DATA_REGION_LENGTH__:0xff00
                0x00010000                __EEPROM_REGION_LENGTH__ = DEFINED (__EEPROM_REGION_LENGTH__)?__EEPROM_REGION_LENGTH__:0x10000
                [0x00000003]                __FUSE_REGION_LENGTH__ = DEFINED (__FUSE_REGION_LENGTH__)?__FUSE_REGION_LENGTH__:0x400
                0x00000400                __LOCK_REGION_LENGTH__ = DEFINED (__LOCK_REGION_LENGTH__)?__LOCK_REGION_LENGTH__:0x400
                0x00000400                __SIGNATURE_REGION_LENGTH__ = DEFINED (__SIGNATURE_REGION_LENGTH__)?__SIGNATURE_REGION_LENGTH__:0x400
                0x00000400                __USER_SIGNATURE_REGION_LENGTH__ = DEFINED (__USER_SIGNATURE_REGION_LENGTH__)?__USER_SIGNATURE_REGION_LENGTH__:0x400

.hash
 *(.hash)

.dynsym
 *(.dynsym)

.dynstr
 *(.dynstr)

.gnu.version
 *(.gnu.version)

.gnu.version_d
 *(.gnu.version_d)

.gnu.version_r
 *(.gnu.version_r)

.rel.init
 *(.rel.init)

.rela.init
 *(.rela.init)

.rel.text
 *(.rel.text)
 *(.rel.text.*)
 *(.rel.gnu.linkonce.t*)

.rela.text
 *(.rela.text)
 *(.rela.text.*)
 *(.rela.gnu.linkonce.t*)

.rel.fini
 *(.rel.fini)

.rela.fini
 *(.rela.fini)

.rel.rodata
 *(.rel.rodata)
 *(.rel.rodata.*)
 *(.rel.gnu.linkonce.r*)

.rela.rodata
 *(.rela.rodata)
 *(.rela.rodata.*)
 *(.rela.gnu.linkonce.r*)

.rel.data
 *(.rel.data)
 *(.rel.data.*)
 *(.rel.gnu.linkonce.d*)

.rela.data
 *(.rela.data)
 *(.rela.data.*)
 *(.rela.gnu.linkonce.d*)

.rel.ctors
 *(.rel.ctors)

.rela.ctors
 *(.rela.ctors)

.rel.dtors
 *(.rel.dtors)

.rela.dtors
 *(.rela.dtors)

.rel.got
 *(.rel.got)

.rela.got
 *(.rela.got)

.rel.bss
 *(.rel.bss)

.rela.bss
 *(.rela.bss)

.rel.plt
 *(.rel.plt)

.rela.plt
 *(.rela.plt)

.text           0x00000000     0x5182
 *(.vectors)
 .vectors       0x00000000       0x8c C:/Program Files (x86)/Atmel/Studio/7.0/Packs/atmel/ATmega_DFP/1.2.150/gcc/dev/atmega1284/avr51/crtatmega1284.o
                0x00000000                __vector_default
                0x00000000                __vectors
 *(.vectors)
 *(.progmem.gcc*)
 .progmem.gcc_sw_table.MainMenu_Tick
                0x0000008c       0x2e main.o
 .progmem.gcc_sw_table.AddUser_Tick
                0x000000ba       0x46 main.o
 .progmem.gcc_sw_table.AddDrink_Tick
                0x00000100       0x24 main.o
 .progmem.gcc_sw_table.GetDrink_Tick
                0x00000124        0xe main.o
 .progmem.gcc_sw_table.GetKey_Tick
                0x00000132       0x10 main.o
                0x00000142                . = ALIGN (0x2)
                0x00000142                __trampolines_start = .
 *(.trampolines)
 .trampolines   0x00000142        0x0 linker stubs
 *(.trampolines*)
                0x00000142                __trampolines_end = .
 *libprintf_flt.a:*(.progmem.data)
 *libc.a:*(.progmem.data)
 *(.progmem*)
 .progmem.data.CHARSET
                0x00000142      0x1e0 nokia5110.o
                0x00000142                CHARSET
                0x00000322                . = ALIGN (0x2)
 *(.jumptables)
 *(.jumptables*)
 *(.lowtext)
 *(.lowtext*)
                0x00000322                __ctors_start = .
 *(.ctors)
                0x00000322                __ctors_end = .
                0x00000322                __dtors_start = .
 *(.dtors)
                0x00000322                __dtors_end = .
 SORT(*)(.ctors)
 SORT(*)(.dtors)
 *(.init0)
 .init0         0x00000322        0x0 C:/Program Files (x86)/Atmel/Studio/7.0/Packs/atmel/ATmega_DFP/1.2.150/gcc/dev/atmega1284/avr51/crtatmega1284.o
                0x00000322                __init
 *(.init0)
 *(.init1)
 *(.init1)
 *(.init2)
 .init2         0x00000322        0xc C:/Program Files (x86)/Atmel/Studio/7.0/Packs/atmel/ATmega_DFP/1.2.150/gcc/dev/atmega1284/avr51/crtatmega1284.o
 *(.init2)
 *(.init3)
 *(.init3)
 *(.init4)
 .init4         0x0000032e       0x1a c:/program files (x86)/atmel/studio/7.0/toolchain/avr8/avr8-gnu-toolchain/bin/../lib/gcc/avr/5.4.0/avr51\libgcc.a(_copy_data.o)
                0x0000032e                __do_copy_data
 .init4         0x00000348       0x10 c:/program files (x86)/atmel/studio/7.0/toolchain/avr8/avr8-gnu-toolchain/bin/../lib/gcc/avr/5.4.0/avr51\libgcc.a(_clear_bss.o)
                0x00000348                __do_clear_bss
 *(.init4)
 *(.init5)
 *(.init5)
 *(.init6)
 *(.init6)
 *(.init7)
 *(.init7)
 *(.init8)
 *(.init8)
 *(.init9)
 .init9         0x00000358        0x8 C:/Program Files (x86)/Atmel/Studio/7.0/Packs/atmel/ATmega_DFP/1.2.150/gcc/dev/atmega1284/avr51/crtatmega1284.o
 *(.init9)
 *(.text)
 .text          0x00000360        0x2 C:/Program Files (x86)/Atmel/Studio/7.0/Packs/atmel/ATmega_DFP/1.2.150/gcc/dev/atmega1284/avr51/crtatmega1284.o
                0x00000360                __vector_22
                0x00000360                __vector_28
                0x00000360                __vector_1
                0x00000360                __vector_32
                0x00000360                __vector_34
                0x00000360                __vector_24
                0x00000360                __vector_12
                0x00000360                __bad_interrupt
                0x00000360                __vector_6
                0x00000360                __vector_31
                0x00000360                __vector_3
                0x00000360                __vector_23
                0x00000360                __vector_30
                0x00000360                __vector_25
                0x00000360                __vector_11
                0x00000360                __vector_17
                0x00000360                __vector_19
                0x00000360                __vector_7
                0x00000360                __vector_27
                0x00000360                __vector_5
                0x00000360                __vector_33
                0x00000360                __vector_4
                0x00000360                __vector_9
                0x00000360                __vector_2
                0x00000360                __vector_21
                0x00000360                __vector_15
                0x00000360                __vector_29
                0x00000360                __vector_8
                0x00000360                __vector_26
                0x00000360                __vector_14
                0x00000360                __vector_10
                0x00000360                __vector_16
                0x00000360                __vector_18
                0x00000360                __vector_20
                0x00000362                . = ALIGN (0x2)
 *(.text.*)
 .text.pvPortMalloc
                0x00000362       0x4c heap_1.o
                0x00000362                pvPortMalloc
 .text.vPortFree
                0x000003ae        0x2 heap_1.o
                0x000003ae                vPortFree
 .text.vListInitialise
                0x000003b0       0x1c list.o
                0x000003b0                vListInitialise
 .text.vListInitialiseItem
                0x000003cc        0x8 list.o
                0x000003cc                vListInitialiseItem
 .text.vListInsertEnd
                0x000003d4       0x4e list.o
                0x000003d4                vListInsertEnd
 .text.vListInsert
                0x00000422       0x76 list.o
                0x00000422                vListInsert
 .text.vListRemove
                0x00000498       0x4c list.o
                0x00000498                vListRemove
 .text.main_menu_display
                0x000004e4       0x4a main.o
                0x000004e4                main_menu_display
 .text.settings_submenu_display
                0x0000052e       0x4a main.o
                0x0000052e                settings_submenu_display
 .text.drinks_submenu_display
                0x00000578       0x5c main.o
                0x00000578                drinks_submenu_display
 .text.user_submenu_display
                0x000005d4       0x4a main.o
                0x000005d4                user_submenu_display
 .text.adduser_name_display
                0x0000061e       0x2e main.o
                0x0000061e                adduser_name_display
 .text.GetKeypadKey
                0x0000064c       0xca main.o
                0x0000064c                GetKeypadKey
 .text.add_drink_display
                0x00000716       0x5c main.o
                0x00000716                add_drink_display
 .text.add_drink_volume_display
                0x00000772       0x26 main.o
                0x00000772                add_drink_volume_display
 .text.add_drink_ac_display
                0x00000798       0x26 main.o
                0x00000798                add_drink_ac_display
 .text.add_drink_variable_reset
                0x000007be       0x18 main.o
                0x000007be                add_drink_variable_reset
 .text.removeusers_intro
                0x000007d6      0x192 main.o
                0x000007d6                removeusers_intro
 .text.AlphaNumPad
                0x00000968      0x1b6 main.o
                0x00000968                AlphaNumPad
 .text.alcohol_scale_reader
                0x00000b1e       0x18 main.o
                0x00000b1e                alcohol_scale_reader
 .text.MainMenu_Init
                0x00000b36        0x8 main.o
                0x00000b36                MainMenu_Init
 .text.MainMenu_Tick
                0x00000b3e      0x386 main.o
                0x00000b3e                MainMenu_Tick
 .text.MainMenuTask
                0x00000ec4        0xe main.o
                0x00000ec4                MainMenuTask
 .text.MainMenuPulse
                0x00000ed2       0x40 main.o
                0x00000ed2                MainMenuPulse
 .text.password_verification
                0x00000f12       0x32 main.o
                0x00000f12                password_verification
 .text.AddUser_Tick
                0x00000f44      0xcd8 main.o
                0x00000f44                AddUser_Tick
 .text.AddUserTask
                0x00001c1c       0x10 main.o
                0x00001c1c                AddUserTask
 .text.AddUserPulse
                0x00001c2c       0x40 main.o
                0x00001c2c                AddUserPulse
 .text.swap_users
                0x00001c6c      0x116 main.o
                0x00001c6c                swap_users
 .text.remove_password_verification
                0x00001d82       0x4a main.o
                0x00001d82                remove_password_verification
 .text.RemoveUsers_Tick
                0x00001dcc      0x628 main.o
                0x00001dcc                RemoveUsers_Tick
 .text.RemoveUsersTask
                0x000023f4       0x10 main.o
                0x000023f4                RemoveUsersTask
 .text.RemoveUsersPulse
                0x00002404       0x40 main.o
                0x00002404                RemoveUsersPulse
 .text.AddDrink_Tick
                0x00002444      0xb24 main.o
                0x00002444                AddDrink_Tick
 .text.AddDrinkTask
                0x00002f68       0x10 main.o
                0x00002f68                AddDrinkTask
 .text.AddDrinkPulse
                0x00002f78       0x40 main.o
                0x00002f78                AddDrinkPulse
 .text.replace_drink_error
                0x00002fb8       0x14 main.o
                0x00002fb8                replace_drink_error
 .text.ReplaceDrink_Tick
                0x00002fcc      0x124 main.o
                0x00002fcc                ReplaceDrink_Tick
 .text.ReplaceDrinkTask
                0x000030f0        0x8 main.o
                0x000030f0                ReplaceDrinkTask
 .text.ReplaceDrinkPulse
                0x000030f8       0x40 main.o
                0x000030f8                ReplaceDrinkPulse
 .text.UserVerify_Tick
                0x00003138      0x3b6 main.o
                0x00003138                UserVerify_Tick
 .text.UserVerifyTask
                0x000034ee       0x10 main.o
                0x000034ee                UserVerifyTask
 .text.UserVerifyPulse
                0x000034fe       0x40 main.o
                0x000034fe                UserVerifyPulse
 .text.GetDrink_Tick
                0x0000353e      0x2f0 main.o
                0x0000353e                GetDrink_Tick
 .text.GetDrinkTask
                0x0000382e       0x10 main.o
                0x0000382e                GetDrinkTask
 .text.GetDrinkPulse
                0x0000383e       0x3e main.o
                0x0000383e                GetDrinkPulse
 .text.GetKey_Tick
                0x0000387c      0x524 main.o
                0x0000387c                GetKey_Tick
 .text.GetKeyTask
                0x00003da0        0xe main.o
                0x00003da0                GetKeyTask
 .text.GetKeyPulse
                0x00003dae       0x3e main.o
                0x00003dae                GetKeyPulse
 .text.AutoLockLiquorDoor_Tick
                0x00003dec       0x6c main.o
                0x00003dec                AutoLockLiquorDoor_Tick
 .text.AutoLockLiquorDoorTask
                0x00003e58        0xe main.o
                0x00003e58                AutoLockLiquorDoorTask
 .text.AutoLockLiquorDoorPulse
                0x00003e66       0x3e main.o
                0x00003e66                AutoLockLiquorDoorPulse
 .text.AutoLockKeyDoor_Tick
                0x00003ea4       0x6c main.o
                0x00003ea4                AutoLockKeyDoor_Tick
 .text.AutoLockKeyDoorTask
                0x00003f10        0xe main.o
                0x00003f10                AutoLockKeyDoorTask
 .text.AutoLockKeyDoorPulse
                0x00003f1e       0x3e main.o
                0x00003f1e                AutoLockKeyDoorPulse
 .text.TimeElapsed_Tick
                0x00003f5c       0x5a main.o
                0x00003f5c                TimeElapsed_Tick
 .text.TimeElapsedTask
                0x00003fb6        0xe main.o
                0x00003fb6                TimeElapsedTask
 .text.TimeElapsedPulse
                0x00003fc4       0x3e main.o
                0x00003fc4                TimeElapsedPulse
 .text.main     0x00004002       0x54 main.o
                0x00004002                main
 .text.write    0x00004056       0x3c nokia5110.o
 .text.write_cmd
                0x00004092        0x6 nokia5110.o
 .text.nokia_lcd_init
                0x00004098       0x6c nokia5110.o
                0x00004098                nokia_lcd_init
 .text.nokia_lcd_clear
                0x00004104       0x22 nokia5110.o
                0x00004104                nokia_lcd_clear
 .text.nokia_lcd_set_pixel
                0x00004126       0x56 nokia5110.o
                0x00004126                nokia_lcd_set_pixel
 .text.nokia_lcd_write_char
                0x0000417c      0x154 nokia5110.o
                0x0000417c                nokia_lcd_write_char
 .text.nokia_lcd_write_string
                0x000042d0       0x24 nokia5110.o
                0x000042d0                nokia_lcd_write_string
 .text.nokia_lcd_set_cursor
                0x000042f4        0xa nokia5110.o
                0x000042f4                nokia_lcd_set_cursor
 .text.nokia_lcd_render
                0x000042fe       0x2e nokia5110.o
                0x000042fe                nokia_lcd_render
 .text.pxPortInitialiseStack
                0x0000432c       0xd8 port.o
                0x0000432c                pxPortInitialiseStack
 .text.xPortStartScheduler
                0x00004404       0x74 port.o
                0x00004404                xPortStartScheduler
 .text.vPortYield
                0x00004478       0xb0 port.o
                0x00004478                vPortYield
 .text.vPortYieldFromTick
                0x00004528       0xb2 port.o
                0x00004528                vPortYieldFromTick
 .text.__vector_13
                0x000045da        0x4 port.o
                0x000045da                __vector_13
 .text.prvAddCurrentTaskToDelayedList
                0x000045de       0x6e tasks.o
 .text.xTaskGenericCreate
                0x0000464c      0x202 tasks.o
                0x0000464c                xTaskGenericCreate
 .text.vTaskStartScheduler
                0x0000484e       0x52 tasks.o
                0x0000484e                vTaskStartScheduler
 .text.vTaskSuspendAll
                0x000048a0        0xc tasks.o
                0x000048a0                vTaskSuspendAll
 .text.vTaskIncrementTick
                0x000048ac      0x188 tasks.o
                0x000048ac                vTaskIncrementTick
 .text.xTaskResumeAll
                0x00004a34      0x108 tasks.o
                0x00004a34                xTaskResumeAll
 .text.vTaskDelay
                0x00004b3c       0x38 tasks.o
                0x00004b3c                vTaskDelay
 .text.prvIdleTask
                0x00004b74       0x72 tasks.o
 .text.vTaskSwitchContext
                0x00004be6       0xd8 tasks.o
                0x00004be6                vTaskSwitchContext
 .text.avr-libc.fplib
                0x00004cbe        0xa c:/program files (x86)/atmel/studio/7.0/toolchain/avr8/avr8-gnu-toolchain/bin/../lib/gcc/avr/5.4.0/../../../../avr/lib/avr51\libm.a(addsf3.o)
                0x00004cbe                __subsf3
                0x00004cc0                __addsf3
 .text.avr-libc.fplib
                0x00004cc8       0xc0 c:/program files (x86)/atmel/studio/7.0/toolchain/avr8/avr8-gnu-toolchain/bin/../lib/gcc/avr/5.4.0/../../../../avr/lib/avr51\libm.a(addsf3x.o)
                0x00004ce2                __addsf3x
 .text.avr-libc.fplib
                0x00004d88        0x4 c:/program files (x86)/atmel/studio/7.0/toolchain/avr8/avr8-gnu-toolchain/bin/../lib/gcc/avr/5.4.0/../../../../avr/lib/avr51\libm.a(divsf3.o)
                0x00004d88                __divsf3
 .text.avr-libc.fplib
                0x00004d8c       0xcc c:/program files (x86)/atmel/studio/7.0/toolchain/avr8/avr8-gnu-toolchain/bin/../lib/gcc/avr/5.4.0/../../../../avr/lib/avr51\libm.a(divsf3x.o)
                0x00004da2                __divsf3x
                0x00004da6                __divsf3_pse
 .text.avr-libc.fplib
                0x00004e58       0x58 c:/program files (x86)/atmel/studio/7.0/toolchain/avr8/avr8-gnu-toolchain/bin/../lib/gcc/avr/5.4.0/../../../../avr/lib/avr51\libm.a(fixunssfsi.o)
                0x00004e58                __fixunssfsi
 .text.avr-libc.fplib
                0x00004eb0       0x7a c:/program files (x86)/atmel/studio/7.0/toolchain/avr8/avr8-gnu-toolchain/bin/../lib/gcc/avr/5.4.0/../../../../avr/lib/avr51\libm.a(floatsisf.o)
                0x00004eb0                __floatunsisf
                0x00004eb4                __floatsisf
 .text.avr-libc.fplib
                0x00004f2a        0xc c:/program files (x86)/atmel/studio/7.0/toolchain/avr8/avr8-gnu-toolchain/bin/../lib/gcc/avr/5.4.0/../../../../avr/lib/avr51\libm.a(fp_inf.o)
                0x00004f2a                __fp_inf
 .text.avr-libc.fplib
                0x00004f36        0x6 c:/program files (x86)/atmel/studio/7.0/toolchain/avr8/avr8-gnu-toolchain/bin/../lib/gcc/avr/5.4.0/../../../../avr/lib/avr51\libm.a(fp_nan.o)
                0x00004f36                __fp_nan
 .text.avr-libc.fplib
                0x00004f3c        0xe c:/program files (x86)/atmel/studio/7.0/toolchain/avr8/avr8-gnu-toolchain/bin/../lib/gcc/avr/5.4.0/../../../../avr/lib/avr51\libm.a(fp_pscA.o)
                0x00004f3c                __fp_pscA
 .text.avr-libc.fplib
                0x00004f4a        0xe c:/program files (x86)/atmel/studio/7.0/toolchain/avr8/avr8-gnu-toolchain/bin/../lib/gcc/avr/5.4.0/../../../../avr/lib/avr51\libm.a(fp_pscB.o)
                0x00004f4a                __fp_pscB
 .text.avr-libc.fplib
                0x00004f58       0x22 c:/program files (x86)/atmel/studio/7.0/toolchain/avr8/avr8-gnu-toolchain/bin/../lib/gcc/avr/5.4.0/../../../../avr/lib/avr51\libm.a(fp_round.o)
                0x00004f58                __fp_round
 .text.avr-libc.fplib
                0x00004f7a       0x44 c:/program files (x86)/atmel/studio/7.0/toolchain/avr8/avr8-gnu-toolchain/bin/../lib/gcc/avr/5.4.0/../../../../avr/lib/avr51\libm.a(fp_split3.o)
                0x00004f7a                __fp_split3
                0x00004f8a                __fp_splitA
 .text.avr-libc.fplib
                0x00004fbe        0xe c:/program files (x86)/atmel/studio/7.0/toolchain/avr8/avr8-gnu-toolchain/bin/../lib/gcc/avr/5.4.0/../../../../avr/lib/avr51\libm.a(fp_zero.o)
                0x00004fbe                __fp_zero
                0x00004fc0                __fp_szero
 .text.avr-libc.fplib
                0x00004fcc        0x8 c:/program files (x86)/atmel/studio/7.0/toolchain/avr8/avr8-gnu-toolchain/bin/../lib/gcc/avr/5.4.0/../../../../avr/lib/avr51\libm.a(gesf2.o)
                0x00004fcc                __gesf2
                0x00004fcc                __gtsf2
 .text.avr-libc.fplib
                0x00004fd4        0x4 c:/program files (x86)/atmel/studio/7.0/toolchain/avr8/avr8-gnu-toolchain/bin/../lib/gcc/avr/5.4.0/../../../../avr/lib/avr51\libm.a(mulsf3.o)
                0x00004fd4                __mulsf3
 .text.avr-libc.fplib
                0x00004fd8       0xc2 c:/program files (x86)/atmel/studio/7.0/toolchain/avr8/avr8-gnu-toolchain/bin/../lib/gcc/avr/5.4.0/../../../../avr/lib/avr51\libm.a(mulsf3x.o)
                0x00004fec                __mulsf3x
                0x00004ff0                __mulsf3_pse
 .text.avr-libc.fplib
                0x0000509a       0x48 c:/program files (x86)/atmel/studio/7.0/toolchain/avr8/avr8-gnu-toolchain/bin/../lib/gcc/avr/5.4.0/../../../../avr/lib/avr51\libm.a(fp_cmp.o)
                0x0000509a                __fp_cmp
 .text.libgcc.div
                0x000050e2       0x18 c:/program files (x86)/atmel/studio/7.0/toolchain/avr8/avr8-gnu-toolchain/bin/../lib/gcc/avr/5.4.0/avr51\libgcc.a(_udivmodqi4.o)
                0x000050e2                __udivmodqi4
 .text.libgcc.div
                0x000050fa       0x28 c:/program files (x86)/atmel/studio/7.0/toolchain/avr8/avr8-gnu-toolchain/bin/../lib/gcc/avr/5.4.0/avr51\libgcc.a(_udivmodhi4.o)
                0x000050fa                __udivmodhi4
 .text.libgcc   0x00005122       0x12 c:/program files (x86)/atmel/studio/7.0/toolchain/avr8/avr8-gnu-toolchain/bin/../lib/gcc/avr/5.4.0/avr51\libgcc.a(_tablejump2.o)
                0x00005122                __tablejump2__
 .text.libgcc.mul
                0x00005134       0x1e c:/program files (x86)/atmel/studio/7.0/toolchain/avr8/avr8-gnu-toolchain/bin/../lib/gcc/avr/5.4.0/avr51\libgcc.a(_umulhisi3.o)
                0x00005134                __umulhisi3
 .text.avr-libc
                0x00005152        0xe c:/program files (x86)/atmel/studio/7.0/toolchain/avr8/avr8-gnu-toolchain/bin/../lib/gcc/avr/5.4.0/../../../../avr/lib/avr51\libc.a(memset.o)
                0x00005152                memset
 .text.avr-libc
                0x00005160       0x1e c:/program files (x86)/atmel/studio/7.0/toolchain/avr8/avr8-gnu-toolchain/bin/../lib/gcc/avr/5.4.0/../../../../avr/lib/avr51\libc.a(strncpy.o)
                0x00005160                strncpy
                0x0000517e                . = ALIGN (0x2)
 *(.fini9)
 .fini9         0x0000517e        0x0 c:/program files (x86)/atmel/studio/7.0/toolchain/avr8/avr8-gnu-toolchain/bin/../lib/gcc/avr/5.4.0/avr51\libgcc.a(_exit.o)
                0x0000517e                _exit
                0x0000517e                exit
 *(.fini9)
 *(.fini8)
 *(.fini8)
 *(.fini7)
 *(.fini7)
 *(.fini6)
 *(.fini6)
 *(.fini5)
 *(.fini5)
 *(.fini4)
 *(.fini4)
 *(.fini3)
 *(.fini3)
 *(.fini2)
 *(.fini2)
 *(.fini1)
 *(.fini1)
 *(.fini0)
 .fini0         0x0000517e        0x4 c:/program files (x86)/atmel/studio/7.0/toolchain/avr8/avr8-gnu-toolchain/bin/../lib/gcc/avr/5.4.0/avr51\libgcc.a(_exit.o)
 *(.fini0)
                0x00005182                _etext = .

.data           0x00800100      0x610 load address 0x00005182
                0x00800100                PROVIDE (__data_start, .)
 *(.data)
 *(.data*)
 .data.correct_key
                0x00800100        0x1 main.o
                0x00800100                correct_key
 .data.user_to_remove
                0x00800101        0x1 main.o
                0x00800101                user_to_remove
 .data.weight_output
                0x00800102        0x5 main.o
                0x00800102                weight_output
 .data.user_name
                0x00800107        0xe main.o
                0x00800107                user_name
 .data.pound    0x00800115        0x4 main.o
                0x00800115                pound
 .data.star     0x00800119        0x4 main.o
                0x00800119                star
 .data.zero     0x0080011d        0x4 main.o
                0x0080011d                zero
 .data.nine     0x00800121        0x4 main.o
                0x00800121                nine
 .data.eight    0x00800125        0x4 main.o
                0x00800125                eight
 .data.seven    0x00800129        0x4 main.o
                0x00800129                seven
 .data.six      0x0080012d        0x4 main.o
                0x0080012d                six
 .data.five     0x00800131        0x4 main.o
                0x00800131                five
 .data.four     0x00800135        0x4 main.o
                0x00800135                four
 .data.three    0x00800139        0x4 main.o
                0x00800139                three
 .data.two      0x0080013d        0x4 main.o
                0x0080013d                two
 .data.one      0x00800141        0x4 main.o
                0x00800141                one
 .data.number_output
                0x00800145        0x5 main.o
                0x00800145                number_output
 .data.drink_names
                0x0080014a        0xc main.o
                0x0080014a                drink_names
 .data.List_of_Users
                0x00800156       0x6c main.o
                0x00800156                List_of_Users
 .data.current_user
                0x008001c2        0x1 main.o
                0x008001c2                current_user
 .data.xNextTaskUnblockTime
                0x008001c3        0x2 tasks.o
 *(.gnu.linkonce.d*)
 *(.rodata)
 *(.rodata*)
 .rodata.str1.1
                0x008001c5      0x546 main.o
                                0x5b1 (size before relaxing)
 .rodata.str1.1
                0x0080070b        0x5 tasks.o
 *(.gnu.linkonce.r*)
                0x00800710                . = ALIGN (0x2)
                0x00800710                _edata = .
                0x00800710                PROVIDE (__data_end, .)

.bss            0x00800710      0x89c
                0x00800710                PROVIDE (__bss_start, .)
 *(.bss)
 *(.bss*)
 .bss.xNextFreeByte
                0x00800710        0x2 heap_1.o
 .bss.xHeap     0x00800712      0x5dc heap_1.o
 .bss.key_door_counter
                0x00800cee        0x2 main.o
                0x00800cee                key_door_counter
 .bss.liquor_door_counter
                0x00800cf0        0x2 main.o
                0x00800cf0                liquor_door_counter
 .bss.amount_alcohol_consumed
                0x00800cf2        0x1 main.o
                0x00800cf2                amount_alcohol_consumed
 .bss.gk_prev_select
                0x00800cf3        0x1 main.o
                0x00800cf3                gk_prev_select
 .bss.gk_selection
                0x00800cf4        0x1 main.o
                0x00800cf4                gk_selection
 .bss.gd_prev_select
                0x00800cf5        0x1 main.o
                0x00800cf5                gd_prev_select
 .bss.gd_selection
                0x00800cf6        0x1 main.o
                0x00800cf6                gd_selection
 .bss.uv_password_fails
                0x00800cf7        0x1 main.o
                0x00800cf7                uv_password_fails
 .bss.uv_prev_select
                0x00800cf8        0x1 main.o
                0x00800cf8                uv_prev_select
 .bss.uv_selection
                0x00800cf9        0x1 main.o
                0x00800cf9                uv_selection
 .bss.temporary_password
                0x00800cfa        0x9 main.o
                0x00800cfa                temporary_password
 .bss.removeuser_password_fails
                0x00800d03        0x1 main.o
                0x00800d03                removeuser_password_fails
 .bss.removeuser_prev_selection
                0x00800d04        0x1 main.o
                0x00800d04                removeuser_prev_selection
 .bss.removeuser_selection
                0x00800d05        0x1 main.o
                0x00800d05                removeuser_selection
 .bss.adding_user_finished
                0x00800d06        0x1 main.o
                0x00800d06                adding_user_finished
 .bss.password_attempt_fails
                0x00800d07        0x1 main.o
                0x00800d07                password_attempt_fails
 .bss.previous_character
                0x00800d08        0x1 main.o
                0x00800d08                previous_character
 .bss.keypad_character
                0x00800d09        0x1 main.o
                0x00800d09                keypad_character
 .bss.password_size
                0x00800d0a        0x1 main.o
                0x00800d0a                password_size
 .bss.user_compare_password
                0x00800d0b        0x9 main.o
                0x00800d0b                user_compare_password
 .bss.user_password
                0x00800d14        0x9 main.o
                0x00800d14                user_password
 .bss.user_key  0x00800d1d        0x1 main.o
                0x00800d1d                user_key
 .bss.user_gender
                0x00800d1e        0x1 main.o
                0x00800d1e                user_gender
 .bss.user_weight
                0x00800d1f        0x2 main.o
                0x00800d1f                user_weight
 .bss.user_name_size
                0x00800d21        0x1 main.o
                0x00800d21                user_name_size
 .bss.auto_timer
                0x00800d22        0x4 main.o
                0x00800d22                auto_timer
 .bss.num_times_key_pushed
                0x00800d26        0x2 main.o
                0x00800d26                num_times_key_pushed
 .bss.previous_key_ANP
                0x00800d28        0x1 main.o
                0x00800d28                previous_key_ANP
 .bss.replace_drink_flag
                0x00800d29        0x1 main.o
                0x00800d29                replace_drink_flag
 .bss.drink_alcohol_content
                0x00800d2a        0x1 main.o
                0x00800d2a                drink_alcohol_content
 .bss.volume_of_drink
                0x00800d2b        0x2 main.o
                0x00800d2b                volume_of_drink
 .bss.type_of_drink
                0x00800d2d        0x1 main.o
                0x00800d2d                type_of_drink
 .bss.add_drink_prev_select
                0x00800d2e        0x1 main.o
                0x00800d2e                add_drink_prev_select
 .bss.add_drink_selection
                0x00800d2f        0x1 main.o
                0x00800d2f                add_drink_selection
 .bss.add_drink_flag
                0x00800d30        0x1 main.o
                0x00800d30                add_drink_flag
 .bss.keys_have_been_deposited
                0x00800d31        0x1 main.o
                0x00800d31                keys_have_been_deposited
 .bss.drink_has_been_removed
                0x00800d32        0x1 main.o
                0x00800d32                drink_has_been_removed
 .bss.key_door_sensor
                0x00800d33        0x1 main.o
                0x00800d33                key_door_sensor
 .bss.key_door_signal
                0x00800d34        0x1 main.o
                0x00800d34                key_door_signal
 .bss.liquor_door_sensor
                0x00800d35        0x1 main.o
                0x00800d35                liquor_door_sensor
 .bss.liquor_door_signal
                0x00800d36        0x1 main.o
                0x00800d36                liquor_door_signal
 .bss.time_remaining_counter
                0x00800d37        0x2 main.o
                0x00800d37                time_remaining_counter
 .bss.time_elapsed_counter
                0x00800d39        0x2 main.o
                0x00800d39                time_elapsed_counter
 .bss.timer_is_on
                0x00800d3b        0x1 main.o
                0x00800d3b                timer_is_on
 .bss.number_of_users
                0x00800d3c        0x1 main.o
                0x00800d3c                number_of_users
 .bss.correct_user_credentials
                0x00800d3d        0x1 main.o
                0x00800d3d                correct_user_credentials
 .bss.get_key_flag
                0x00800d3e        0x1 main.o
                0x00800d3e                get_key_flag
 .bss.get_drink_flag
                0x00800d3f        0x1 main.o
                0x00800d3f                get_drink_flag
 .bss.user_verify_flag
                0x00800d40        0x1 main.o
                0x00800d40                user_verify_flag
 .bss.removeusers_flag
                0x00800d41        0x1 main.o
                0x00800d41                removeusers_flag
 .bss.adding_user_flag
                0x00800d42        0x1 main.o
                0x00800d42                adding_user_flag
 .bss.user_menu_selection
                0x00800d43        0x1 main.o
                0x00800d43                user_menu_selection
 .bss.drink_menu_selection
                0x00800d44        0x1 main.o
                0x00800d44                drink_menu_selection
 .bss.settings_menu_selection
                0x00800d45        0x1 main.o
                0x00800d45                settings_menu_selection
 .bss.temp_menu_selection
                0x00800d46        0x1 main.o
                0x00800d46                temp_menu_selection
 .bss.main_menu_selection
                0x00800d47        0x1 main.o
                0x00800d47                main_menu_selection
 .bss.nokia_lcd
                0x00800d48      0x1fa nokia5110.o
 .bss.uxTaskNumber
                0x00800f42        0x1 tasks.o
 .bss.xNumOfOverflows
                0x00800f43        0x1 tasks.o
 .bss.xMissedYield
                0x00800f44        0x1 tasks.o
 .bss.uxMissedTicks
                0x00800f45        0x1 tasks.o
 .bss.uxSchedulerSuspended
                0x00800f46        0x1 tasks.o
 .bss.xSchedulerRunning
                0x00800f47        0x1 tasks.o
 .bss.uxTopReadyPriority
                0x00800f48        0x1 tasks.o
 .bss.uxTopUsedPriority
                0x00800f49        0x1 tasks.o
 .bss.xTickCount
                0x00800f4a        0x2 tasks.o
 .bss.uxCurrentNumberOfTasks
                0x00800f4c        0x1 tasks.o
 .bss.uxTasksDeleted
                0x00800f4d        0x1 tasks.o
 .bss.xTasksWaitingTermination
                0x00800f4e        0x9 tasks.o
 .bss.xPendingReadyList
                0x00800f57        0x9 tasks.o
 .bss.pxOverflowDelayedTaskList
                0x00800f60        0x2 tasks.o
 .bss.pxDelayedTaskList
                0x00800f62        0x2 tasks.o
 .bss.xDelayedTaskList2
                0x00800f64        0x9 tasks.o
 .bss.xDelayedTaskList1
                0x00800f6d        0x9 tasks.o
 .bss.pxReadyTasksLists
                0x00800f76       0x24 tasks.o
 .bss.pxCurrentTCB
                0x00800f9a        0x2 tasks.o
                0x00800f9a                pxCurrentTCB
 *(COMMON)
 COMMON         0x00800f9c       0x10 main.o
                0x00800f9c                system_init
                0x00800f9d                auto_lock_key_door
                0x00800f9e                user_verify_state
                0x00800f9f                adduser_state
                0x00800fa0                add_drink_state
                0x00800fa1                replace_drink_state
                0x00800fa2                auto_lock_liquor_door
                0x00800fa3                removeusers
                0x00800fa4                pushed_key_ANP
                0x00800fa5                main_menu_init
                0x00800fa6                get_key_state
                0x00800fa7                time_elapsed_state
                0x00800fa8                get_drink_state
                0x00800fa9                tmp_pressed_key
                0x00800faa                time_remaining_state
                0x00800fab                mainmenu_state
                0x00800fac                PROVIDE (__bss_end, .)
                0x00005182                __data_load_start = LOADADDR (.data)
                0x00005792                __data_load_end = (__data_load_start + SIZEOF (.data))

.noinit         0x00800fac        0x0
                [!provide]                PROVIDE (__noinit_start, .)
 *(.noinit*)
                [!provide]                PROVIDE (__noinit_end, .)
                0x00800fac                _end = .
                [!provide]                PROVIDE (__heap_start, .)

.eeprom         0x00810000        0x0
 *(.eeprom*)
                0x00810000                __eeprom_end = .

.fuse
 *(.fuse)
 *(.lfuse)
 *(.hfuse)
 *(.efuse)

.lock
 *(.lock*)

.signature
 *(.signature*)

.user_signatures
 *(.user_signatures*)

.stab
 *(.stab)

.stabstr
 *(.stabstr)

.stab.excl
 *(.stab.excl)

.stab.exclstr
 *(.stab.exclstr)

.stab.index
 *(.stab.index)

.stab.indexstr
 *(.stab.indexstr)

.comment        0x00000000       0x30
 *(.comment)
 .comment       0x00000000       0x30 heap_1.o
                                 0x31 (size before relaxing)
 .comment       0x00000030       0x31 list.o
 .comment       0x00000030       0x31 main.o
 .comment       0x00000030       0x31 nokia5110.o
 .comment       0x00000030       0x31 port.o
 .comment       0x00000030       0x31 tasks.o

.note.gnu.avr.deviceinfo
                0x00000000       0x40
 .note.gnu.avr.deviceinfo
                0x00000000       0x40 C:/Program Files (x86)/Atmel/Studio/7.0/Packs/atmel/ATmega_DFP/1.2.150/gcc/dev/atmega1284/avr51/crtatmega1284.o

.note.gnu.build-id
 *(.note.gnu.build-id)

.debug
 *(.debug)

.line
 *(.line)

.debug_srcinfo
 *(.debug_srcinfo)

.debug_sfnames
 *(.debug_sfnames)

.debug_aranges  0x00000000      0x428
 *(.debug_aranges)
 .debug_aranges
                0x00000000       0x38 heap_1.o
 .debug_aranges
                0x00000038       0x40 list.o
 .debug_aranges
                0x00000078      0x248 main.o
 .debug_aranges
                0x000002c0       0x68 nokia5110.o
 .debug_aranges
                0x00000328       0x48 port.o
 .debug_aranges
                0x00000370       0xb8 tasks.o

.debug_pubnames
 *(.debug_pubnames)

.debug_info     0x00000000     0x8d41
 *(.debug_info .gnu.linkonce.wi.*)
 .debug_info    0x00000000      0x792 C:/Program Files (x86)/Atmel/Studio/7.0/Packs/atmel/ATmega_DFP/1.2.150/gcc/dev/atmega1284/avr51/crtatmega1284.o
 .debug_info    0x00000792      0x1a7 heap_1.o
 .debug_info    0x00000939      0x2c1 list.o
 .debug_info    0x00000bfa     0x67c9 main.o
 .debug_info    0x000073c3      0x5ea nokia5110.o
 .debug_info    0x000079ad      0x23e port.o
 .debug_info    0x00007beb     0x1156 tasks.o

.debug_abbrev   0x00000000     0x12fd
 *(.debug_abbrev)
 .debug_abbrev  0x00000000      0x729 C:/Program Files (x86)/Atmel/Studio/7.0/Packs/atmel/ATmega_DFP/1.2.150/gcc/dev/atmega1284/avr51/crtatmega1284.o
 .debug_abbrev  0x00000729      0x136 heap_1.o
 .debug_abbrev  0x0000085f       0xf6 list.o
 .debug_abbrev  0x00000955      0x3b5 main.o
 .debug_abbrev  0x00000d0a      0x1e6 nokia5110.o
 .debug_abbrev  0x00000ef0      0x155 port.o
 .debug_abbrev  0x00001045      0x2b8 tasks.o

.debug_line     0x00000000     0x4b81
 *(.debug_line .debug_line.* .debug_line_end)
 .debug_line    0x00000000      0x169 C:/Program Files (x86)/Atmel/Studio/7.0/Packs/atmel/ATmega_DFP/1.2.150/gcc/dev/atmega1284/avr51/crtatmega1284.o
 .debug_line    0x00000169      0x18a heap_1.o
 .debug_line    0x000002f3      0x221 list.o
 .debug_line    0x00000514     0x364c main.o
 .debug_line    0x00003b60      0x3dd nokia5110.o
 .debug_line    0x00003f3d      0x340 port.o
 .debug_line    0x0000427d      0x904 tasks.o

.debug_frame    0x00000000      0xc10
 *(.debug_frame)
 .debug_frame   0x00000000       0x60 heap_1.o
 .debug_frame   0x00000060       0x7c list.o
 .debug_frame   0x000000dc      0x720 main.o
 .debug_frame   0x000007fc      0x130 nokia5110.o
 .debug_frame   0x0000092c       0x74 port.o
 .debug_frame   0x000009a0      0x270 tasks.o

.debug_str      0x00000000     0x1d1b
 *(.debug_str)
 .debug_str     0x00000000      0x296 C:/Program Files (x86)/Atmel/Studio/7.0/Packs/atmel/ATmega_DFP/1.2.150/gcc/dev/atmega1284/avr51/crtatmega1284.o
 .debug_str     0x00000296      0x1ff heap_1.o
                                0x238 (size before relaxing)
 .debug_str     0x00000495      0x137 list.o
                                0x2a0 (size before relaxing)
 .debug_str     0x000005cc     0x107b main.o
                               0x126b (size before relaxing)
 .debug_str     0x00001647       0xb1 nokia5110.o
                                0x2ef (size before relaxing)
 .debug_str     0x000016f8      0x10a port.o
                                0x29e (size before relaxing)
 .debug_str     0x00001802      0x519 tasks.o
                                0x898 (size before relaxing)

.debug_loc      0x00000000     0x4146
 *(.debug_loc)
 .debug_loc     0x00000000       0xf1 heap_1.o
 .debug_loc     0x000000f1       0xfe list.o
 .debug_loc     0x000001ef     0x2adb main.o
 .debug_loc     0x00002cca      0x559 nokia5110.o
 .debug_loc     0x00003223      0x2a0 port.o
 .debug_loc     0x000034c3      0xc83 tasks.o

.debug_macinfo
 *(.debug_macinfo)

.debug_weaknames
 *(.debug_weaknames)

.debug_funcnames
 *(.debug_funcnames)

.debug_typenames
 *(.debug_typenames)

.debug_varnames
 *(.debug_varnames)

.debug_pubtypes
 *(.debug_pubtypes)

.debug_ranges   0x00000000      0x460
 *(.debug_ranges)
 .debug_ranges  0x00000000       0x28 heap_1.o
 .debug_ranges  0x00000028       0x30 list.o
 .debug_ranges  0x00000058      0x268 main.o
 .debug_ranges  0x000002c0       0x78 nokia5110.o
 .debug_ranges  0x00000338       0x38 port.o
 .debug_ranges  0x00000370       0xf0 tasks.o

.debug_macro
 *(.debug_macro)
OUTPUT(MainMenu.elf elf32-avr)
LOAD linker stubs
